2026-01-09 23:48:58 - graph_service - INFO - graph_service.py:46 - æ£€æµ‹åˆ°é»˜è®¤æ•°æ®åº“æ–‡ä»¶ï¼Œæ­£åœ¨åŠ è½½: D:\CourseResources\3s\CoRe\Personal-GUI-Agent\graphrag\backend\data\graph_database.pkl
2026-01-09 23:48:58 - simplegraph - INFO - simplegraph.py:403 - ä»æ–‡ä»¶åŠ è½½ Graph: D:\CourseResources\3s\CoRe\Personal-GUI-Agent\graphrag\backend\data\graph_database.pkl
2026-01-09 23:48:58 - simplegraph - INFO - simplegraph.py:99 - ============================================================
2026-01-09 23:48:58 - simplegraph - INFO - simplegraph.py:100 - åˆå§‹åŒ– SimpleGraph
2026-01-09 23:48:58 - simplegraph - INFO - simplegraph.py:101 - ============================================================
2026-01-09 23:48:58 - simplegraph - INFO - simplegraph.py:110 - åˆå§‹åŒ– LLM å®¢æˆ·ç«¯...
2026-01-09 23:48:59 - simplegraph - INFO - simplegraph.py:121 - LLM å®¢æˆ·ç«¯åˆå§‹åŒ–å®Œæˆ (verbose=False)
2026-01-09 23:48:59 - simplegraph - INFO - simplegraph.py:124 - åŠ è½½é¢„å®šä¹‰ System...
2026-01-09 23:48:59 - simplegraph - INFO - simplegraph.py:126 - System åŠ è½½å®Œæˆ: 13 ä¸ªç±»
2026-01-09 23:48:59 - simplegraph - INFO - simplegraph.py:129 - Graph åˆ›å»ºå®Œæˆ: 5 ä¸ªå®ä½“ï¼ˆå«é¢„å®šä¹‰ï¼‰
2026-01-09 23:48:59 - src.combiners.smart_merger - INFO - smart_merger.py:94 - å·²åŠ è½½æ™ºèƒ½åˆå¹¶æç¤ºè¯: D:\CourseResources\3s\CoRe\Personal-GUI-Agent\graphrag\simple_graphrag\config\prompts\smart_merge.txt
2026-01-09 23:48:59 - simplegraph - INFO - simplegraph.py:145 - æ™ºèƒ½åˆå¹¶å™¨åˆå§‹åŒ–å®Œæˆ (enable_smart_merge=True)
2026-01-09 23:48:59 - simplegraph - INFO - simplegraph.py:158 - SimpleGraph åˆå§‹åŒ–å®Œæˆ
2026-01-09 23:48:59 - simplegraph - INFO - simplegraph.py:159 - ============================================================
2026-01-09 23:48:59 - simplegraph - INFO - simplegraph.py:417 - Graph åŠ è½½æˆåŠŸ: 5 ä¸ªå®ä½“, 0 ä¸ªå…³ç³»
2026-01-09 23:48:59 - simplegraph - INFO - simplegraph.py:193 - å¯åŠ¨ 3 ä¸ªæå–workerså’Œ1ä¸ªåˆå¹¶worker...
2026-01-09 23:48:59 - simplegraph - INFO - simplegraph.py:204 - ä»»åŠ¡å¤„ç†å™¨å¯åŠ¨å®Œæˆ
2026-01-09 23:48:59 - graph_service - INFO - graph_service.py:57 - å·²ä»é»˜è®¤æ•°æ®åº“åŠ è½½: 5 ä¸ªå®ä½“
2026-01-09 23:48:59 - src.search.search_engine - INFO - search_engine.py:204 - æœç´¢å¼•æ“åˆå§‹åŒ–å®Œæˆ
2026-01-09 23:48:59 - graph_service - INFO - graph_service.py:79 - SimpleGraph service initialized and started.
2026-01-09 23:48:59 - simplegraph - INFO - simplegraph.py:838 - Worker 0 å¯åŠ¨
2026-01-09 23:48:59 - simplegraph - INFO - simplegraph.py:838 - Worker 1 å¯åŠ¨
2026-01-09 23:48:59 - simplegraph - INFO - simplegraph.py:838 - Worker 2 å¯åŠ¨
2026-01-09 23:48:59 - simplegraph - INFO - simplegraph.py:914 - Merge Worker å¯åŠ¨ï¼ˆä¸²è¡Œå¤„ç†ï¼‰
2026-01-09 23:49:05 - simplegraph - INFO - simplegraph.py:258 - ä»»åŠ¡å·²æäº¤: 9c16dcdb...
2026-01-09 23:49:05 - simplegraph - INFO - simplegraph.py:848 - Worker 0 å¼€å§‹å¤„ç†ä»»åŠ¡: 9c16dcdb...
2026-01-09 23:49:05 - simplegraph - INFO - simplegraph.py:479 - å¼€å§‹æ‰§è¡Œä»»åŠ¡: 9c16dcdb-c212-4fdc-aa37-2c3ba042ab31
2026-01-09 23:49:05 - simplegraph - INFO - simplegraph.py:503 - [ä»»åŠ¡ 9c16dcdb] ğŸ”§ å¼€å§‹Systemæ›´æ–°é˜¶æ®µ
2026-01-09 23:49:05 - simplegraph - INFO - simplegraph.py:504 - [ä»»åŠ¡ 9c16dcdb] è¾“å…¥æ–‡æœ¬: æˆ‘çš„å¾®ä¿¡ä¸­æœ‰è¿™äº›è”ç³»äººï¼Œå°æ˜ï¼Œå°æ¢…ï¼Œå°å¼ ...
2026-01-09 23:49:08 - simplegraph - INFO - simplegraph.py:542 - [ä»»åŠ¡ 9c16dcdb] âœ“ Systemæ— éœ€æ›´æ–°ï¼Œç°æœ‰ç±»å®šä¹‰å·²è¶³å¤Ÿ
2026-01-09 23:49:08 - simplegraph - INFO - simplegraph.py:663 - [ä»»åŠ¡ 9c16dcdb] ğŸ” å¼€å§‹å®ä½“å’Œå…³ç³»æå–é˜¶æ®µ
2026-01-09 23:49:21 - simplegraph - INFO - simplegraph.py:1276 - å¼€å§‹æ£€æŸ¥å’Œä¼˜åŒ–æå–ç»“æœï¼ˆå¼‚æ­¥ï¼‰...
2026-01-09 23:49:40 - simplegraph - INFO - simplegraph.py:1281 - æ£€æŸ¥ä¼˜åŒ–å®Œæˆ
2026-01-09 23:49:40 - src.extractors.extractor - INFO - extractor.py:329 - å››æ­¥è§£æå®Œæˆ: 5 ä¸ªå®ä½“, 14 ä¸ªå…³ç³»
2026-01-09 23:49:40 - simplegraph - INFO - simplegraph.py:1245 - æå–å®Œæˆ: 5 ä¸ªå®ä½“, 14 ä¸ªå…³ç³»
2026-01-09 23:49:40 - simplegraph - INFO - simplegraph.py:677 - [ä»»åŠ¡ 9c16dcdb] âœ… æå–å®Œæˆ:
2026-01-09 23:49:40 - simplegraph - INFO - simplegraph.py:678 -   ğŸ“¦ æå–åˆ° 5 ä¸ªå®ä½“:
2026-01-09 23:49:40 - simplegraph - INFO - simplegraph.py:681 -      â€¢ æˆ‘ [ç”¨æˆ·]
2026-01-09 23:49:40 - simplegraph - INFO - simplegraph.py:682 -        æè¿°: ç”¨æˆ·æœ¬äºº
2026-01-09 23:49:40 - simplegraph - INFO - simplegraph.py:681 -      â€¢ å¾®ä¿¡ [å¯å¯åŠ¨åº”ç”¨, äº¤æµå¹³å°]
2026-01-09 23:49:40 - simplegraph - INFO - simplegraph.py:682 -        æè¿°: ä¸€ä¸ªå³æ—¶é€šè®¯åº”ç”¨
2026-01-09 23:49:40 - simplegraph - INFO - simplegraph.py:681 -      â€¢ å°æ˜ [å¯è”ç³»äºº]
2026-01-09 23:49:40 - simplegraph - INFO - simplegraph.py:682 -        æè¿°: ä¸€ä¸ªå…·ä½“çš„äºº
2026-01-09 23:49:40 - simplegraph - INFO - simplegraph.py:681 -      â€¢ å°æ¢… [å¯è”ç³»äºº]
2026-01-09 23:49:40 - simplegraph - INFO - simplegraph.py:682 -        æè¿°: ä¸€ä¸ªå…·ä½“çš„äºº
2026-01-09 23:49:40 - simplegraph - INFO - simplegraph.py:681 -      â€¢ å°å¼  [å¯è”ç³»äºº]
2026-01-09 23:49:40 - simplegraph - INFO - simplegraph.py:682 -        æè¿°: ä¸€ä¸ªå…·ä½“çš„äºº
2026-01-09 23:49:40 - simplegraph - INFO - simplegraph.py:693 -   ğŸ”— æå–åˆ° 14 ä¸ªå…³ç³»:
2026-01-09 23:49:40 - simplegraph - INFO - simplegraph.py:696 -      â€¢ æˆ‘ â†’ å¾®ä¿¡:å¯å¯åŠ¨åº”ç”¨
2026-01-09 23:49:40 - simplegraph - INFO - simplegraph.py:697 -        æˆ‘æ‹¥æœ‰å¾®ä¿¡
2026-01-09 23:49:40 - simplegraph - INFO - simplegraph.py:696 -      â€¢ æˆ‘ â†’ å¾®ä¿¡:äº¤æµå¹³å°
2026-01-09 23:49:40 - simplegraph - INFO - simplegraph.py:697 -        æˆ‘ä½¿ç”¨å¾®ä¿¡è¿›è¡Œäº¤æµ
2026-01-09 23:49:40 - simplegraph - INFO - simplegraph.py:696 -      â€¢ æˆ‘ â†’ å°æ˜:å¯è”ç³»äºº
2026-01-09 23:49:40 - simplegraph - INFO - simplegraph.py:697 -        æˆ‘è®¤è¯†å°æ˜
2026-01-09 23:49:40 - simplegraph - INFO - simplegraph.py:696 -      â€¢ æˆ‘ â†’ å°æ¢…:å¯è”ç³»äºº
2026-01-09 23:49:40 - simplegraph - INFO - simplegraph.py:697 -        æˆ‘è®¤è¯†å°æ¢…
2026-01-09 23:49:40 - simplegraph - INFO - simplegraph.py:696 -      â€¢ æˆ‘ â†’ å°å¼ :å¯è”ç³»äºº
2026-01-09 23:49:40 - simplegraph - INFO - simplegraph.py:697 -        æˆ‘è®¤è¯†å°å¼ 
2026-01-09 23:49:40 - simplegraph - INFO - simplegraph.py:696 -      â€¢ å¾®ä¿¡:äº¤æµå¹³å° â†’ å°æ˜:å¯è”ç³»äºº
2026-01-09 23:49:40 - simplegraph - INFO - simplegraph.py:697 -        å¾®ä¿¡ä¸­æœ‰å°æ˜
2026-01-09 23:49:40 - simplegraph - INFO - simplegraph.py:696 -      â€¢ å¾®ä¿¡:äº¤æµå¹³å° â†’ å°æ¢…:å¯è”ç³»äºº
2026-01-09 23:49:40 - simplegraph - INFO - simplegraph.py:697 -        å¾®ä¿¡ä¸­æœ‰å°æ¢…
2026-01-09 23:49:40 - simplegraph - INFO - simplegraph.py:696 -      â€¢ å¾®ä¿¡:äº¤æµå¹³å° â†’ å°å¼ :å¯è”ç³»äºº
2026-01-09 23:49:40 - simplegraph - INFO - simplegraph.py:697 -        å¾®ä¿¡ä¸­æœ‰å°å¼ 
2026-01-09 23:49:40 - simplegraph - INFO - simplegraph.py:696 -      â€¢ å¾®ä¿¡:äº¤æµå¹³å° â†’ å°æ˜:å¯è”ç³»äºº
2026-01-09 23:49:40 - simplegraph - INFO - simplegraph.py:697 -        æˆ‘çš„å¾®ä¿¡ä¸­æœ‰å°æ˜
2026-01-09 23:49:40 - simplegraph - INFO - simplegraph.py:696 -      â€¢ å¾®ä¿¡:äº¤æµå¹³å° â†’ å°æ¢…:å¯è”ç³»äºº
2026-01-09 23:49:40 - simplegraph - INFO - simplegraph.py:697 -        æˆ‘çš„å¾®ä¿¡ä¸­æœ‰å°æ¢…
2026-01-09 23:49:40 - simplegraph - INFO - simplegraph.py:696 -      â€¢ å¾®ä¿¡:äº¤æµå¹³å° â†’ å°å¼ :å¯è”ç³»äºº
2026-01-09 23:49:40 - simplegraph - INFO - simplegraph.py:697 -        æˆ‘çš„å¾®ä¿¡ä¸­æœ‰å°å¼ 
2026-01-09 23:49:40 - simplegraph - INFO - simplegraph.py:696 -      â€¢ æˆ‘ â†’ å°æ˜:å¯è”ç³»äºº
2026-01-09 23:49:40 - simplegraph - INFO - simplegraph.py:697 -        æˆ‘çš„å¾®ä¿¡ä¸­æœ‰å°æ˜
2026-01-09 23:49:40 - simplegraph - INFO - simplegraph.py:696 -      â€¢ æˆ‘ â†’ å°æ¢…:å¯è”ç³»äºº
2026-01-09 23:49:40 - simplegraph - INFO - simplegraph.py:697 -        æˆ‘çš„å¾®ä¿¡ä¸­æœ‰å°æ¢…
2026-01-09 23:49:40 - simplegraph - INFO - simplegraph.py:696 -      â€¢ æˆ‘ â†’ å°å¼ :å¯è”ç³»äºº
2026-01-09 23:49:40 - simplegraph - INFO - simplegraph.py:697 -        æˆ‘çš„å¾®ä¿¡ä¸­æœ‰å°å¼ 
2026-01-09 23:49:40 - simplegraph - INFO - simplegraph.py:821 - ä»»åŠ¡æ‰§è¡Œå®Œæˆ: GraphDelta(task_id=9c16dcdb-c212-4fdc-aa37-2c3ba042ab31, 0 classes, 5 entities, 14 relationships)
2026-01-09 23:49:40 - simplegraph - INFO - simplegraph.py:875 - Worker 0 æå–å®Œæˆï¼Œä»»åŠ¡è¿›å…¥åˆå¹¶é˜Ÿåˆ—: 9c16dcdb...
2026-01-09 23:49:40 - simplegraph - INFO - simplegraph.py:924 - Merge Worker å¼€å§‹åˆå¹¶ä»»åŠ¡: 9c16dcdb...
2026-01-09 23:49:40 - simplegraph - INFO - simplegraph.py:990 - å¼€å§‹æ™ºèƒ½åˆå¹¶ä»»åŠ¡ç»“æœ: 9c16dcdb...
2026-01-09 23:49:40 - src.combiners.smart_merger - INFO - smart_merger.py:118 - å¼€å§‹æ™ºèƒ½åˆå¹¶: GraphDelta(task_id=9c16dcdb-c212-4fdc-aa37-2c3ba042ab31, 0 classes, 5 entities, 14 relationships)
2026-01-09 23:49:40 - src.combiners.smart_merger - INFO - smart_merger.py:126 - ä½¿ç”¨LLMæ™ºèƒ½åˆå¹¶æ¨¡å¼
2026-01-09 23:50:26 - src.combiners.smart_merger - INFO - smart_merger.py:213 - æ™ºèƒ½åˆå¹¶å®Œæˆ: MergeResult: 2 duplicates, 1 conflicts, 0 aligned, 1 optimized
2026-01-09 23:50:26 - simplegraph - INFO - simplegraph.py:1022 - æ™ºèƒ½åˆå¹¶å®Œæˆ: MergeResult: 2 duplicates, 1 conflicts, 0 aligned, 1 optimized
2026-01-09 23:50:26 - src.combiners.combiner - INFO - combiner.py:149 - ============================================================
2026-01-09 23:50:26 - src.combiners.combiner - INFO - combiner.py:150 - å¼€å§‹èåˆå®ä½“å’Œå…³ç³»
2026-01-09 23:50:26 - src.combiners.combiner - INFO - combiner.py:151 - ============================================================
2026-01-09 23:50:26 - src.combiners.combiner - INFO - combiner.py:51 - å¼€å§‹èåˆ 5 ä¸ªå®ä½“åˆ°å›¾
2026-01-09 23:50:26 - src.combiners.combiner - INFO - combiner.py:74 - å®ä½“èåˆå®Œæˆ: æ–°å¢ 3 ä¸ª, æ›´æ–° 2 ä¸ª, å¤±è´¥ 0 ä¸ª
2026-01-09 23:50:26 - src.combiners.combiner - INFO - combiner.py:89 - å¼€å§‹èåˆ 14 ä¸ªå…³ç³»åˆ°å›¾
2026-01-09 23:50:26 - src.combiners.combiner - INFO - combiner.py:126 - å…³ç³»èåˆå®Œæˆ: æ–°å¢ 14 ä¸ª, æ›´æ–° 0 ä¸ª, å¤±è´¥ 0 ä¸ª
2026-01-09 23:50:26 - src.combiners.combiner - INFO - combiner.py:159 - ============================================================
2026-01-09 23:50:26 - src.combiners.combiner - INFO - combiner.py:160 - èåˆå®Œæˆ
2026-01-09 23:50:26 - src.combiners.combiner - INFO - combiner.py:161 - å›¾ç»Ÿè®¡: 8 ä¸ªå®ä½“, 14 ä¸ªå…³ç³»
2026-01-09 23:50:26 - src.combiners.combiner - INFO - combiner.py:164 - ============================================================
2026-01-09 23:50:26 - simplegraph - INFO - simplegraph.py:1383 - åº”ç”¨å¢é‡å®Œæˆ: å®ä½“ +3/~2, å…³ç³» +14/~0
2026-01-09 23:50:26 - simplegraph - INFO - simplegraph.py:1027 - ä»»åŠ¡ç»“æœå·²åˆå¹¶åˆ°ä¸»å›¾è°±: 9c16dcdb...
2026-01-09 23:50:26 - simplegraph - INFO - simplegraph.py:950 - Merge Worker ä»»åŠ¡åˆå¹¶å®Œæˆ: 9c16dcdb...
2026-01-09 23:50:26 - graph_service - INFO - graph_service.py:161 - ä»»åŠ¡ 9c16dcdb å®Œæˆï¼Œå¼€å§‹è‡ªåŠ¨ä¿å­˜æ•°æ®åº“...
2026-01-09 23:50:26 - graph_service - INFO - graph_service.py:167 - ä¿å­˜å‰ç»Ÿè®¡: {'system': {'classes': 13, 'predefined_entities': 5}, 'graph': {'entities': 5, 'relationships': 0}, 'tasks': {'total': 1, 'by_status': {'pending': 0, 'running': 0, 'completed': 1, 'failed': 0, 'cancelled': 0}}}
2026-01-09 23:50:26 - graph_service - INFO - graph_service.py:173 - ä»»åŠ¡å¢é‡ç»Ÿè®¡: {'classes': 0, 'entities': 5, 'relationships': 14}
2026-01-09 23:50:26 - graph_service - INFO - graph_service.py:964 - ä¿å­˜æ•°æ®åº“åˆ°: D:\CourseResources\3s\CoRe\Personal-GUI-Agent\graphrag\backend\data\graph_database.pkl
2026-01-09 23:50:26 - simplegraph - INFO - simplegraph.py:385 - ä¿å­˜ Graph åˆ°: D:\CourseResources\3s\CoRe\Personal-GUI-Agent\graphrag\backend\data\graph_database.pkl
2026-01-09 23:50:26 - simplegraph - INFO - simplegraph.py:388 - Graph ä¿å­˜æˆåŠŸ: D:\CourseResources\3s\CoRe\Personal-GUI-Agent\graphrag\backend\data\graph_database.pkl
2026-01-09 23:50:26 - graph_service - INFO - graph_service.py:981 - æ•°æ®åº“ä¿å­˜æˆåŠŸ: D:\CourseResources\3s\CoRe\Personal-GUI-Agent\graphrag\backend\data\graph_database.pkl
2026-01-09 23:50:26 - graph_service - INFO - graph_service.py:180 - ä¿å­˜åç»Ÿè®¡: {'system': {'classes': 13, 'predefined_entities': 5}, 'graph': {'entities': 5, 'relationships': 0}, 'tasks': {'total': 1, 'by_status': {'pending': 0, 'running': 0, 'completed': 1, 'failed': 0, 'cancelled': 0}}}
2026-01-09 23:50:26 - graph_service - INFO - graph_service.py:182 - è‡ªåŠ¨ä¿å­˜æˆåŠŸ: æ•°æ®åº“å·²ä¿å­˜åˆ° D:\CourseResources\3s\CoRe\Personal-GUI-Agent\graphrag\backend\data\graph_database.pkl
2026-01-09 23:52:20 - graph_service - INFO - graph_service.py:964 - ä¿å­˜æ•°æ®åº“åˆ°: D:\CourseResources\3s\CoRe\Personal-GUI-Agent\graphrag\backend\data\graph_database.pkl
2026-01-09 23:52:20 - simplegraph - INFO - simplegraph.py:385 - ä¿å­˜ Graph åˆ°: D:\CourseResources\3s\CoRe\Personal-GUI-Agent\graphrag\backend\data\graph_database.pkl
2026-01-09 23:52:20 - simplegraph - INFO - simplegraph.py:388 - Graph ä¿å­˜æˆåŠŸ: D:\CourseResources\3s\CoRe\Personal-GUI-Agent\graphrag\backend\data\graph_database.pkl
2026-01-09 23:52:20 - graph_service - INFO - graph_service.py:981 - æ•°æ®åº“ä¿å­˜æˆåŠŸ: D:\CourseResources\3s\CoRe\Personal-GUI-Agent\graphrag\backend\data\graph_database.pkl
2026-01-09 23:52:20 - graph_service - INFO - graph_service.py:939 - æœåŠ¡å…³é—­å‰å·²è‡ªåŠ¨ä¿å­˜æ•°æ®åº“
2026-01-09 23:52:20 - simplegraph - INFO - simplegraph.py:211 - åœæ­¢ä»»åŠ¡å¤„ç†å™¨...
2026-01-09 23:52:20 - simplegraph - INFO - simplegraph.py:900 - Worker 2 è¢«å–æ¶ˆ
2026-01-09 23:52:20 - simplegraph - INFO - simplegraph.py:905 - Worker 2 åœæ­¢
2026-01-09 23:52:20 - simplegraph - INFO - simplegraph.py:900 - Worker 0 è¢«å–æ¶ˆ
2026-01-09 23:52:20 - simplegraph - INFO - simplegraph.py:905 - Worker 0 åœæ­¢
2026-01-09 23:52:20 - simplegraph - INFO - simplegraph.py:900 - Worker 1 è¢«å–æ¶ˆ
2026-01-09 23:52:20 - simplegraph - INFO - simplegraph.py:905 - Worker 1 åœæ­¢
2026-01-09 23:52:20 - simplegraph - INFO - simplegraph.py:972 - Merge Worker è¢«å–æ¶ˆ
2026-01-09 23:52:20 - simplegraph - INFO - simplegraph.py:977 - Merge Worker åœæ­¢
2026-01-09 23:52:20 - simplegraph - INFO - simplegraph.py:230 - ä»»åŠ¡å¤„ç†å™¨å·²åœæ­¢
2026-01-10 00:07:14 - graph_service - INFO - graph_service.py:46 - æ£€æµ‹åˆ°é»˜è®¤æ•°æ®åº“æ–‡ä»¶ï¼Œæ­£åœ¨åŠ è½½: D:\CourseResources\3s\CoRe\Personal-GUI-Agent\graphrag\backend\data\graph_database.pkl
2026-01-10 00:07:14 - simplegraph - INFO - simplegraph.py:403 - ä»æ–‡ä»¶åŠ è½½ Graph: D:\CourseResources\3s\CoRe\Personal-GUI-Agent\graphrag\backend\data\graph_database.pkl
2026-01-10 00:07:14 - simplegraph - INFO - simplegraph.py:99 - ============================================================
2026-01-10 00:07:14 - simplegraph - INFO - simplegraph.py:100 - åˆå§‹åŒ– SimpleGraph
2026-01-10 00:07:14 - simplegraph - INFO - simplegraph.py:101 - ============================================================
2026-01-10 00:07:14 - simplegraph - INFO - simplegraph.py:110 - åˆå§‹åŒ– LLM å®¢æˆ·ç«¯...
2026-01-10 00:07:16 - simplegraph - INFO - simplegraph.py:121 - LLM å®¢æˆ·ç«¯åˆå§‹åŒ–å®Œæˆ (verbose=False)
2026-01-10 00:07:16 - simplegraph - INFO - simplegraph.py:124 - åŠ è½½é¢„å®šä¹‰ System...
2026-01-10 00:07:16 - simplegraph - INFO - simplegraph.py:126 - System åŠ è½½å®Œæˆ: 13 ä¸ªç±»
2026-01-10 00:07:16 - simplegraph - INFO - simplegraph.py:129 - Graph åˆ›å»ºå®Œæˆ: 5 ä¸ªå®ä½“ï¼ˆå«é¢„å®šä¹‰ï¼‰
2026-01-10 00:07:16 - src.combiners.smart_merger - INFO - smart_merger.py:94 - å·²åŠ è½½æ™ºèƒ½åˆå¹¶æç¤ºè¯: D:\CourseResources\3s\CoRe\Personal-GUI-Agent\graphrag\simple_graphrag\config\prompts\smart_merge.txt
2026-01-10 00:07:16 - simplegraph - INFO - simplegraph.py:145 - æ™ºèƒ½åˆå¹¶å™¨åˆå§‹åŒ–å®Œæˆ (enable_smart_merge=True)
2026-01-10 00:07:16 - simplegraph - INFO - simplegraph.py:158 - SimpleGraph åˆå§‹åŒ–å®Œæˆ
2026-01-10 00:07:16 - simplegraph - INFO - simplegraph.py:159 - ============================================================
2026-01-10 00:07:16 - simplegraph - INFO - simplegraph.py:423 - Graph åŠ è½½æˆåŠŸ: 5 ä¸ªå®ä½“, 0 ä¸ªå…³ç³»
2026-01-10 00:07:16 - simplegraph - INFO - simplegraph.py:193 - å¯åŠ¨ 3 ä¸ªæå–workerså’Œ1ä¸ªåˆå¹¶worker...
2026-01-10 00:07:16 - simplegraph - INFO - simplegraph.py:204 - ä»»åŠ¡å¤„ç†å™¨å¯åŠ¨å®Œæˆ
2026-01-10 00:07:16 - graph_service - INFO - graph_service.py:57 - å·²ä»é»˜è®¤æ•°æ®åº“åŠ è½½: 5 ä¸ªå®ä½“
2026-01-10 00:07:16 - src.search.search_engine - INFO - search_engine.py:204 - æœç´¢å¼•æ“åˆå§‹åŒ–å®Œæˆ
2026-01-10 00:07:16 - graph_service - INFO - graph_service.py:79 - SimpleGraph service initialized and started.
2026-01-10 00:07:16 - simplegraph - INFO - simplegraph.py:844 - Worker 0 å¯åŠ¨
2026-01-10 00:07:16 - simplegraph - INFO - simplegraph.py:844 - Worker 1 å¯åŠ¨
2026-01-10 00:07:16 - simplegraph - INFO - simplegraph.py:844 - Worker 2 å¯åŠ¨
2026-01-10 00:07:16 - simplegraph - INFO - simplegraph.py:920 - Merge Worker å¯åŠ¨ï¼ˆä¸²è¡Œå¤„ç†ï¼‰
2026-01-10 00:07:44 - simplegraph - INFO - simplegraph.py:258 - ä»»åŠ¡å·²æäº¤: e4c93a1c...
2026-01-10 00:07:44 - simplegraph - INFO - simplegraph.py:854 - Worker 2 å¼€å§‹å¤„ç†ä»»åŠ¡: e4c93a1c...
2026-01-10 00:07:44 - simplegraph - INFO - simplegraph.py:485 - å¼€å§‹æ‰§è¡Œä»»åŠ¡: e4c93a1c-6164-48db-89af-fa9dcca743c4
2026-01-10 00:07:44 - simplegraph - INFO - simplegraph.py:509 - [ä»»åŠ¡ e4c93a1c] ğŸ”§ å¼€å§‹Systemæ›´æ–°é˜¶æ®µ
2026-01-10 00:07:44 - simplegraph - INFO - simplegraph.py:510 - [ä»»åŠ¡ e4c93a1c] è¾“å…¥æ–‡æœ¬: æˆ‘çš„å¾®ä¿¡ä¸­æœ‰è¿™äº›è”ç³»äººï¼Œå°æ˜ï¼Œå°æ¢…ï¼Œå°å¼ ...
2026-01-10 00:07:52 - simplegraph - INFO - simplegraph.py:548 - [ä»»åŠ¡ e4c93a1c] âœ“ Systemæ— éœ€æ›´æ–°ï¼Œç°æœ‰ç±»å®šä¹‰å·²è¶³å¤Ÿ
2026-01-10 00:07:52 - simplegraph - INFO - simplegraph.py:669 - [ä»»åŠ¡ e4c93a1c] ğŸ” å¼€å§‹å®ä½“å’Œå…³ç³»æå–é˜¶æ®µ
2026-01-10 00:08:34 - simplegraph - INFO - simplegraph.py:1282 - å¼€å§‹æ£€æŸ¥å’Œä¼˜åŒ–æå–ç»“æœï¼ˆå¼‚æ­¥ï¼‰...
2026-01-10 00:09:12 - simplegraph - INFO - simplegraph.py:1287 - æ£€æŸ¥ä¼˜åŒ–å®Œæˆ
2026-01-10 00:09:12 - src.extractors.extractor - INFO - extractor.py:329 - å››æ­¥è§£æå®Œæˆ: 5 ä¸ªå®ä½“, 8 ä¸ªå…³ç³»
2026-01-10 00:09:12 - simplegraph - INFO - simplegraph.py:1251 - æå–å®Œæˆ: 5 ä¸ªå®ä½“, 8 ä¸ªå…³ç³»
2026-01-10 00:09:12 - simplegraph - INFO - simplegraph.py:683 - [ä»»åŠ¡ e4c93a1c] âœ… æå–å®Œæˆ:
2026-01-10 00:09:12 - simplegraph - INFO - simplegraph.py:684 -   ğŸ“¦ æå–åˆ° 5 ä¸ªå®ä½“:
2026-01-10 00:09:12 - simplegraph - INFO - simplegraph.py:687 -      â€¢ æˆ‘ [ç”¨æˆ·]
2026-01-10 00:09:12 - simplegraph - INFO - simplegraph.py:688 -        æè¿°: ç”¨æˆ·æœ¬äºº
2026-01-10 00:09:12 - simplegraph - INFO - simplegraph.py:687 -      â€¢ å¾®ä¿¡ [å¯å¯åŠ¨åº”ç”¨, äº¤æµå¹³å°]
2026-01-10 00:09:12 - simplegraph - INFO - simplegraph.py:688 -        æè¿°: ä¸€ä¸ªå³æ—¶é€šè®¯åº”ç”¨
2026-01-10 00:09:12 - simplegraph - INFO - simplegraph.py:687 -      â€¢ å°æ˜ [å¯è”ç³»äºº]
2026-01-10 00:09:12 - simplegraph - INFO - simplegraph.py:688 -        æè¿°: ä¸€ä¸ªå…·ä½“çš„äºº
2026-01-10 00:09:12 - simplegraph - INFO - simplegraph.py:687 -      â€¢ å°æ¢… [å¯è”ç³»äºº]
2026-01-10 00:09:12 - simplegraph - INFO - simplegraph.py:688 -        æè¿°: ä¸€ä¸ªå…·ä½“çš„äºº
2026-01-10 00:09:12 - simplegraph - INFO - simplegraph.py:687 -      â€¢ å°å¼  [å¯è”ç³»äºº]
2026-01-10 00:09:12 - simplegraph - INFO - simplegraph.py:688 -        æè¿°: ä¸€ä¸ªå…·ä½“çš„äºº
2026-01-10 00:09:12 - simplegraph - INFO - simplegraph.py:699 -   ğŸ”— æå–åˆ° 8 ä¸ªå…³ç³»:
2026-01-10 00:09:12 - simplegraph - INFO - simplegraph.py:702 -      â€¢ æˆ‘ â†’ å¾®ä¿¡:å¯å¯åŠ¨åº”ç”¨
2026-01-10 00:09:12 - simplegraph - INFO - simplegraph.py:703 -        æˆ‘æ‹¥æœ‰å¾®ä¿¡
2026-01-10 00:09:12 - simplegraph - INFO - simplegraph.py:702 -      â€¢ æˆ‘ â†’ å¾®ä¿¡:äº¤æµå¹³å°
2026-01-10 00:09:12 - simplegraph - INFO - simplegraph.py:703 -        æˆ‘æ‹¥æœ‰å¾®ä¿¡
2026-01-10 00:09:12 - simplegraph - INFO - simplegraph.py:702 -      â€¢ æˆ‘ â†’ å°æ˜:å¯è”ç³»äºº
2026-01-10 00:09:12 - simplegraph - INFO - simplegraph.py:703 -        æˆ‘æ‹¥æœ‰è”ç³»äººå°æ˜
2026-01-10 00:09:12 - simplegraph - INFO - simplegraph.py:702 -      â€¢ æˆ‘ â†’ å°æ¢…:å¯è”ç³»äºº
2026-01-10 00:09:12 - simplegraph - INFO - simplegraph.py:703 -        æˆ‘æ‹¥æœ‰è”ç³»äººå°æ¢…
2026-01-10 00:09:12 - simplegraph - INFO - simplegraph.py:702 -      â€¢ æˆ‘ â†’ å°å¼ :å¯è”ç³»äºº
2026-01-10 00:09:12 - simplegraph - INFO - simplegraph.py:703 -        æˆ‘æ‹¥æœ‰è”ç³»äººå°å¼ 
2026-01-10 00:09:12 - simplegraph - INFO - simplegraph.py:702 -      â€¢ å¾®ä¿¡:äº¤æµå¹³å° â†’ å°æ˜:å¯è”ç³»äºº
2026-01-10 00:09:12 - simplegraph - INFO - simplegraph.py:703 -        å¾®ä¿¡ä¸­åŒ…å«è”ç³»äººå°æ˜
2026-01-10 00:09:12 - simplegraph - INFO - simplegraph.py:702 -      â€¢ å¾®ä¿¡:äº¤æµå¹³å° â†’ å°æ¢…:å¯è”ç³»äºº
2026-01-10 00:09:12 - simplegraph - INFO - simplegraph.py:703 -        å¾®ä¿¡ä¸­åŒ…å«è”ç³»äººå°æ¢…
2026-01-10 00:09:12 - simplegraph - INFO - simplegraph.py:702 -      â€¢ å¾®ä¿¡:äº¤æµå¹³å° â†’ å°å¼ :å¯è”ç³»äºº
2026-01-10 00:09:12 - simplegraph - INFO - simplegraph.py:703 -        å¾®ä¿¡ä¸­åŒ…å«è”ç³»äººå°å¼ 
2026-01-10 00:09:12 - simplegraph - INFO - simplegraph.py:827 - ä»»åŠ¡æ‰§è¡Œå®Œæˆ: GraphDelta(task_id=e4c93a1c-6164-48db-89af-fa9dcca743c4, 0 classes, 5 entities, 8 relationships)
2026-01-10 00:09:12 - simplegraph - INFO - simplegraph.py:881 - Worker 2 æå–å®Œæˆï¼Œä»»åŠ¡è¿›å…¥åˆå¹¶é˜Ÿåˆ—: e4c93a1c...
2026-01-10 00:09:12 - simplegraph - INFO - simplegraph.py:930 - Merge Worker å¼€å§‹åˆå¹¶ä»»åŠ¡: e4c93a1c...
2026-01-10 00:09:12 - simplegraph - INFO - simplegraph.py:996 - å¼€å§‹æ™ºèƒ½åˆå¹¶ä»»åŠ¡ç»“æœ: e4c93a1c...
2026-01-10 00:09:12 - src.combiners.smart_merger - INFO - smart_merger.py:118 - å¼€å§‹æ™ºèƒ½åˆå¹¶: GraphDelta(task_id=e4c93a1c-6164-48db-89af-fa9dcca743c4, 0 classes, 5 entities, 8 relationships)
2026-01-10 00:09:12 - src.combiners.smart_merger - INFO - smart_merger.py:126 - ä½¿ç”¨LLMæ™ºèƒ½åˆå¹¶æ¨¡å¼
2026-01-10 00:09:48 - src.combiners.smart_merger - INFO - smart_merger.py:213 - æ™ºèƒ½åˆå¹¶å®Œæˆ: MergeResult: 2 duplicates, 1 conflicts, 0 aligned, 1 optimized
2026-01-10 00:09:48 - simplegraph - INFO - simplegraph.py:1028 - æ™ºèƒ½åˆå¹¶å®Œæˆ: MergeResult: 2 duplicates, 1 conflicts, 0 aligned, 1 optimized
2026-01-10 00:09:48 - src.combiners.combiner - INFO - combiner.py:149 - ============================================================
2026-01-10 00:09:48 - src.combiners.combiner - INFO - combiner.py:150 - å¼€å§‹èåˆå®ä½“å’Œå…³ç³»
2026-01-10 00:09:48 - src.combiners.combiner - INFO - combiner.py:151 - ============================================================
2026-01-10 00:09:48 - src.combiners.combiner - INFO - combiner.py:51 - å¼€å§‹èåˆ 5 ä¸ªå®ä½“åˆ°å›¾
2026-01-10 00:09:48 - src.combiners.combiner - INFO - combiner.py:74 - å®ä½“èåˆå®Œæˆ: æ–°å¢ 3 ä¸ª, æ›´æ–° 2 ä¸ª, å¤±è´¥ 0 ä¸ª
2026-01-10 00:09:48 - src.combiners.combiner - INFO - combiner.py:89 - å¼€å§‹èåˆ 8 ä¸ªå…³ç³»åˆ°å›¾
2026-01-10 00:09:48 - src.combiners.combiner - INFO - combiner.py:126 - å…³ç³»èåˆå®Œæˆ: æ–°å¢ 8 ä¸ª, æ›´æ–° 0 ä¸ª, å¤±è´¥ 0 ä¸ª
2026-01-10 00:09:48 - src.combiners.combiner - INFO - combiner.py:159 - ============================================================
2026-01-10 00:09:48 - src.combiners.combiner - INFO - combiner.py:160 - èåˆå®Œæˆ
2026-01-10 00:09:48 - src.combiners.combiner - INFO - combiner.py:161 - å›¾ç»Ÿè®¡: 8 ä¸ªå®ä½“, 8 ä¸ªå…³ç³»
2026-01-10 00:09:48 - src.combiners.combiner - INFO - combiner.py:164 - ============================================================
2026-01-10 00:09:48 - simplegraph - INFO - simplegraph.py:1389 - åº”ç”¨å¢é‡å®Œæˆ: å®ä½“ +3/~2, å…³ç³» +8/~0
2026-01-10 00:09:48 - simplegraph - INFO - simplegraph.py:1033 - ä»»åŠ¡ç»“æœå·²åˆå¹¶åˆ°ä¸»å›¾è°±: e4c93a1c...
2026-01-10 00:09:48 - simplegraph - INFO - simplegraph.py:956 - Merge Worker ä»»åŠ¡åˆå¹¶å®Œæˆ: e4c93a1c...
2026-01-10 00:09:48 - graph_service - INFO - graph_service.py:161 - ä»»åŠ¡ e4c93a1c å®Œæˆï¼Œå¼€å§‹è‡ªåŠ¨ä¿å­˜æ•°æ®åº“...
2026-01-10 00:09:48 - graph_service - INFO - graph_service.py:167 - ä¿å­˜å‰ç»Ÿè®¡: {'system': {'classes': 13, 'predefined_entities': 5}, 'graph': {'entities': 8, 'relationships': 8}, 'tasks': {'total': 1, 'by_status': {'pending': 0, 'running': 0, 'completed': 1, 'failed': 0, 'cancelled': 0}}}
2026-01-10 00:09:48 - graph_service - INFO - graph_service.py:173 - ä»»åŠ¡å¢é‡ç»Ÿè®¡: {'classes': 0, 'entities': 5, 'relationships': 8}
2026-01-10 00:09:48 - graph_service - INFO - graph_service.py:964 - ä¿å­˜æ•°æ®åº“åˆ°: D:\CourseResources\3s\CoRe\Personal-GUI-Agent\graphrag\backend\data\graph_database.pkl
2026-01-10 00:09:48 - simplegraph - INFO - simplegraph.py:385 - ä¿å­˜ Graph åˆ°: D:\CourseResources\3s\CoRe\Personal-GUI-Agent\graphrag\backend\data\graph_database.pkl
2026-01-10 00:09:48 - simplegraph - INFO - simplegraph.py:388 - Graph ä¿å­˜æˆåŠŸ: D:\CourseResources\3s\CoRe\Personal-GUI-Agent\graphrag\backend\data\graph_database.pkl
2026-01-10 00:09:48 - graph_service - INFO - graph_service.py:981 - æ•°æ®åº“ä¿å­˜æˆåŠŸ: D:\CourseResources\3s\CoRe\Personal-GUI-Agent\graphrag\backend\data\graph_database.pkl
2026-01-10 00:09:48 - graph_service - INFO - graph_service.py:180 - ä¿å­˜åç»Ÿè®¡: {'system': {'classes': 13, 'predefined_entities': 5}, 'graph': {'entities': 8, 'relationships': 8}, 'tasks': {'total': 1, 'by_status': {'pending': 0, 'running': 0, 'completed': 1, 'failed': 0, 'cancelled': 0}}}
2026-01-10 00:09:48 - graph_service - INFO - graph_service.py:182 - è‡ªåŠ¨ä¿å­˜æˆåŠŸ: æ•°æ®åº“å·²ä¿å­˜åˆ° D:\CourseResources\3s\CoRe\Personal-GUI-Agent\graphrag\backend\data\graph_database.pkl
2026-01-10 00:13:31 - simplegraph - INFO - simplegraph.py:258 - ä»»åŠ¡å·²æäº¤: 2c9ede87...
2026-01-10 00:13:31 - simplegraph - INFO - simplegraph.py:854 - Worker 0 å¼€å§‹å¤„ç†ä»»åŠ¡: 2c9ede87...
2026-01-10 00:13:31 - simplegraph - INFO - simplegraph.py:485 - å¼€å§‹æ‰§è¡Œä»»åŠ¡: 2c9ede87-f5aa-4f4d-91f2-ec8563673628
2026-01-10 00:13:31 - simplegraph - INFO - simplegraph.py:509 - [ä»»åŠ¡ 2c9ede87] ğŸ”§ å¼€å§‹Systemæ›´æ–°é˜¶æ®µ
2026-01-10 00:13:31 - simplegraph - INFO - simplegraph.py:510 - [ä»»åŠ¡ 2c9ede87] è¾“å…¥æ–‡æœ¬: å°æ¢…...
2026-01-10 00:13:38 - graph_service - INFO - graph_service.py:964 - ä¿å­˜æ•°æ®åº“åˆ°: D:\CourseResources\3s\CoRe\Personal-GUI-Agent\graphrag\backend\data\graph_database.pkl
2026-01-10 00:13:38 - simplegraph - INFO - simplegraph.py:385 - ä¿å­˜ Graph åˆ°: D:\CourseResources\3s\CoRe\Personal-GUI-Agent\graphrag\backend\data\graph_database.pkl
2026-01-10 00:13:38 - simplegraph - INFO - simplegraph.py:388 - Graph ä¿å­˜æˆåŠŸ: D:\CourseResources\3s\CoRe\Personal-GUI-Agent\graphrag\backend\data\graph_database.pkl
2026-01-10 00:13:38 - graph_service - INFO - graph_service.py:981 - æ•°æ®åº“ä¿å­˜æˆåŠŸ: D:\CourseResources\3s\CoRe\Personal-GUI-Agent\graphrag\backend\data\graph_database.pkl
2026-01-10 00:13:38 - graph_service - INFO - graph_service.py:939 - æœåŠ¡å…³é—­å‰å·²è‡ªåŠ¨ä¿å­˜æ•°æ®åº“
2026-01-10 00:13:38 - simplegraph - INFO - simplegraph.py:211 - åœæ­¢ä»»åŠ¡å¤„ç†å™¨...
2026-01-10 00:13:38 - simplegraph - INFO - simplegraph.py:906 - Worker 1 è¢«å–æ¶ˆ
2026-01-10 00:13:38 - simplegraph - INFO - simplegraph.py:911 - Worker 1 åœæ­¢
2026-01-10 00:13:38 - simplegraph - INFO - simplegraph.py:831 - ä»»åŠ¡è¢«å–æ¶ˆ: 2c9ede87-f5aa-4f4d-91f2-ec8563673628
2026-01-10 00:13:38 - simplegraph - INFO - simplegraph.py:890 - Worker 0 ä»»åŠ¡è¢«å–æ¶ˆ: 2c9ede87...
2026-01-10 00:13:38 - simplegraph - INFO - simplegraph.py:911 - Worker 0 åœæ­¢
2026-01-10 00:13:38 - simplegraph - INFO - simplegraph.py:906 - Worker 2 è¢«å–æ¶ˆ
2026-01-10 00:13:38 - simplegraph - INFO - simplegraph.py:911 - Worker 2 åœæ­¢
2026-01-10 00:13:38 - simplegraph - INFO - simplegraph.py:978 - Merge Worker è¢«å–æ¶ˆ
2026-01-10 00:13:38 - simplegraph - INFO - simplegraph.py:983 - Merge Worker åœæ­¢
2026-01-10 00:13:38 - simplegraph - INFO - simplegraph.py:230 - ä»»åŠ¡å¤„ç†å™¨å·²åœæ­¢
2026-01-10 00:13:41 - graph_service - INFO - graph_service.py:46 - æ£€æµ‹åˆ°é»˜è®¤æ•°æ®åº“æ–‡ä»¶ï¼Œæ­£åœ¨åŠ è½½: D:\CourseResources\3s\CoRe\Personal-GUI-Agent\graphrag\backend\data\graph_database.pkl
2026-01-10 00:13:41 - simplegraph - INFO - simplegraph.py:403 - ä»æ–‡ä»¶åŠ è½½ Graph: D:\CourseResources\3s\CoRe\Personal-GUI-Agent\graphrag\backend\data\graph_database.pkl
2026-01-10 00:13:41 - simplegraph - INFO - simplegraph.py:99 - ============================================================
2026-01-10 00:13:41 - simplegraph - INFO - simplegraph.py:100 - åˆå§‹åŒ– SimpleGraph
2026-01-10 00:13:41 - simplegraph - INFO - simplegraph.py:101 - ============================================================
2026-01-10 00:13:41 - simplegraph - INFO - simplegraph.py:110 - åˆå§‹åŒ– LLM å®¢æˆ·ç«¯...
2026-01-10 00:13:42 - simplegraph - INFO - simplegraph.py:121 - LLM å®¢æˆ·ç«¯åˆå§‹åŒ–å®Œæˆ (verbose=False)
2026-01-10 00:13:42 - simplegraph - INFO - simplegraph.py:124 - åŠ è½½é¢„å®šä¹‰ System...
2026-01-10 00:13:42 - simplegraph - INFO - simplegraph.py:126 - System åŠ è½½å®Œæˆ: 13 ä¸ªç±»
2026-01-10 00:13:42 - simplegraph - INFO - simplegraph.py:129 - Graph åˆ›å»ºå®Œæˆ: 5 ä¸ªå®ä½“ï¼ˆå«é¢„å®šä¹‰ï¼‰
2026-01-10 00:13:42 - src.combiners.smart_merger - INFO - smart_merger.py:94 - å·²åŠ è½½æ™ºèƒ½åˆå¹¶æç¤ºè¯: D:\CourseResources\3s\CoRe\Personal-GUI-Agent\graphrag\simple_graphrag\config\prompts\smart_merge.txt
2026-01-10 00:13:42 - simplegraph - INFO - simplegraph.py:145 - æ™ºèƒ½åˆå¹¶å™¨åˆå§‹åŒ–å®Œæˆ (enable_smart_merge=True)
2026-01-10 00:13:42 - simplegraph - INFO - simplegraph.py:158 - SimpleGraph åˆå§‹åŒ–å®Œæˆ
2026-01-10 00:13:42 - simplegraph - INFO - simplegraph.py:159 - ============================================================
2026-01-10 00:13:42 - simplegraph - INFO - simplegraph.py:423 - Graph åŠ è½½æˆåŠŸ: 8 ä¸ªå®ä½“, 8 ä¸ªå…³ç³»
2026-01-10 00:13:42 - simplegraph - INFO - simplegraph.py:193 - å¯åŠ¨ 3 ä¸ªæå–workerså’Œ1ä¸ªåˆå¹¶worker...
2026-01-10 00:13:42 - simplegraph - INFO - simplegraph.py:204 - ä»»åŠ¡å¤„ç†å™¨å¯åŠ¨å®Œæˆ
2026-01-10 00:13:42 - graph_service - INFO - graph_service.py:57 - å·²ä»é»˜è®¤æ•°æ®åº“åŠ è½½: 8 ä¸ªå®ä½“
2026-01-10 00:13:42 - src.search.search_engine - INFO - search_engine.py:204 - æœç´¢å¼•æ“åˆå§‹åŒ–å®Œæˆ
2026-01-10 00:13:42 - graph_service - INFO - graph_service.py:79 - SimpleGraph service initialized and started.
2026-01-10 00:13:42 - simplegraph - INFO - simplegraph.py:844 - Worker 0 å¯åŠ¨
2026-01-10 00:13:42 - simplegraph - INFO - simplegraph.py:844 - Worker 1 å¯åŠ¨
2026-01-10 00:13:42 - simplegraph - INFO - simplegraph.py:844 - Worker 2 å¯åŠ¨
2026-01-10 00:13:42 - simplegraph - INFO - simplegraph.py:920 - Merge Worker å¯åŠ¨ï¼ˆä¸²è¡Œå¤„ç†ï¼‰
2026-01-10 00:14:24 - simplegraph - INFO - simplegraph.py:258 - ä»»åŠ¡å·²æäº¤: b9a38be5...
2026-01-10 00:14:24 - simplegraph - INFO - simplegraph.py:854 - Worker 1 å¼€å§‹å¤„ç†ä»»åŠ¡: b9a38be5...
2026-01-10 00:14:24 - simplegraph - INFO - simplegraph.py:485 - å¼€å§‹æ‰§è¡Œä»»åŠ¡: b9a38be5-a1c8-43e6-ba46-2230b547f0a8
2026-01-10 00:14:24 - simplegraph - INFO - simplegraph.py:509 - [ä»»åŠ¡ b9a38be5] ğŸ”§ å¼€å§‹Systemæ›´æ–°é˜¶æ®µ
2026-01-10 00:14:24 - simplegraph - INFO - simplegraph.py:510 - [ä»»åŠ¡ b9a38be5] è¾“å…¥æ–‡æœ¬: èŠå¤©è®°å½•æ˜¾ç¤ºï¼šå°æ¢…è¯´è‡ªå·±å–œæ¬¢æœ€è¿‘æ–°ä¸Šæ¶çš„å¸ƒå¨ƒå¨ƒ...
2026-01-10 00:15:34 - simplegraph - INFO - simplegraph.py:548 - [ä»»åŠ¡ b9a38be5] âœ“ Systemæ— éœ€æ›´æ–°ï¼Œç°æœ‰ç±»å®šä¹‰å·²è¶³å¤Ÿ
2026-01-10 00:15:34 - simplegraph - INFO - simplegraph.py:669 - [ä»»åŠ¡ b9a38be5] ğŸ” å¼€å§‹å®ä½“å’Œå…³ç³»æå–é˜¶æ®µ
2026-01-10 00:15:46 - simplegraph - INFO - simplegraph.py:1282 - å¼€å§‹æ£€æŸ¥å’Œä¼˜åŒ–æå–ç»“æœï¼ˆå¼‚æ­¥ï¼‰...
2026-01-10 00:16:18 - simplegraph - INFO - simplegraph.py:1287 - æ£€æŸ¥ä¼˜åŒ–å®Œæˆ
2026-01-10 00:16:18 - src.extractors.extractor - INFO - extractor.py:329 - å››æ­¥è§£æå®Œæˆ: 4 ä¸ªå®ä½“, 4 ä¸ªå…³ç³»
2026-01-10 00:16:18 - simplegraph - INFO - simplegraph.py:1251 - æå–å®Œæˆ: 4 ä¸ªå®ä½“, 4 ä¸ªå…³ç³»
2026-01-10 00:16:18 - simplegraph - INFO - simplegraph.py:683 - [ä»»åŠ¡ b9a38be5] âœ… æå–å®Œæˆ:
2026-01-10 00:16:18 - simplegraph - INFO - simplegraph.py:684 -   ğŸ“¦ æå–åˆ° 4 ä¸ªå®ä½“:
2026-01-10 00:16:18 - simplegraph - INFO - simplegraph.py:687 -      â€¢ æˆ‘ [ç”¨æˆ·]
2026-01-10 00:16:18 - simplegraph - INFO - simplegraph.py:688 -        æè¿°: ç”¨æˆ·æœ¬äºº
2026-01-10 00:16:18 - simplegraph - INFO - simplegraph.py:687 -      â€¢ å°æ¢… [å¯è”ç³»äºº]
2026-01-10 00:16:18 - simplegraph - INFO - simplegraph.py:688 -        æè¿°: ä¸€ä¸ªå…·ä½“çš„äºº
2026-01-10 00:16:18 - simplegraph - INFO - simplegraph.py:687 -      â€¢ æœ€è¿‘æ–°ä¸Šæ¶çš„å¸ƒå¨ƒå¨ƒ [å•†å“]
2026-01-10 00:16:18 - simplegraph - INFO - simplegraph.py:688 -        æè¿°: ä¸€æ¬¾æ–°ä¸Šæ¶çš„å¸ƒå¨ƒå¨ƒå•†å“
2026-01-10 00:16:18 - simplegraph - INFO - simplegraph.py:697 -        å±æ€§: ç±»å‹=å¸ƒå¨ƒå¨ƒ
2026-01-10 00:16:18 - simplegraph - INFO - simplegraph.py:687 -      â€¢ èŠå¤©è®°å½• [ä¿¡æ¯è®°å½•]
2026-01-10 00:16:18 - simplegraph - INFO - simplegraph.py:688 -        æè¿°: ç”¨æˆ·ä¹‹é—´çš„å¯¹è¯è®°å½•
2026-01-10 00:16:18 - simplegraph - INFO - simplegraph.py:699 -   ğŸ”— æå–åˆ° 4 ä¸ªå…³ç³»:
2026-01-10 00:16:18 - simplegraph - INFO - simplegraph.py:702 -      â€¢ æˆ‘ â†’ èŠå¤©è®°å½•:ä¿¡æ¯è®°å½•
2026-01-10 00:16:18 - simplegraph - INFO - simplegraph.py:703 -        æˆ‘æŸ¥çœ‹äº†æ˜¾ç¤ºæŸå†…å®¹çš„èŠå¤©è®°å½•
2026-01-10 00:16:18 - simplegraph - INFO - simplegraph.py:702 -      â€¢ èŠå¤©è®°å½•:ä¿¡æ¯è®°å½• â†’ å°æ¢…:å¯è”ç³»äºº
2026-01-10 00:16:18 - simplegraph - INFO - simplegraph.py:703 -        èŠå¤©è®°å½•ä¸­åŒ…å«å°æ¢…çš„å‘è¨€
2026-01-10 00:16:18 - simplegraph - INFO - simplegraph.py:702 -      â€¢ å°æ¢…:å¯è”ç³»äºº â†’ æœ€è¿‘æ–°ä¸Šæ¶çš„å¸ƒå¨ƒå¨ƒ:å•†å“
2026-01-10 00:16:18 - simplegraph - INFO - simplegraph.py:703 -        å°æ¢…è¡¨ç¤ºå–œæ¬¢è¯¥å¸ƒå¨ƒå¨ƒ
2026-01-10 00:16:18 - simplegraph - INFO - simplegraph.py:702 -      â€¢ èŠå¤©è®°å½•:ä¿¡æ¯è®°å½• â†’ å°æ¢…:å¯è”ç³»äºº
2026-01-10 00:16:18 - simplegraph - INFO - simplegraph.py:703 -        èŠå¤©è®°å½•æ˜¾ç¤ºå°æ¢…å–œæ¬¢æŸç‰©
2026-01-10 00:16:18 - simplegraph - INFO - simplegraph.py:827 - ä»»åŠ¡æ‰§è¡Œå®Œæˆ: GraphDelta(task_id=b9a38be5-a1c8-43e6-ba46-2230b547f0a8, 0 classes, 4 entities, 4 relationships)
2026-01-10 00:16:18 - simplegraph - INFO - simplegraph.py:881 - Worker 1 æå–å®Œæˆï¼Œä»»åŠ¡è¿›å…¥åˆå¹¶é˜Ÿåˆ—: b9a38be5...
2026-01-10 00:16:18 - simplegraph - INFO - simplegraph.py:930 - Merge Worker å¼€å§‹åˆå¹¶ä»»åŠ¡: b9a38be5...
2026-01-10 00:16:18 - simplegraph - INFO - simplegraph.py:996 - å¼€å§‹æ™ºèƒ½åˆå¹¶ä»»åŠ¡ç»“æœ: b9a38be5...
2026-01-10 00:16:18 - src.combiners.smart_merger - INFO - smart_merger.py:118 - å¼€å§‹æ™ºèƒ½åˆå¹¶: GraphDelta(task_id=b9a38be5-a1c8-43e6-ba46-2230b547f0a8, 0 classes, 4 entities, 4 relationships)
2026-01-10 00:16:18 - src.combiners.smart_merger - INFO - smart_merger.py:126 - ä½¿ç”¨LLMæ™ºèƒ½åˆå¹¶æ¨¡å¼
2026-01-10 00:16:47 - src.combiners.smart_merger - INFO - smart_merger.py:213 - æ™ºèƒ½åˆå¹¶å®Œæˆ: MergeResult: 2 duplicates, 0 conflicts, 0 aligned, 1 optimized
2026-01-10 00:16:47 - simplegraph - INFO - simplegraph.py:1028 - æ™ºèƒ½åˆå¹¶å®Œæˆ: MergeResult: 2 duplicates, 0 conflicts, 0 aligned, 1 optimized
2026-01-10 00:16:47 - src.combiners.combiner - INFO - combiner.py:149 - ============================================================
2026-01-10 00:16:47 - src.combiners.combiner - INFO - combiner.py:150 - å¼€å§‹èåˆå®ä½“å’Œå…³ç³»
2026-01-10 00:16:47 - src.combiners.combiner - INFO - combiner.py:151 - ============================================================
2026-01-10 00:16:47 - src.combiners.combiner - INFO - combiner.py:51 - å¼€å§‹èåˆ 4 ä¸ªå®ä½“åˆ°å›¾
2026-01-10 00:16:47 - src.combiners.combiner - INFO - combiner.py:74 - å®ä½“èåˆå®Œæˆ: æ–°å¢ 2 ä¸ª, æ›´æ–° 2 ä¸ª, å¤±è´¥ 0 ä¸ª
2026-01-10 00:16:47 - src.combiners.combiner - INFO - combiner.py:89 - å¼€å§‹èåˆ 4 ä¸ªå…³ç³»åˆ°å›¾
2026-01-10 00:16:47 - src.combiners.combiner - INFO - combiner.py:126 - å…³ç³»èåˆå®Œæˆ: æ–°å¢ 4 ä¸ª, æ›´æ–° 0 ä¸ª, å¤±è´¥ 0 ä¸ª
2026-01-10 00:16:47 - src.combiners.combiner - INFO - combiner.py:159 - ============================================================
2026-01-10 00:16:47 - src.combiners.combiner - INFO - combiner.py:160 - èåˆå®Œæˆ
2026-01-10 00:16:47 - src.combiners.combiner - INFO - combiner.py:161 - å›¾ç»Ÿè®¡: 10 ä¸ªå®ä½“, 12 ä¸ªå…³ç³»
2026-01-10 00:16:47 - src.combiners.combiner - INFO - combiner.py:164 - ============================================================
2026-01-10 00:16:47 - simplegraph - INFO - simplegraph.py:1389 - åº”ç”¨å¢é‡å®Œæˆ: å®ä½“ +2/~2, å…³ç³» +4/~0
2026-01-10 00:16:47 - simplegraph - INFO - simplegraph.py:1033 - ä»»åŠ¡ç»“æœå·²åˆå¹¶åˆ°ä¸»å›¾è°±: b9a38be5...
2026-01-10 00:16:47 - simplegraph - INFO - simplegraph.py:956 - Merge Worker ä»»åŠ¡åˆå¹¶å®Œæˆ: b9a38be5...
2026-01-10 00:16:47 - graph_service - INFO - graph_service.py:161 - ä»»åŠ¡ b9a38be5 å®Œæˆï¼Œå¼€å§‹è‡ªåŠ¨ä¿å­˜æ•°æ®åº“...
2026-01-10 00:16:47 - graph_service - INFO - graph_service.py:167 - ä¿å­˜å‰ç»Ÿè®¡: {'system': {'classes': 13, 'predefined_entities': 5}, 'graph': {'entities': 10, 'relationships': 12}, 'tasks': {'total': 1, 'by_status': {'pending': 0, 'running': 0, 'completed': 1, 'failed': 0, 'cancelled': 0}}}
2026-01-10 00:16:47 - graph_service - INFO - graph_service.py:173 - ä»»åŠ¡å¢é‡ç»Ÿè®¡: {'classes': 0, 'entities': 4, 'relationships': 4}
2026-01-10 00:16:47 - graph_service - INFO - graph_service.py:964 - ä¿å­˜æ•°æ®åº“åˆ°: D:\CourseResources\3s\CoRe\Personal-GUI-Agent\graphrag\backend\data\graph_database.pkl
2026-01-10 00:16:47 - simplegraph - INFO - simplegraph.py:385 - ä¿å­˜ Graph åˆ°: D:\CourseResources\3s\CoRe\Personal-GUI-Agent\graphrag\backend\data\graph_database.pkl
2026-01-10 00:16:47 - simplegraph - INFO - simplegraph.py:388 - Graph ä¿å­˜æˆåŠŸ: D:\CourseResources\3s\CoRe\Personal-GUI-Agent\graphrag\backend\data\graph_database.pkl
2026-01-10 00:16:47 - graph_service - INFO - graph_service.py:981 - æ•°æ®åº“ä¿å­˜æˆåŠŸ: D:\CourseResources\3s\CoRe\Personal-GUI-Agent\graphrag\backend\data\graph_database.pkl
2026-01-10 00:16:47 - graph_service - INFO - graph_service.py:180 - ä¿å­˜åç»Ÿè®¡: {'system': {'classes': 13, 'predefined_entities': 5}, 'graph': {'entities': 10, 'relationships': 12}, 'tasks': {'total': 1, 'by_status': {'pending': 0, 'running': 0, 'completed': 1, 'failed': 0, 'cancelled': 0}}}
2026-01-10 00:16:47 - graph_service - INFO - graph_service.py:182 - è‡ªåŠ¨ä¿å­˜æˆåŠŸ: æ•°æ®åº“å·²ä¿å­˜åˆ° D:\CourseResources\3s\CoRe\Personal-GUI-Agent\graphrag\backend\data\graph_database.pkl
2026-01-10 00:47:50 - graph_service - INFO - graph_service.py:964 - ä¿å­˜æ•°æ®åº“åˆ°: D:\CourseResources\3s\CoRe\Personal-GUI-Agent\graphrag\backend\data\graph_database.pkl
2026-01-10 00:47:50 - simplegraph - INFO - simplegraph.py:385 - ä¿å­˜ Graph åˆ°: D:\CourseResources\3s\CoRe\Personal-GUI-Agent\graphrag\backend\data\graph_database.pkl
2026-01-10 00:47:50 - simplegraph - INFO - simplegraph.py:388 - Graph ä¿å­˜æˆåŠŸ: D:\CourseResources\3s\CoRe\Personal-GUI-Agent\graphrag\backend\data\graph_database.pkl
2026-01-10 00:47:50 - graph_service - INFO - graph_service.py:981 - æ•°æ®åº“ä¿å­˜æˆåŠŸ: D:\CourseResources\3s\CoRe\Personal-GUI-Agent\graphrag\backend\data\graph_database.pkl
2026-01-10 00:47:50 - graph_service - INFO - graph_service.py:939 - æœåŠ¡å…³é—­å‰å·²è‡ªåŠ¨ä¿å­˜æ•°æ®åº“
2026-01-10 00:47:50 - simplegraph - INFO - simplegraph.py:211 - åœæ­¢ä»»åŠ¡å¤„ç†å™¨...
2026-01-10 00:47:50 - simplegraph - INFO - simplegraph.py:906 - Worker 2 è¢«å–æ¶ˆ
2026-01-10 00:47:50 - simplegraph - INFO - simplegraph.py:911 - Worker 2 åœæ­¢
2026-01-10 00:47:50 - simplegraph - INFO - simplegraph.py:906 - Worker 0 è¢«å–æ¶ˆ
2026-01-10 00:47:50 - simplegraph - INFO - simplegraph.py:911 - Worker 0 åœæ­¢
2026-01-10 00:47:50 - simplegraph - INFO - simplegraph.py:906 - Worker 1 è¢«å–æ¶ˆ
2026-01-10 00:47:50 - simplegraph - INFO - simplegraph.py:911 - Worker 1 åœæ­¢
2026-01-10 00:47:50 - simplegraph - INFO - simplegraph.py:978 - Merge Worker è¢«å–æ¶ˆ
2026-01-10 00:47:50 - simplegraph - INFO - simplegraph.py:983 - Merge Worker åœæ­¢
2026-01-10 00:47:50 - simplegraph - INFO - simplegraph.py:230 - ä»»åŠ¡å¤„ç†å™¨å·²åœæ­¢
2026-01-10 00:47:53 - graph_service - INFO - graph_service.py:46 - æ£€æµ‹åˆ°é»˜è®¤æ•°æ®åº“æ–‡ä»¶ï¼Œæ­£åœ¨åŠ è½½: D:\CourseResources\3s\CoRe\Personal-GUI-Agent\graphrag\backend\data\graph_database.pkl
2026-01-10 00:47:53 - simplegraph - INFO - simplegraph.py:403 - ä»æ–‡ä»¶åŠ è½½ Graph: D:\CourseResources\3s\CoRe\Personal-GUI-Agent\graphrag\backend\data\graph_database.pkl
2026-01-10 00:47:53 - simplegraph - INFO - simplegraph.py:99 - ============================================================
2026-01-10 00:47:53 - simplegraph - INFO - simplegraph.py:100 - åˆå§‹åŒ– SimpleGraph
2026-01-10 00:47:53 - simplegraph - INFO - simplegraph.py:101 - ============================================================
2026-01-10 00:47:53 - simplegraph - INFO - simplegraph.py:110 - åˆå§‹åŒ– LLM å®¢æˆ·ç«¯...
2026-01-10 00:47:55 - simplegraph - INFO - simplegraph.py:121 - LLM å®¢æˆ·ç«¯åˆå§‹åŒ–å®Œæˆ (verbose=False)
2026-01-10 00:47:55 - simplegraph - INFO - simplegraph.py:124 - åŠ è½½é¢„å®šä¹‰ System...
2026-01-10 00:47:55 - simplegraph - INFO - simplegraph.py:126 - System åŠ è½½å®Œæˆ: 13 ä¸ªç±»
2026-01-10 00:47:55 - simplegraph - INFO - simplegraph.py:129 - Graph åˆ›å»ºå®Œæˆ: 5 ä¸ªå®ä½“ï¼ˆå«é¢„å®šä¹‰ï¼‰
2026-01-10 00:47:55 - src.combiners.smart_merger - INFO - smart_merger.py:94 - å·²åŠ è½½æ™ºèƒ½åˆå¹¶æç¤ºè¯: D:\CourseResources\3s\CoRe\Personal-GUI-Agent\graphrag\simple_graphrag\config\prompts\smart_merge.txt
2026-01-10 00:47:55 - simplegraph - INFO - simplegraph.py:145 - æ™ºèƒ½åˆå¹¶å™¨åˆå§‹åŒ–å®Œæˆ (enable_smart_merge=True)
2026-01-10 00:47:55 - simplegraph - INFO - simplegraph.py:158 - SimpleGraph åˆå§‹åŒ–å®Œæˆ
2026-01-10 00:47:55 - simplegraph - INFO - simplegraph.py:159 - ============================================================
2026-01-10 00:47:55 - simplegraph - INFO - simplegraph.py:423 - Graph åŠ è½½æˆåŠŸ: 10 ä¸ªå®ä½“, 12 ä¸ªå…³ç³»
2026-01-10 00:47:55 - simplegraph - INFO - simplegraph.py:193 - å¯åŠ¨ 3 ä¸ªæå–workerså’Œ1ä¸ªåˆå¹¶worker...
2026-01-10 00:47:55 - simplegraph - INFO - simplegraph.py:204 - ä»»åŠ¡å¤„ç†å™¨å¯åŠ¨å®Œæˆ
2026-01-10 00:47:55 - graph_service - INFO - graph_service.py:57 - å·²ä»é»˜è®¤æ•°æ®åº“åŠ è½½: 10 ä¸ªå®ä½“
2026-01-10 00:47:55 - src.search.search_engine - INFO - search_engine.py:204 - æœç´¢å¼•æ“åˆå§‹åŒ–å®Œæˆ
2026-01-10 00:47:55 - graph_service - INFO - graph_service.py:79 - SimpleGraph service initialized and started.
2026-01-10 00:47:55 - simplegraph - INFO - simplegraph.py:844 - Worker 0 å¯åŠ¨
2026-01-10 00:47:55 - simplegraph - INFO - simplegraph.py:844 - Worker 1 å¯åŠ¨
2026-01-10 00:47:55 - simplegraph - INFO - simplegraph.py:844 - Worker 2 å¯åŠ¨
2026-01-10 00:47:55 - simplegraph - INFO - simplegraph.py:920 - Merge Worker å¯åŠ¨ï¼ˆä¸²è¡Œå¤„ç†ï¼‰
2026-01-10 00:48:04 - graph_service - INFO - graph_service.py:964 - ä¿å­˜æ•°æ®åº“åˆ°: D:\CourseResources\3s\CoRe\Personal-GUI-Agent\graphrag\backend\data\graph_database.pkl
2026-01-10 00:48:04 - simplegraph - INFO - simplegraph.py:385 - ä¿å­˜ Graph åˆ°: D:\CourseResources\3s\CoRe\Personal-GUI-Agent\graphrag\backend\data\graph_database.pkl
2026-01-10 00:48:04 - simplegraph - INFO - simplegraph.py:388 - Graph ä¿å­˜æˆåŠŸ: D:\CourseResources\3s\CoRe\Personal-GUI-Agent\graphrag\backend\data\graph_database.pkl
2026-01-10 00:48:04 - graph_service - INFO - graph_service.py:981 - æ•°æ®åº“ä¿å­˜æˆåŠŸ: D:\CourseResources\3s\CoRe\Personal-GUI-Agent\graphrag\backend\data\graph_database.pkl
2026-01-10 00:48:04 - graph_service - INFO - graph_service.py:939 - æœåŠ¡å…³é—­å‰å·²è‡ªåŠ¨ä¿å­˜æ•°æ®åº“
2026-01-10 00:48:04 - simplegraph - INFO - simplegraph.py:211 - åœæ­¢ä»»åŠ¡å¤„ç†å™¨...
2026-01-10 00:48:04 - simplegraph - INFO - simplegraph.py:906 - Worker 2 è¢«å–æ¶ˆ
2026-01-10 00:48:04 - simplegraph - INFO - simplegraph.py:911 - Worker 2 åœæ­¢
2026-01-10 00:48:04 - simplegraph - INFO - simplegraph.py:906 - Worker 0 è¢«å–æ¶ˆ
2026-01-10 00:48:04 - simplegraph - INFO - simplegraph.py:911 - Worker 0 åœæ­¢
2026-01-10 00:48:04 - simplegraph - INFO - simplegraph.py:978 - Merge Worker è¢«å–æ¶ˆ
2026-01-10 00:48:04 - simplegraph - INFO - simplegraph.py:983 - Merge Worker åœæ­¢
2026-01-10 00:48:04 - simplegraph - INFO - simplegraph.py:906 - Worker 1 è¢«å–æ¶ˆ
2026-01-10 00:48:04 - simplegraph - INFO - simplegraph.py:911 - Worker 1 åœæ­¢
2026-01-10 00:48:04 - simplegraph - INFO - simplegraph.py:230 - ä»»åŠ¡å¤„ç†å™¨å·²åœæ­¢
2026-01-10 00:48:29 - graph_service - INFO - graph_service.py:66 - åˆ›å»ºæ–°çš„ç©ºæ•°æ®åº“...
2026-01-10 00:48:29 - simplegraph - INFO - simplegraph.py:99 - ============================================================
2026-01-10 00:48:29 - simplegraph - INFO - simplegraph.py:100 - åˆå§‹åŒ– SimpleGraph
2026-01-10 00:48:29 - simplegraph - INFO - simplegraph.py:101 - ============================================================
2026-01-10 00:48:29 - simplegraph - INFO - simplegraph.py:110 - åˆå§‹åŒ– LLM å®¢æˆ·ç«¯...
2026-01-10 00:48:31 - simplegraph - INFO - simplegraph.py:121 - LLM å®¢æˆ·ç«¯åˆå§‹åŒ–å®Œæˆ (verbose=False)
2026-01-10 00:48:31 - simplegraph - INFO - simplegraph.py:124 - åŠ è½½é¢„å®šä¹‰ System...
2026-01-10 00:48:31 - simplegraph - INFO - simplegraph.py:126 - System åŠ è½½å®Œæˆ: 13 ä¸ªç±»
2026-01-10 00:48:31 - simplegraph - INFO - simplegraph.py:129 - Graph åˆ›å»ºå®Œæˆ: 5 ä¸ªå®ä½“ï¼ˆå«é¢„å®šä¹‰ï¼‰
2026-01-10 00:48:31 - src.combiners.smart_merger - INFO - smart_merger.py:94 - å·²åŠ è½½æ™ºèƒ½åˆå¹¶æç¤ºè¯: D:\CourseResources\3s\CoRe\Personal-GUI-Agent\graphrag\simple_graphrag\config\prompts\smart_merge.txt
2026-01-10 00:48:31 - simplegraph - INFO - simplegraph.py:145 - æ™ºèƒ½åˆå¹¶å™¨åˆå§‹åŒ–å®Œæˆ (enable_smart_merge=True)
2026-01-10 00:48:31 - simplegraph - INFO - simplegraph.py:158 - SimpleGraph åˆå§‹åŒ–å®Œæˆ
2026-01-10 00:48:31 - simplegraph - INFO - simplegraph.py:159 - ============================================================
2026-01-10 00:48:31 - simplegraph - INFO - simplegraph.py:193 - å¯åŠ¨ 3 ä¸ªæå–workerså’Œ1ä¸ªåˆå¹¶worker...
2026-01-10 00:48:31 - simplegraph - INFO - simplegraph.py:204 - ä»»åŠ¡å¤„ç†å™¨å¯åŠ¨å®Œæˆ
2026-01-10 00:48:31 - graph_service - INFO - graph_service.py:74 - æ–°æ•°æ®åº“åˆ›å»ºå®Œæˆ
2026-01-10 00:48:31 - src.search.search_engine - INFO - search_engine.py:204 - æœç´¢å¼•æ“åˆå§‹åŒ–å®Œæˆ
2026-01-10 00:48:31 - graph_service - INFO - graph_service.py:79 - SimpleGraph service initialized and started.
2026-01-10 00:48:31 - simplegraph - INFO - simplegraph.py:844 - Worker 0 å¯åŠ¨
2026-01-10 00:48:31 - simplegraph - INFO - simplegraph.py:844 - Worker 1 å¯åŠ¨
2026-01-10 00:48:31 - simplegraph - INFO - simplegraph.py:844 - Worker 2 å¯åŠ¨
2026-01-10 00:48:31 - simplegraph - INFO - simplegraph.py:920 - Merge Worker å¯åŠ¨ï¼ˆä¸²è¡Œå¤„ç†ï¼‰
2026-01-10 00:49:24 - simplegraph - INFO - simplegraph.py:258 - ä»»åŠ¡å·²æäº¤: c185481e...
2026-01-10 00:49:24 - simplegraph - INFO - simplegraph.py:854 - Worker 1 å¼€å§‹å¤„ç†ä»»åŠ¡: c185481e...
2026-01-10 00:49:24 - simplegraph - INFO - simplegraph.py:485 - å¼€å§‹æ‰§è¡Œä»»åŠ¡: c185481e-7767-4168-91df-ecf98fe77d7c
2026-01-10 00:49:24 - simplegraph - INFO - simplegraph.py:509 - [ä»»åŠ¡ c185481e] ğŸ”§ å¼€å§‹Systemæ›´æ–°é˜¶æ®µ
2026-01-10 00:49:24 - simplegraph - INFO - simplegraph.py:510 - [ä»»åŠ¡ c185481e] è¾“å…¥æ–‡æœ¬: æˆ‘çš„å¾®ä¿¡ä¸­æœ‰è¿™äº›è”ç³»äººï¼Œå°æ˜ï¼Œå°æ¢…ï¼Œå°å¼ ...
2026-01-10 00:49:30 - simplegraph - INFO - simplegraph.py:548 - [ä»»åŠ¡ c185481e] âœ“ Systemæ— éœ€æ›´æ–°ï¼Œç°æœ‰ç±»å®šä¹‰å·²è¶³å¤Ÿ
2026-01-10 00:49:30 - simplegraph - INFO - simplegraph.py:669 - [ä»»åŠ¡ c185481e] ğŸ” å¼€å§‹å®ä½“å’Œå…³ç³»æå–é˜¶æ®µ
2026-01-10 00:49:42 - simplegraph - INFO - simplegraph.py:1282 - å¼€å§‹æ£€æŸ¥å’Œä¼˜åŒ–æå–ç»“æœï¼ˆå¼‚æ­¥ï¼‰...
2026-01-10 00:50:27 - simplegraph - INFO - simplegraph.py:1287 - æ£€æŸ¥ä¼˜åŒ–å®Œæˆ
2026-01-10 00:50:27 - src.extractors.extractor - INFO - extractor.py:329 - å››æ­¥è§£æå®Œæˆ: 5 ä¸ªå®ä½“, 9 ä¸ªå…³ç³»
2026-01-10 00:50:27 - simplegraph - INFO - simplegraph.py:1251 - æå–å®Œæˆ: 5 ä¸ªå®ä½“, 9 ä¸ªå…³ç³»
2026-01-10 00:50:27 - simplegraph - INFO - simplegraph.py:683 - [ä»»åŠ¡ c185481e] âœ… æå–å®Œæˆ:
2026-01-10 00:50:27 - simplegraph - INFO - simplegraph.py:684 -   ğŸ“¦ æå–åˆ° 5 ä¸ªå®ä½“:
2026-01-10 00:50:27 - simplegraph - INFO - simplegraph.py:687 -      â€¢ ç”¨æˆ·æœ¬äºº [ç”¨æˆ·]
2026-01-10 00:50:27 - simplegraph - INFO - simplegraph.py:688 -        æè¿°: æ­£åœ¨æ“ä½œå¾®ä¿¡çš„ç”¨æˆ·ï¼Œæ˜¯å¾®ä¿¡è´¦å·çš„æ‰€æœ‰è€…
2026-01-10 00:50:27 - simplegraph - INFO - simplegraph.py:687 -      â€¢ å¾®ä¿¡åº”ç”¨ [å¯å¯åŠ¨åº”ç”¨, äº¤æµå¹³å°]
2026-01-10 00:50:27 - simplegraph - INFO - simplegraph.py:688 -        æè¿°: è…¾è®¯å…¬å¸å¼€å‘çš„å³æ—¶é€šè®¯å’Œç¤¾äº¤åº”ç”¨ï¼Œç”¨æˆ·æœ¬äººæ‰‹æœºä¸­å®‰è£…çš„ç‰ˆæœ¬
2026-01-10 00:50:27 - simplegraph - INFO - simplegraph.py:687 -      â€¢ è”ç³»äººå°æ˜ [å¯è”ç³»äºº]
2026-01-10 00:50:27 - simplegraph - INFO - simplegraph.py:688 -        æè¿°: ç”¨æˆ·æœ¬äººåœ¨å¾®ä¿¡é€šè®¯å½•ä¸­çš„è”ç³»äººï¼Œå§“åä¸ºå°æ˜
2026-01-10 00:50:27 - simplegraph - INFO - simplegraph.py:687 -      â€¢ è”ç³»äººå°æ¢… [å¯è”ç³»äºº]
2026-01-10 00:50:27 - simplegraph - INFO - simplegraph.py:688 -        æè¿°: ç”¨æˆ·æœ¬äººåœ¨å¾®ä¿¡é€šè®¯å½•ä¸­çš„è”ç³»äººï¼Œå§“åä¸ºå°æ¢…
2026-01-10 00:50:27 - simplegraph - INFO - simplegraph.py:687 -      â€¢ è”ç³»äººå°å¼  [å¯è”ç³»äºº]
2026-01-10 00:50:27 - simplegraph - INFO - simplegraph.py:688 -        æè¿°: ç”¨æˆ·æœ¬äººåœ¨å¾®ä¿¡é€šè®¯å½•ä¸­çš„è”ç³»äººï¼Œå§“åä¸ºå°å¼ 
2026-01-10 00:50:27 - simplegraph - INFO - simplegraph.py:699 -   ğŸ”— æå–åˆ° 9 ä¸ªå…³ç³»:
2026-01-10 00:50:27 - simplegraph - INFO - simplegraph.py:702 -      â€¢ ç”¨æˆ·æœ¬äºº â†’ å¾®ä¿¡åº”ç”¨:å¯å¯åŠ¨åº”ç”¨
2026-01-10 00:50:27 - simplegraph - INFO - simplegraph.py:703 -        æˆ‘ä½¿ç”¨å¾®ä¿¡
2026-01-10 00:50:27 - simplegraph - INFO - simplegraph.py:702 -      â€¢ ç”¨æˆ·æœ¬äºº â†’ è”ç³»äººå°æ˜:å¯è”ç³»äºº
2026-01-10 00:50:27 - simplegraph - INFO - simplegraph.py:703 -        æˆ‘è”ç³»å°æ˜
2026-01-10 00:50:27 - simplegraph - INFO - simplegraph.py:702 -      â€¢ ç”¨æˆ·æœ¬äºº â†’ è”ç³»äººå°æ¢…:å¯è”ç³»äºº
2026-01-10 00:50:27 - simplegraph - INFO - simplegraph.py:703 -        æˆ‘è”ç³»å°æ¢…
2026-01-10 00:50:27 - simplegraph - INFO - simplegraph.py:702 -      â€¢ ç”¨æˆ·æœ¬äºº â†’ è”ç³»äººå°å¼ :å¯è”ç³»äºº
2026-01-10 00:50:27 - simplegraph - INFO - simplegraph.py:703 -        æˆ‘è”ç³»å°å¼ 
2026-01-10 00:50:27 - simplegraph - INFO - simplegraph.py:702 -      â€¢ ç”¨æˆ·æœ¬äºº â†’ å¾®ä¿¡åº”ç”¨:äº¤æµå¹³å°
2026-01-10 00:50:27 - simplegraph - INFO - simplegraph.py:703 -        æˆ‘çš„å¾®ä¿¡
2026-01-10 00:50:27 - simplegraph - INFO - simplegraph.py:702 -      â€¢ å¾®ä¿¡åº”ç”¨:äº¤æµå¹³å° â†’ è”ç³»äººå°æ˜:å¯è”ç³»äºº
2026-01-10 00:50:27 - simplegraph - INFO - simplegraph.py:703 -        å¾®ä¿¡ä¸­æœ‰å°æ˜
2026-01-10 00:50:27 - simplegraph - INFO - simplegraph.py:702 -      â€¢ å¾®ä¿¡åº”ç”¨:äº¤æµå¹³å° â†’ è”ç³»äººå°æ¢…:å¯è”ç³»äºº
2026-01-10 00:50:27 - simplegraph - INFO - simplegraph.py:703 -        å¾®ä¿¡ä¸­æœ‰å°æ¢…
2026-01-10 00:50:27 - simplegraph - INFO - simplegraph.py:702 -      â€¢ å¾®ä¿¡åº”ç”¨:äº¤æµå¹³å° â†’ è”ç³»äººå°å¼ :å¯è”ç³»äºº
2026-01-10 00:50:27 - simplegraph - INFO - simplegraph.py:703 -        å¾®ä¿¡ä¸­æœ‰å°å¼ 
2026-01-10 00:50:27 - simplegraph - INFO - simplegraph.py:702 -      â€¢ ç”¨æˆ·æœ¬äºº â†’ å¾®ä¿¡åº”ç”¨:äº¤æµå¹³å°
2026-01-10 00:50:27 - simplegraph - INFO - simplegraph.py:703 -        æˆ‘çš„å¾®ä¿¡ä¸­æœ‰è¿™äº›è”ç³»äºº
2026-01-10 00:50:27 - simplegraph - INFO - simplegraph.py:827 - ä»»åŠ¡æ‰§è¡Œå®Œæˆ: GraphDelta(task_id=c185481e-7767-4168-91df-ecf98fe77d7c, 0 classes, 5 entities, 9 relationships)
2026-01-10 00:50:27 - simplegraph - INFO - simplegraph.py:881 - Worker 1 æå–å®Œæˆï¼Œä»»åŠ¡è¿›å…¥åˆå¹¶é˜Ÿåˆ—: c185481e...
2026-01-10 00:50:27 - simplegraph - INFO - simplegraph.py:930 - Merge Worker å¼€å§‹åˆå¹¶ä»»åŠ¡: c185481e...
2026-01-10 00:50:27 - simplegraph - INFO - simplegraph.py:996 - å¼€å§‹æ™ºèƒ½åˆå¹¶ä»»åŠ¡ç»“æœ: c185481e...
2026-01-10 00:50:27 - src.combiners.smart_merger - INFO - smart_merger.py:118 - å¼€å§‹æ™ºèƒ½åˆå¹¶: GraphDelta(task_id=c185481e-7767-4168-91df-ecf98fe77d7c, 0 classes, 5 entities, 9 relationships)
2026-01-10 00:50:27 - src.combiners.smart_merger - INFO - smart_merger.py:126 - ä½¿ç”¨LLMæ™ºèƒ½åˆå¹¶æ¨¡å¼
2026-01-10 00:51:08 - src.combiners.smart_merger - INFO - smart_merger.py:213 - æ™ºèƒ½åˆå¹¶å®Œæˆ: MergeResult: 2 duplicates, 0 conflicts, 5 aligned, 2 optimized
2026-01-10 00:51:08 - simplegraph - INFO - simplegraph.py:1028 - æ™ºèƒ½åˆå¹¶å®Œæˆ: MergeResult: 2 duplicates, 0 conflicts, 5 aligned, 2 optimized
2026-01-10 00:51:08 - src.combiners.combiner - INFO - combiner.py:149 - ============================================================
2026-01-10 00:51:08 - src.combiners.combiner - INFO - combiner.py:150 - å¼€å§‹èåˆå®ä½“å’Œå…³ç³»
2026-01-10 00:51:08 - src.combiners.combiner - INFO - combiner.py:151 - ============================================================
2026-01-10 00:51:08 - src.combiners.combiner - INFO - combiner.py:51 - å¼€å§‹èåˆ 5 ä¸ªå®ä½“åˆ°å›¾
2026-01-10 00:51:08 - src.combiners.combiner - INFO - combiner.py:74 - å®ä½“èåˆå®Œæˆ: æ–°å¢ 3 ä¸ª, æ›´æ–° 2 ä¸ª, å¤±è´¥ 0 ä¸ª
2026-01-10 00:51:08 - src.combiners.combiner - INFO - combiner.py:89 - å¼€å§‹èåˆ 9 ä¸ªå…³ç³»åˆ°å›¾
2026-01-10 00:51:08 - src.combiners.combiner - INFO - combiner.py:126 - å…³ç³»èåˆå®Œæˆ: æ–°å¢ 9 ä¸ª, æ›´æ–° 0 ä¸ª, å¤±è´¥ 0 ä¸ª
2026-01-10 00:51:08 - src.combiners.combiner - INFO - combiner.py:159 - ============================================================
2026-01-10 00:51:08 - src.combiners.combiner - INFO - combiner.py:160 - èåˆå®Œæˆ
2026-01-10 00:51:08 - src.combiners.combiner - INFO - combiner.py:161 - å›¾ç»Ÿè®¡: 8 ä¸ªå®ä½“, 9 ä¸ªå…³ç³»
2026-01-10 00:51:08 - src.combiners.combiner - INFO - combiner.py:164 - ============================================================
2026-01-10 00:51:08 - simplegraph - INFO - simplegraph.py:1389 - åº”ç”¨å¢é‡å®Œæˆ: å®ä½“ +3/~2, å…³ç³» +9/~0
2026-01-10 00:51:08 - simplegraph - INFO - simplegraph.py:1033 - ä»»åŠ¡ç»“æœå·²åˆå¹¶åˆ°ä¸»å›¾è°±: c185481e...
2026-01-10 00:51:08 - simplegraph - INFO - simplegraph.py:956 - Merge Worker ä»»åŠ¡åˆå¹¶å®Œæˆ: c185481e...
2026-01-10 00:51:08 - graph_service - INFO - graph_service.py:161 - ä»»åŠ¡ c185481e å®Œæˆï¼Œå¼€å§‹è‡ªåŠ¨ä¿å­˜æ•°æ®åº“...
2026-01-10 00:51:08 - graph_service - INFO - graph_service.py:167 - ä¿å­˜å‰ç»Ÿè®¡: {'system': {'classes': 13, 'predefined_entities': 5}, 'graph': {'entities': 8, 'relationships': 9}, 'tasks': {'total': 1, 'by_status': {'pending': 0, 'running': 0, 'completed': 1, 'failed': 0, 'cancelled': 0}}}
2026-01-10 00:51:08 - graph_service - INFO - graph_service.py:173 - ä»»åŠ¡å¢é‡ç»Ÿè®¡: {'classes': 0, 'entities': 5, 'relationships': 9}
2026-01-10 00:51:08 - graph_service - INFO - graph_service.py:964 - ä¿å­˜æ•°æ®åº“åˆ°: D:\CourseResources\3s\CoRe\Personal-GUI-Agent\graphrag\backend\data\graph_database.pkl
2026-01-10 00:51:08 - simplegraph - INFO - simplegraph.py:385 - ä¿å­˜ Graph åˆ°: D:\CourseResources\3s\CoRe\Personal-GUI-Agent\graphrag\backend\data\graph_database.pkl
2026-01-10 00:51:08 - simplegraph - INFO - simplegraph.py:388 - Graph ä¿å­˜æˆåŠŸ: D:\CourseResources\3s\CoRe\Personal-GUI-Agent\graphrag\backend\data\graph_database.pkl
2026-01-10 00:51:08 - graph_service - INFO - graph_service.py:981 - æ•°æ®åº“ä¿å­˜æˆåŠŸ: D:\CourseResources\3s\CoRe\Personal-GUI-Agent\graphrag\backend\data\graph_database.pkl
2026-01-10 00:51:08 - graph_service - INFO - graph_service.py:180 - ä¿å­˜åç»Ÿè®¡: {'system': {'classes': 13, 'predefined_entities': 5}, 'graph': {'entities': 8, 'relationships': 9}, 'tasks': {'total': 1, 'by_status': {'pending': 0, 'running': 0, 'completed': 1, 'failed': 0, 'cancelled': 0}}}
2026-01-10 00:51:08 - graph_service - INFO - graph_service.py:182 - è‡ªåŠ¨ä¿å­˜æˆåŠŸ: æ•°æ®åº“å·²ä¿å­˜åˆ° D:\CourseResources\3s\CoRe\Personal-GUI-Agent\graphrag\backend\data\graph_database.pkl
2026-01-10 00:51:23 - simplegraph - INFO - simplegraph.py:258 - ä»»åŠ¡å·²æäº¤: ef6e5494...
2026-01-10 00:51:23 - simplegraph - INFO - simplegraph.py:854 - Worker 2 å¼€å§‹å¤„ç†ä»»åŠ¡: ef6e5494...
2026-01-10 00:51:23 - simplegraph - INFO - simplegraph.py:485 - å¼€å§‹æ‰§è¡Œä»»åŠ¡: ef6e5494-99fc-41a2-8862-777fdceba146
2026-01-10 00:51:23 - simplegraph - INFO - simplegraph.py:509 - [ä»»åŠ¡ ef6e5494] ğŸ”§ å¼€å§‹Systemæ›´æ–°é˜¶æ®µ
2026-01-10 00:51:23 - simplegraph - INFO - simplegraph.py:510 - [ä»»åŠ¡ ef6e5494] è¾“å…¥æ–‡æœ¬: å°æ¢…è¯´æœ€è¿‘å–œæ¬¢åƒéº»è¾£çƒ«å’Œç«é”…...
2026-01-10 00:51:26 - simplegraph - INFO - simplegraph.py:548 - [ä»»åŠ¡ ef6e5494] âœ“ Systemæ— éœ€æ›´æ–°ï¼Œç°æœ‰ç±»å®šä¹‰å·²è¶³å¤Ÿ
2026-01-10 00:51:26 - simplegraph - INFO - simplegraph.py:669 - [ä»»åŠ¡ ef6e5494] ğŸ” å¼€å§‹å®ä½“å’Œå…³ç³»æå–é˜¶æ®µ
2026-01-10 00:51:33 - simplegraph - INFO - simplegraph.py:1282 - å¼€å§‹æ£€æŸ¥å’Œä¼˜åŒ–æå–ç»“æœï¼ˆå¼‚æ­¥ï¼‰...
2026-01-10 00:52:21 - simplegraph - INFO - simplegraph.py:1287 - æ£€æŸ¥ä¼˜åŒ–å®Œæˆ
2026-01-10 00:52:21 - src.extractors.extractor - INFO - extractor.py:329 - å››æ­¥è§£æå®Œæˆ: 3 ä¸ªå®ä½“, 4 ä¸ªå…³ç³»
2026-01-10 00:52:21 - simplegraph - INFO - simplegraph.py:1251 - æå–å®Œæˆ: 3 ä¸ªå®ä½“, 4 ä¸ªå…³ç³»
2026-01-10 00:52:21 - simplegraph - INFO - simplegraph.py:683 - [ä»»åŠ¡ ef6e5494] âœ… æå–å®Œæˆ:
2026-01-10 00:52:21 - simplegraph - INFO - simplegraph.py:684 -   ğŸ“¦ æå–åˆ° 3 ä¸ªå®ä½“:
2026-01-10 00:52:21 - simplegraph - INFO - simplegraph.py:687 -      â€¢ å°æ¢… [å¯è”ç³»äºº]
2026-01-10 00:52:21 - simplegraph - INFO - simplegraph.py:688 -        æè¿°: ä¸€ä¸ªå…·ä½“çš„äººï¼Œæ˜¯å½“å‰å¯¹è¯ä¸­ä¿¡æ¯çš„é™ˆè¿°è€…
2026-01-10 00:52:21 - simplegraph - INFO - simplegraph.py:687 -      â€¢ éº»è¾£çƒ« [å•†å“]
2026-01-10 00:52:21 - simplegraph - INFO - simplegraph.py:688 -        æè¿°: ä¸€ç§æµè¡Œçš„ä¸­å¼è¡—å¤´å°åƒï¼Œé€šå¸¸ç”±å„ç§é£Ÿæåœ¨éº»è¾£æ±¤åº•ä¸­çƒ«ç…®è€Œæˆ
2026-01-10 00:52:21 - simplegraph - INFO - simplegraph.py:687 -      â€¢ ç«é”… [å•†å“]
2026-01-10 00:52:21 - simplegraph - INFO - simplegraph.py:688 -        æè¿°: ä¸€ç§ä¸­å¼é¤é¥®æ–¹å¼ï¼Œé£Ÿå®¢å›´ååœ¨ç…®æœ‰æ±¤åº•çš„é”…æ—ï¼Œè‡ªè¡Œæ¶®ç…®é£Ÿæ
2026-01-10 00:52:21 - simplegraph - INFO - simplegraph.py:699 -   ğŸ”— æå–åˆ° 4 ä¸ªå…³ç³»:
2026-01-10 00:52:21 - simplegraph - INFO - simplegraph.py:702 -      â€¢ å°æ¢… â†’ éº»è¾£çƒ«:å•†å“
2026-01-10 00:52:21 - simplegraph - INFO - simplegraph.py:703 -        å°æ¢…å–œæ¬¢åƒéº»è¾£çƒ«
2026-01-10 00:52:21 - simplegraph - INFO - simplegraph.py:702 -      â€¢ å°æ¢… â†’ ç«é”…:å•†å“
2026-01-10 00:52:21 - simplegraph - INFO - simplegraph.py:703 -        å°æ¢…å–œæ¬¢åƒç«é”…
2026-01-10 00:52:21 - simplegraph - INFO - simplegraph.py:702 -      â€¢ å°æ¢… â†’ æˆ‘
2026-01-10 00:52:21 - simplegraph - INFO - simplegraph.py:703 -        å°æ¢…å¯¹æˆ‘è¯´
2026-01-10 00:52:21 - simplegraph - INFO - simplegraph.py:702 -      â€¢ å°æ¢… â†’ æˆ‘
2026-01-10 00:52:21 - simplegraph - INFO - simplegraph.py:703 -        å°æ¢…è¯´æœ€è¿‘å–œæ¬¢åƒéº»è¾£çƒ«å’Œç«é”…
2026-01-10 00:52:21 - simplegraph - INFO - simplegraph.py:827 - ä»»åŠ¡æ‰§è¡Œå®Œæˆ: GraphDelta(task_id=ef6e5494-99fc-41a2-8862-777fdceba146, 0 classes, 3 entities, 4 relationships)
2026-01-10 00:52:21 - simplegraph - INFO - simplegraph.py:881 - Worker 2 æå–å®Œæˆï¼Œä»»åŠ¡è¿›å…¥åˆå¹¶é˜Ÿåˆ—: ef6e5494...
2026-01-10 00:52:21 - simplegraph - INFO - simplegraph.py:930 - Merge Worker å¼€å§‹åˆå¹¶ä»»åŠ¡: ef6e5494...
2026-01-10 00:52:21 - simplegraph - INFO - simplegraph.py:996 - å¼€å§‹æ™ºèƒ½åˆå¹¶ä»»åŠ¡ç»“æœ: ef6e5494...
2026-01-10 00:52:21 - src.combiners.smart_merger - INFO - smart_merger.py:118 - å¼€å§‹æ™ºèƒ½åˆå¹¶: GraphDelta(task_id=ef6e5494-99fc-41a2-8862-777fdceba146, 0 classes, 3 entities, 4 relationships)
2026-01-10 00:52:21 - src.combiners.smart_merger - INFO - smart_merger.py:126 - ä½¿ç”¨LLMæ™ºèƒ½åˆå¹¶æ¨¡å¼
2026-01-10 00:52:45 - src.combiners.smart_merger - INFO - smart_merger.py:213 - æ™ºèƒ½åˆå¹¶å®Œæˆ: MergeResult: 1 duplicates, 1 conflicts, 0 aligned, 2 optimized
2026-01-10 00:52:45 - simplegraph - INFO - simplegraph.py:1028 - æ™ºèƒ½åˆå¹¶å®Œæˆ: MergeResult: 1 duplicates, 1 conflicts, 0 aligned, 2 optimized
2026-01-10 00:52:45 - src.combiners.combiner - INFO - combiner.py:149 - ============================================================
2026-01-10 00:52:45 - src.combiners.combiner - INFO - combiner.py:150 - å¼€å§‹èåˆå®ä½“å’Œå…³ç³»
2026-01-10 00:52:45 - src.combiners.combiner - INFO - combiner.py:151 - ============================================================
2026-01-10 00:52:45 - src.combiners.combiner - INFO - combiner.py:51 - å¼€å§‹èåˆ 3 ä¸ªå®ä½“åˆ°å›¾
2026-01-10 00:52:45 - src.combiners.combiner - INFO - combiner.py:74 - å®ä½“èåˆå®Œæˆ: æ–°å¢ 2 ä¸ª, æ›´æ–° 1 ä¸ª, å¤±è´¥ 0 ä¸ª
2026-01-10 00:52:45 - src.combiners.combiner - INFO - combiner.py:89 - å¼€å§‹èåˆ 4 ä¸ªå…³ç³»åˆ°å›¾
2026-01-10 00:52:45 - src.combiners.combiner - INFO - combiner.py:126 - å…³ç³»èåˆå®Œæˆ: æ–°å¢ 4 ä¸ª, æ›´æ–° 0 ä¸ª, å¤±è´¥ 0 ä¸ª
2026-01-10 00:52:45 - src.combiners.combiner - INFO - combiner.py:159 - ============================================================
2026-01-10 00:52:45 - src.combiners.combiner - INFO - combiner.py:160 - èåˆå®Œæˆ
2026-01-10 00:52:45 - src.combiners.combiner - INFO - combiner.py:161 - å›¾ç»Ÿè®¡: 10 ä¸ªå®ä½“, 13 ä¸ªå…³ç³»
2026-01-10 00:52:45 - src.combiners.combiner - INFO - combiner.py:164 - ============================================================
2026-01-10 00:52:45 - simplegraph - INFO - simplegraph.py:1389 - åº”ç”¨å¢é‡å®Œæˆ: å®ä½“ +2/~1, å…³ç³» +4/~0
2026-01-10 00:52:45 - simplegraph - INFO - simplegraph.py:1033 - ä»»åŠ¡ç»“æœå·²åˆå¹¶åˆ°ä¸»å›¾è°±: ef6e5494...
2026-01-10 00:52:45 - simplegraph - INFO - simplegraph.py:956 - Merge Worker ä»»åŠ¡åˆå¹¶å®Œæˆ: ef6e5494...
2026-01-10 00:52:45 - graph_service - INFO - graph_service.py:161 - ä»»åŠ¡ ef6e5494 å®Œæˆï¼Œå¼€å§‹è‡ªåŠ¨ä¿å­˜æ•°æ®åº“...
2026-01-10 00:52:45 - graph_service - INFO - graph_service.py:167 - ä¿å­˜å‰ç»Ÿè®¡: {'system': {'classes': 13, 'predefined_entities': 5}, 'graph': {'entities': 10, 'relationships': 13}, 'tasks': {'total': 2, 'by_status': {'pending': 0, 'running': 0, 'completed': 2, 'failed': 0, 'cancelled': 0}}}
2026-01-10 00:52:45 - graph_service - INFO - graph_service.py:173 - ä»»åŠ¡å¢é‡ç»Ÿè®¡: {'classes': 0, 'entities': 3, 'relationships': 4}
2026-01-10 00:52:45 - graph_service - INFO - graph_service.py:964 - ä¿å­˜æ•°æ®åº“åˆ°: D:\CourseResources\3s\CoRe\Personal-GUI-Agent\graphrag\backend\data\graph_database.pkl
2026-01-10 00:52:45 - simplegraph - INFO - simplegraph.py:385 - ä¿å­˜ Graph åˆ°: D:\CourseResources\3s\CoRe\Personal-GUI-Agent\graphrag\backend\data\graph_database.pkl
2026-01-10 00:52:45 - simplegraph - INFO - simplegraph.py:388 - Graph ä¿å­˜æˆåŠŸ: D:\CourseResources\3s\CoRe\Personal-GUI-Agent\graphrag\backend\data\graph_database.pkl
2026-01-10 00:52:45 - graph_service - INFO - graph_service.py:981 - æ•°æ®åº“ä¿å­˜æˆåŠŸ: D:\CourseResources\3s\CoRe\Personal-GUI-Agent\graphrag\backend\data\graph_database.pkl
2026-01-10 00:52:45 - graph_service - INFO - graph_service.py:180 - ä¿å­˜åç»Ÿè®¡: {'system': {'classes': 13, 'predefined_entities': 5}, 'graph': {'entities': 10, 'relationships': 13}, 'tasks': {'total': 2, 'by_status': {'pending': 0, 'running': 0, 'completed': 2, 'failed': 0, 'cancelled': 0}}}
2026-01-10 00:52:45 - graph_service - INFO - graph_service.py:182 - è‡ªåŠ¨ä¿å­˜æˆåŠŸ: æ•°æ®åº“å·²ä¿å­˜åˆ° D:\CourseResources\3s\CoRe\Personal-GUI-Agent\graphrag\backend\data\graph_database.pkl
2026-01-10 00:53:37 - simplegraph - INFO - simplegraph.py:258 - ä»»åŠ¡å·²æäº¤: 94224a86...
2026-01-10 00:53:37 - simplegraph - INFO - simplegraph.py:854 - Worker 0 å¼€å§‹å¤„ç†ä»»åŠ¡: 94224a86...
2026-01-10 00:53:37 - simplegraph - INFO - simplegraph.py:485 - å¼€å§‹æ‰§è¡Œä»»åŠ¡: 94224a86-c1a1-4bfd-8193-26172b74ea90
2026-01-10 00:53:37 - simplegraph - INFO - simplegraph.py:509 - [ä»»åŠ¡ 94224a86] ğŸ”§ å¼€å§‹Systemæ›´æ–°é˜¶æ®µ
2026-01-10 00:53:37 - simplegraph - INFO - simplegraph.py:510 - [ä»»åŠ¡ 94224a86] è¾“å…¥æ–‡æœ¬: æˆ‘ä¹ æƒ¯åœ¨å¤§ä¼—ç‚¹è¯„ä¸­æŸ¥çœ‹é¤å…çš„è¯„ä»·...
2026-01-10 00:53:48 - simplegraph - INFO - simplegraph.py:1149 - éœ€è¦æ‰©å±• Systemï¼Œæ¶‰åŠ 1 ä¸ªç±»
2026-01-10 00:53:48 - simplegraph - INFO - simplegraph.py:1153 - System æ‰©å±•å®Œæˆ: æ–°å¢ 0 ä¸ªç±», å¢å¼º 1 ä¸ªç±»
2026-01-10 00:53:48 - simplegraph - INFO - simplegraph.py:1111 - System å·²æ‰©å±•:
2026-01-10 00:53:48 - simplegraph - INFO - simplegraph.py:1112 -   æ–°å¢ç±»: []
2026-01-10 00:53:48 - simplegraph - INFO - simplegraph.py:1113 -   å¢å¼ºç±»: ['å•†å®¶']
2026-01-10 00:53:48 - simplegraph - INFO - simplegraph.py:527 - [ä»»åŠ¡ 94224a86] âœ… Systemæ›´æ–°å®Œæˆ:
2026-01-10 00:53:48 - simplegraph - INFO - simplegraph.py:541 -   ğŸ”§ å¢å¼ºç±»: å•†å®¶
2026-01-10 00:53:48 - simplegraph - INFO - simplegraph.py:542 -      æè¿°: ç°å®æˆ–è€…ç½‘ç»œä¸­çš„å…·ä½“å¯æ¶ˆè´¹çš„å•†å®¶ï¼Œå¦‚é¤å…ã€è¶…å¸‚ã€ç”µå½±é™¢ã€å’–å•¡å…ç­‰ï¼Œæˆ–è€…æŸä¸ªç½‘ç»œåº—é“ºï¼Œå¦‚æŸæŸå“ç‰Œæ——èˆ°åº—
2026-01-10 00:53:48 - simplegraph - INFO - simplegraph.py:544 -      å±æ€§: ç±»å‹, è¯„ä»·å¹³å°
2026-01-10 00:53:48 - simplegraph - INFO - simplegraph.py:669 - [ä»»åŠ¡ 94224a86] ğŸ” å¼€å§‹å®ä½“å’Œå…³ç³»æå–é˜¶æ®µ
2026-01-10 00:53:58 - simplegraph - INFO - simplegraph.py:1282 - å¼€å§‹æ£€æŸ¥å’Œä¼˜åŒ–æå–ç»“æœï¼ˆå¼‚æ­¥ï¼‰...
2026-01-10 00:54:40 - simplegraph - INFO - simplegraph.py:1287 - æ£€æŸ¥ä¼˜åŒ–å®Œæˆ
2026-01-10 00:54:40 - src.extractors.extractor - INFO - extractor.py:329 - å››æ­¥è§£æå®Œæˆ: 4 ä¸ªå®ä½“, 10 ä¸ªå…³ç³»
2026-01-10 00:54:40 - simplegraph - INFO - simplegraph.py:1251 - æå–å®Œæˆ: 4 ä¸ªå®ä½“, 10 ä¸ªå…³ç³»
2026-01-10 00:54:40 - simplegraph - INFO - simplegraph.py:683 - [ä»»åŠ¡ 94224a86] âœ… æå–å®Œæˆ:
2026-01-10 00:54:40 - simplegraph - INFO - simplegraph.py:684 -   ğŸ“¦ æå–åˆ° 4 ä¸ªå®ä½“:
2026-01-10 00:54:40 - simplegraph - INFO - simplegraph.py:687 -      â€¢ æˆ‘ [ç”¨æˆ·]
2026-01-10 00:54:40 - simplegraph - INFO - simplegraph.py:688 -        æè¿°: ç”¨æˆ·æœ¬äººï¼Œå³å½“å‰é™ˆè¿°è€…
2026-01-10 00:54:40 - simplegraph - INFO - simplegraph.py:687 -      â€¢ å¤§ä¼—ç‚¹è¯„ [å¯å¯åŠ¨åº”ç”¨, å†…å®¹å¹³å°]
2026-01-10 00:54:40 - simplegraph - INFO - simplegraph.py:688 -        æè¿°: ä¸€ä¸ªæä¾›æœ¬åœ°ç”Ÿæ´»æœåŠ¡ä¿¡æ¯ã€ç”¨æˆ·è¯„ä»·å’Œå•†æˆ·æ¨èçš„å†…å®¹ä¸æ¶ˆè´¹å†³ç­–å¹³å°
2026-01-10 00:54:40 - simplegraph - INFO - simplegraph.py:687 -      â€¢ æˆ‘å…³æ³¨çš„é¤å… [å•†å®¶]
2026-01-10 00:54:40 - simplegraph - INFO - simplegraph.py:688 -        æè¿°: ç”¨æˆ·æœ¬äººåœ¨å¤§ä¼—ç‚¹è¯„å¹³å°ä¸Šæµè§ˆæˆ–æ”¶è—çš„æŸä¸ªæˆ–æŸç±»é¤é¥®æœåŠ¡åœºæ‰€
2026-01-10 00:54:40 - simplegraph - INFO - simplegraph.py:697 -        å±æ€§: ç±»å‹=é¤å…, è¯„ä»·å¹³å°=å¤§ä¼—ç‚¹è¯„
2026-01-10 00:54:40 - simplegraph - INFO - simplegraph.py:687 -      â€¢ é¤å…çš„è¯„ä»· [ç”¨æˆ·è¯„ä»·]
2026-01-10 00:54:40 - simplegraph - INFO - simplegraph.py:688 -        æè¿°: é™„ç€äºç‰¹å®šé¤å…å•†å®¶ä¸‹çš„ï¼Œç”±å…¶ä»–ç”¨æˆ·å‘å¸ƒçš„å…³äºèœå“ã€æœåŠ¡ã€ç¯å¢ƒç­‰æ–¹é¢çš„åé¦ˆä¸è¯„åˆ†ä¿¡æ¯
2026-01-10 00:54:40 - simplegraph - INFO - simplegraph.py:697 -        å±æ€§: æ‰€å±å¹³å°=å¤§ä¼—ç‚¹è¯„, è¯„ä»·å¯¹è±¡=æˆ‘å…³æ³¨çš„é¤å…
2026-01-10 00:54:40 - simplegraph - INFO - simplegraph.py:699 -   ğŸ”— æå–åˆ° 10 ä¸ªå…³ç³»:
2026-01-10 00:54:40 - simplegraph - INFO - simplegraph.py:702 -      â€¢ æˆ‘ â†’ å¤§ä¼—ç‚¹è¯„:å¯å¯åŠ¨åº”ç”¨
2026-01-10 00:54:40 - simplegraph - INFO - simplegraph.py:703 -        æˆ‘æ‰“å¼€å¤§ä¼—ç‚¹è¯„
2026-01-10 00:54:40 - simplegraph - INFO - simplegraph.py:702 -      â€¢ æˆ‘ â†’ å¤§ä¼—ç‚¹è¯„
2026-01-10 00:54:40 - simplegraph - INFO - simplegraph.py:703 -        æˆ‘ä¹ æƒ¯ä½¿ç”¨å¤§ä¼—ç‚¹è¯„
2026-01-10 00:54:40 - simplegraph - INFO - simplegraph.py:702 -      â€¢ æˆ‘ â†’ æˆ‘å…³æ³¨çš„é¤å…:å•†å®¶
2026-01-10 00:54:40 - simplegraph - INFO - simplegraph.py:703 -        æˆ‘æŸ¥çœ‹é¤å…çš„ä¿¡æ¯
2026-01-10 00:54:40 - simplegraph - INFO - simplegraph.py:702 -      â€¢ æˆ‘ â†’ é¤å…çš„è¯„ä»·:ç”¨æˆ·è¯„ä»·
2026-01-10 00:54:40 - simplegraph - INFO - simplegraph.py:703 -        æˆ‘æŸ¥çœ‹è¯„ä»·
2026-01-10 00:54:40 - simplegraph - INFO - simplegraph.py:702 -      â€¢ å¤§ä¼—ç‚¹è¯„:å†…å®¹å¹³å° â†’ æˆ‘å…³æ³¨çš„é¤å…:å•†å®¶
2026-01-10 00:54:40 - simplegraph - INFO - simplegraph.py:703 -        å¤§ä¼—ç‚¹è¯„ä¸Šå±•ç¤ºé¤å…ä¿¡æ¯
2026-01-10 00:54:40 - simplegraph - INFO - simplegraph.py:702 -      â€¢ å¤§ä¼—ç‚¹è¯„:å†…å®¹å¹³å° â†’ é¤å…çš„è¯„ä»·:ç”¨æˆ·è¯„ä»·
2026-01-10 00:54:40 - simplegraph - INFO - simplegraph.py:703 -        å¤§ä¼—ç‚¹è¯„æ‰¿è½½ç”¨æˆ·è¯„ä»·
2026-01-10 00:54:40 - simplegraph - INFO - simplegraph.py:702 -      â€¢ æˆ‘å…³æ³¨çš„é¤å…:å•†å®¶ â†’ é¤å…çš„è¯„ä»·:ç”¨æˆ·è¯„ä»·
2026-01-10 00:54:40 - simplegraph - INFO - simplegraph.py:703 -        é¤å…æ‹¥æœ‰ç”¨æˆ·è¯„ä»·
2026-01-10 00:54:40 - simplegraph - INFO - simplegraph.py:702 -      â€¢ æˆ‘ â†’ é¤å…çš„è¯„ä»·:ç”¨æˆ·è¯„ä»·
2026-01-10 00:54:40 - simplegraph - INFO - simplegraph.py:703 -        æˆ‘ä¹ æƒ¯åœ¨å¤§ä¼—ç‚¹è¯„ä¸­æŸ¥çœ‹é¤å…çš„è¯„ä»·
2026-01-10 00:54:40 - simplegraph - INFO - simplegraph.py:702 -      â€¢ å¤§ä¼—ç‚¹è¯„:å†…å®¹å¹³å° â†’ é¤å…çš„è¯„ä»·:ç”¨æˆ·è¯„ä»·
2026-01-10 00:54:40 - simplegraph - INFO - simplegraph.py:703 -        æˆ‘é€šè¿‡å¤§ä¼—ç‚¹è¯„æŸ¥çœ‹é¤å…çš„è¯„ä»·
2026-01-10 00:54:40 - simplegraph - INFO - simplegraph.py:702 -      â€¢ æˆ‘ â†’ æˆ‘å…³æ³¨çš„é¤å…:å•†å®¶
2026-01-10 00:54:40 - simplegraph - INFO - simplegraph.py:703 -        æˆ‘é€šè¿‡å¤§ä¼—ç‚¹è¯„æŸ¥çœ‹è¯¥é¤å…çš„è¯„ä»·
2026-01-10 00:54:40 - simplegraph - INFO - simplegraph.py:827 - ä»»åŠ¡æ‰§è¡Œå®Œæˆ: GraphDelta(task_id=94224a86-c1a1-4bfd-8193-26172b74ea90, 1 classes, 4 entities, 10 relationships)
2026-01-10 00:54:40 - simplegraph - INFO - simplegraph.py:881 - Worker 0 æå–å®Œæˆï¼Œä»»åŠ¡è¿›å…¥åˆå¹¶é˜Ÿåˆ—: 94224a86...
2026-01-10 00:54:40 - simplegraph - INFO - simplegraph.py:930 - Merge Worker å¼€å§‹åˆå¹¶ä»»åŠ¡: 94224a86...
2026-01-10 00:54:40 - simplegraph - INFO - simplegraph.py:996 - å¼€å§‹æ™ºèƒ½åˆå¹¶ä»»åŠ¡ç»“æœ: 94224a86...
2026-01-10 00:54:40 - src.combiners.smart_merger - INFO - smart_merger.py:118 - å¼€å§‹æ™ºèƒ½åˆå¹¶: GraphDelta(task_id=94224a86-c1a1-4bfd-8193-26172b74ea90, 1 classes, 4 entities, 10 relationships)
2026-01-10 00:54:40 - src.combiners.smart_merger - INFO - smart_merger.py:126 - ä½¿ç”¨LLMæ™ºèƒ½åˆå¹¶æ¨¡å¼
2026-01-10 00:55:32 - src.combiners.smart_merger - INFO - smart_merger.py:213 - æ™ºèƒ½åˆå¹¶å®Œæˆ: MergeResult: 1 duplicates, 1 conflicts, 1 aligned, 2 optimized
2026-01-10 00:55:32 - simplegraph - INFO - simplegraph.py:1028 - æ™ºèƒ½åˆå¹¶å®Œæˆ: MergeResult: 1 duplicates, 1 conflicts, 1 aligned, 2 optimized
2026-01-10 00:55:32 - src.combiners.combiner - INFO - combiner.py:149 - ============================================================
2026-01-10 00:55:32 - src.combiners.combiner - INFO - combiner.py:150 - å¼€å§‹èåˆå®ä½“å’Œå…³ç³»
2026-01-10 00:55:32 - src.combiners.combiner - INFO - combiner.py:151 - ============================================================
2026-01-10 00:55:32 - src.combiners.combiner - INFO - combiner.py:51 - å¼€å§‹èåˆ 4 ä¸ªå®ä½“åˆ°å›¾
2026-01-10 00:55:32 - src.combiners.combiner - INFO - combiner.py:74 - å®ä½“èåˆå®Œæˆ: æ–°å¢ 3 ä¸ª, æ›´æ–° 1 ä¸ª, å¤±è´¥ 0 ä¸ª
2026-01-10 00:55:32 - src.combiners.combiner - INFO - combiner.py:89 - å¼€å§‹èåˆ 10 ä¸ªå…³ç³»åˆ°å›¾
2026-01-10 00:55:32 - src.combiners.combiner - INFO - combiner.py:126 - å…³ç³»èåˆå®Œæˆ: æ–°å¢ 10 ä¸ª, æ›´æ–° 0 ä¸ª, å¤±è´¥ 0 ä¸ª
2026-01-10 00:55:32 - src.combiners.combiner - INFO - combiner.py:159 - ============================================================
2026-01-10 00:55:32 - src.combiners.combiner - INFO - combiner.py:160 - èåˆå®Œæˆ
2026-01-10 00:55:32 - src.combiners.combiner - INFO - combiner.py:161 - å›¾ç»Ÿè®¡: 13 ä¸ªå®ä½“, 23 ä¸ªå…³ç³»
2026-01-10 00:55:32 - src.combiners.combiner - INFO - combiner.py:164 - ============================================================
2026-01-10 00:55:32 - simplegraph - INFO - simplegraph.py:1389 - åº”ç”¨å¢é‡å®Œæˆ: å®ä½“ +3/~1, å…³ç³» +10/~0
2026-01-10 00:55:32 - simplegraph - INFO - simplegraph.py:1033 - ä»»åŠ¡ç»“æœå·²åˆå¹¶åˆ°ä¸»å›¾è°±: 94224a86...
2026-01-10 00:55:32 - simplegraph - INFO - simplegraph.py:956 - Merge Worker ä»»åŠ¡åˆå¹¶å®Œæˆ: 94224a86...
2026-01-10 00:55:33 - graph_service - INFO - graph_service.py:161 - ä»»åŠ¡ 94224a86 å®Œæˆï¼Œå¼€å§‹è‡ªåŠ¨ä¿å­˜æ•°æ®åº“...
2026-01-10 00:55:33 - graph_service - INFO - graph_service.py:167 - ä¿å­˜å‰ç»Ÿè®¡: {'system': {'classes': 13, 'predefined_entities': 5}, 'graph': {'entities': 13, 'relationships': 23}, 'tasks': {'total': 3, 'by_status': {'pending': 0, 'running': 0, 'completed': 3, 'failed': 0, 'cancelled': 0}}}
2026-01-10 00:55:33 - graph_service - INFO - graph_service.py:173 - ä»»åŠ¡å¢é‡ç»Ÿè®¡: {'classes': 1, 'entities': 4, 'relationships': 10}
2026-01-10 00:55:33 - graph_service - INFO - graph_service.py:964 - ä¿å­˜æ•°æ®åº“åˆ°: D:\CourseResources\3s\CoRe\Personal-GUI-Agent\graphrag\backend\data\graph_database.pkl
2026-01-10 00:55:33 - simplegraph - INFO - simplegraph.py:385 - ä¿å­˜ Graph åˆ°: D:\CourseResources\3s\CoRe\Personal-GUI-Agent\graphrag\backend\data\graph_database.pkl
2026-01-10 00:55:33 - simplegraph - INFO - simplegraph.py:388 - Graph ä¿å­˜æˆåŠŸ: D:\CourseResources\3s\CoRe\Personal-GUI-Agent\graphrag\backend\data\graph_database.pkl
2026-01-10 00:55:33 - graph_service - INFO - graph_service.py:981 - æ•°æ®åº“ä¿å­˜æˆåŠŸ: D:\CourseResources\3s\CoRe\Personal-GUI-Agent\graphrag\backend\data\graph_database.pkl
2026-01-10 00:55:33 - graph_service - INFO - graph_service.py:180 - ä¿å­˜åç»Ÿè®¡: {'system': {'classes': 13, 'predefined_entities': 5}, 'graph': {'entities': 13, 'relationships': 23}, 'tasks': {'total': 3, 'by_status': {'pending': 0, 'running': 0, 'completed': 3, 'failed': 0, 'cancelled': 0}}}
2026-01-10 00:55:33 - graph_service - INFO - graph_service.py:182 - è‡ªåŠ¨ä¿å­˜æˆåŠŸ: æ•°æ®åº“å·²ä¿å­˜åˆ° D:\CourseResources\3s\CoRe\Personal-GUI-Agent\graphrag\backend\data\graph_database.pkl
2026-01-10 00:57:09 - graph_service - INFO - graph_service.py:964 - ä¿å­˜æ•°æ®åº“åˆ°: D:\CourseResources\3s\CoRe\Personal-GUI-Agent\graphrag\backend\data\graph_database.pkl
2026-01-10 00:57:09 - simplegraph - INFO - simplegraph.py:385 - ä¿å­˜ Graph åˆ°: D:\CourseResources\3s\CoRe\Personal-GUI-Agent\graphrag\backend\data\graph_database.pkl
2026-01-10 00:57:09 - simplegraph - INFO - simplegraph.py:388 - Graph ä¿å­˜æˆåŠŸ: D:\CourseResources\3s\CoRe\Personal-GUI-Agent\graphrag\backend\data\graph_database.pkl
2026-01-10 00:57:09 - graph_service - INFO - graph_service.py:981 - æ•°æ®åº“ä¿å­˜æˆåŠŸ: D:\CourseResources\3s\CoRe\Personal-GUI-Agent\graphrag\backend\data\graph_database.pkl
2026-01-10 00:57:09 - graph_service - INFO - graph_service.py:939 - æœåŠ¡å…³é—­å‰å·²è‡ªåŠ¨ä¿å­˜æ•°æ®åº“
2026-01-10 00:57:09 - simplegraph - INFO - simplegraph.py:211 - åœæ­¢ä»»åŠ¡å¤„ç†å™¨...
2026-01-10 00:57:09 - simplegraph - INFO - simplegraph.py:906 - Worker 2 è¢«å–æ¶ˆ
2026-01-10 00:57:09 - simplegraph - INFO - simplegraph.py:911 - Worker 2 åœæ­¢
2026-01-10 00:57:09 - simplegraph - INFO - simplegraph.py:906 - Worker 0 è¢«å–æ¶ˆ
2026-01-10 00:57:09 - simplegraph - INFO - simplegraph.py:911 - Worker 0 åœæ­¢
2026-01-10 00:57:09 - simplegraph - INFO - simplegraph.py:978 - Merge Worker è¢«å–æ¶ˆ
2026-01-10 00:57:09 - simplegraph - INFO - simplegraph.py:983 - Merge Worker åœæ­¢
2026-01-10 00:57:09 - simplegraph - INFO - simplegraph.py:906 - Worker 1 è¢«å–æ¶ˆ
2026-01-10 00:57:09 - simplegraph - INFO - simplegraph.py:911 - Worker 1 åœæ­¢
2026-01-10 00:57:09 - simplegraph - INFO - simplegraph.py:230 - ä»»åŠ¡å¤„ç†å™¨å·²åœæ­¢
2026-01-10 00:57:11 - graph_service - INFO - graph_service.py:46 - æ£€æµ‹åˆ°é»˜è®¤æ•°æ®åº“æ–‡ä»¶ï¼Œæ­£åœ¨åŠ è½½: D:\CourseResources\3s\CoRe\Personal-GUI-Agent\graphrag\backend\data\graph_database.pkl
2026-01-10 00:57:11 - simplegraph - INFO - simplegraph.py:403 - ä»æ–‡ä»¶åŠ è½½ Graph: D:\CourseResources\3s\CoRe\Personal-GUI-Agent\graphrag\backend\data\graph_database.pkl
2026-01-10 00:57:11 - simplegraph - INFO - simplegraph.py:99 - ============================================================
2026-01-10 00:57:11 - simplegraph - INFO - simplegraph.py:100 - åˆå§‹åŒ– SimpleGraph
2026-01-10 00:57:11 - simplegraph - INFO - simplegraph.py:101 - ============================================================
2026-01-10 00:57:11 - simplegraph - INFO - simplegraph.py:110 - åˆå§‹åŒ– LLM å®¢æˆ·ç«¯...
2026-01-10 00:57:13 - simplegraph - INFO - simplegraph.py:121 - LLM å®¢æˆ·ç«¯åˆå§‹åŒ–å®Œæˆ (verbose=False)
2026-01-10 00:57:13 - simplegraph - INFO - simplegraph.py:124 - åŠ è½½é¢„å®šä¹‰ System...
2026-01-10 00:57:13 - simplegraph - INFO - simplegraph.py:126 - System åŠ è½½å®Œæˆ: 13 ä¸ªç±»
2026-01-10 00:57:13 - simplegraph - INFO - simplegraph.py:129 - Graph åˆ›å»ºå®Œæˆ: 5 ä¸ªå®ä½“ï¼ˆå«é¢„å®šä¹‰ï¼‰
2026-01-10 00:57:13 - src.combiners.smart_merger - INFO - smart_merger.py:94 - å·²åŠ è½½æ™ºèƒ½åˆå¹¶æç¤ºè¯: D:\CourseResources\3s\CoRe\Personal-GUI-Agent\graphrag\simple_graphrag\config\prompts\smart_merge.txt
2026-01-10 00:57:13 - simplegraph - INFO - simplegraph.py:145 - æ™ºèƒ½åˆå¹¶å™¨åˆå§‹åŒ–å®Œæˆ (enable_smart_merge=True)
2026-01-10 00:57:13 - simplegraph - INFO - simplegraph.py:158 - SimpleGraph åˆå§‹åŒ–å®Œæˆ
2026-01-10 00:57:13 - simplegraph - INFO - simplegraph.py:159 - ============================================================
2026-01-10 00:57:13 - simplegraph - INFO - simplegraph.py:423 - Graph åŠ è½½æˆåŠŸ: 13 ä¸ªå®ä½“, 23 ä¸ªå…³ç³»
2026-01-10 00:57:13 - simplegraph - INFO - simplegraph.py:193 - å¯åŠ¨ 3 ä¸ªæå–workerså’Œ1ä¸ªåˆå¹¶worker...
2026-01-10 00:57:13 - simplegraph - INFO - simplegraph.py:204 - ä»»åŠ¡å¤„ç†å™¨å¯åŠ¨å®Œæˆ
2026-01-10 00:57:13 - graph_service - INFO - graph_service.py:57 - å·²ä»é»˜è®¤æ•°æ®åº“åŠ è½½: 13 ä¸ªå®ä½“
2026-01-10 00:57:13 - src.search.search_engine - INFO - search_engine.py:204 - æœç´¢å¼•æ“åˆå§‹åŒ–å®Œæˆ
2026-01-10 00:57:13 - graph_service - INFO - graph_service.py:79 - SimpleGraph service initialized and started.
2026-01-10 00:57:13 - simplegraph - INFO - simplegraph.py:844 - Worker 0 å¯åŠ¨
2026-01-10 00:57:13 - simplegraph - INFO - simplegraph.py:844 - Worker 1 å¯åŠ¨
2026-01-10 00:57:13 - simplegraph - INFO - simplegraph.py:844 - Worker 2 å¯åŠ¨
2026-01-10 00:57:13 - simplegraph - INFO - simplegraph.py:920 - Merge Worker å¯åŠ¨ï¼ˆä¸²è¡Œå¤„ç†ï¼‰
2026-01-10 00:57:22 - graph_service - INFO - graph_service.py:964 - ä¿å­˜æ•°æ®åº“åˆ°: D:\CourseResources\3s\CoRe\Personal-GUI-Agent\graphrag\backend\data\graph_database.pkl
2026-01-10 00:57:22 - simplegraph - INFO - simplegraph.py:385 - ä¿å­˜ Graph åˆ°: D:\CourseResources\3s\CoRe\Personal-GUI-Agent\graphrag\backend\data\graph_database.pkl
2026-01-10 00:57:22 - simplegraph - INFO - simplegraph.py:388 - Graph ä¿å­˜æˆåŠŸ: D:\CourseResources\3s\CoRe\Personal-GUI-Agent\graphrag\backend\data\graph_database.pkl
2026-01-10 00:57:22 - graph_service - INFO - graph_service.py:981 - æ•°æ®åº“ä¿å­˜æˆåŠŸ: D:\CourseResources\3s\CoRe\Personal-GUI-Agent\graphrag\backend\data\graph_database.pkl
2026-01-10 00:57:22 - graph_service - INFO - graph_service.py:939 - æœåŠ¡å…³é—­å‰å·²è‡ªåŠ¨ä¿å­˜æ•°æ®åº“
2026-01-10 00:57:22 - simplegraph - INFO - simplegraph.py:211 - åœæ­¢ä»»åŠ¡å¤„ç†å™¨...
2026-01-10 00:57:22 - simplegraph - INFO - simplegraph.py:906 - Worker 2 è¢«å–æ¶ˆ
2026-01-10 00:57:22 - simplegraph - INFO - simplegraph.py:911 - Worker 2 åœæ­¢
2026-01-10 00:57:22 - simplegraph - INFO - simplegraph.py:906 - Worker 0 è¢«å–æ¶ˆ
2026-01-10 00:57:22 - simplegraph - INFO - simplegraph.py:911 - Worker 0 åœæ­¢
2026-01-10 00:57:22 - simplegraph - INFO - simplegraph.py:978 - Merge Worker è¢«å–æ¶ˆ
2026-01-10 00:57:22 - simplegraph - INFO - simplegraph.py:983 - Merge Worker åœæ­¢
2026-01-10 00:57:22 - simplegraph - INFO - simplegraph.py:906 - Worker 1 è¢«å–æ¶ˆ
2026-01-10 00:57:22 - simplegraph - INFO - simplegraph.py:911 - Worker 1 åœæ­¢
2026-01-10 00:57:22 - simplegraph - INFO - simplegraph.py:230 - ä»»åŠ¡å¤„ç†å™¨å·²åœæ­¢
2026-01-10 00:57:28 - graph_service - INFO - graph_service.py:66 - åˆ›å»ºæ–°çš„ç©ºæ•°æ®åº“...
2026-01-10 00:57:28 - simplegraph - INFO - simplegraph.py:99 - ============================================================
2026-01-10 00:57:28 - simplegraph - INFO - simplegraph.py:100 - åˆå§‹åŒ– SimpleGraph
2026-01-10 00:57:28 - simplegraph - INFO - simplegraph.py:101 - ============================================================
2026-01-10 00:57:28 - simplegraph - INFO - simplegraph.py:110 - åˆå§‹åŒ– LLM å®¢æˆ·ç«¯...
2026-01-10 00:57:30 - simplegraph - INFO - simplegraph.py:121 - LLM å®¢æˆ·ç«¯åˆå§‹åŒ–å®Œæˆ (verbose=False)
2026-01-10 00:57:30 - simplegraph - INFO - simplegraph.py:124 - åŠ è½½é¢„å®šä¹‰ System...
2026-01-10 00:57:30 - simplegraph - INFO - simplegraph.py:126 - System åŠ è½½å®Œæˆ: 13 ä¸ªç±»
2026-01-10 00:57:30 - simplegraph - INFO - simplegraph.py:129 - Graph åˆ›å»ºå®Œæˆ: 5 ä¸ªå®ä½“ï¼ˆå«é¢„å®šä¹‰ï¼‰
2026-01-10 00:57:30 - src.combiners.smart_merger - INFO - smart_merger.py:94 - å·²åŠ è½½æ™ºèƒ½åˆå¹¶æç¤ºè¯: D:\CourseResources\3s\CoRe\Personal-GUI-Agent\graphrag\simple_graphrag\config\prompts\smart_merge.txt
2026-01-10 00:57:30 - simplegraph - INFO - simplegraph.py:145 - æ™ºèƒ½åˆå¹¶å™¨åˆå§‹åŒ–å®Œæˆ (enable_smart_merge=True)
2026-01-10 00:57:30 - simplegraph - INFO - simplegraph.py:158 - SimpleGraph åˆå§‹åŒ–å®Œæˆ
2026-01-10 00:57:30 - simplegraph - INFO - simplegraph.py:159 - ============================================================
2026-01-10 00:57:30 - simplegraph - INFO - simplegraph.py:193 - å¯åŠ¨ 3 ä¸ªæå–workerså’Œ1ä¸ªåˆå¹¶worker...
2026-01-10 00:57:30 - simplegraph - INFO - simplegraph.py:204 - ä»»åŠ¡å¤„ç†å™¨å¯åŠ¨å®Œæˆ
2026-01-10 00:57:30 - graph_service - INFO - graph_service.py:74 - æ–°æ•°æ®åº“åˆ›å»ºå®Œæˆ
2026-01-10 00:57:30 - src.search.search_engine - INFO - search_engine.py:204 - æœç´¢å¼•æ“åˆå§‹åŒ–å®Œæˆ
2026-01-10 00:57:30 - graph_service - INFO - graph_service.py:79 - SimpleGraph service initialized and started.
2026-01-10 00:57:30 - simplegraph - INFO - simplegraph.py:844 - Worker 0 å¯åŠ¨
2026-01-10 00:57:30 - simplegraph - INFO - simplegraph.py:844 - Worker 1 å¯åŠ¨
2026-01-10 00:57:30 - simplegraph - INFO - simplegraph.py:844 - Worker 2 å¯åŠ¨
2026-01-10 00:57:30 - simplegraph - INFO - simplegraph.py:920 - Merge Worker å¯åŠ¨ï¼ˆä¸²è¡Œå¤„ç†ï¼‰
2026-01-10 01:15:53 - simplegraph - INFO - simplegraph.py:258 - ä»»åŠ¡å·²æäº¤: 477c4580...
2026-01-10 01:15:53 - simplegraph - INFO - simplegraph.py:854 - Worker 1 å¼€å§‹å¤„ç†ä»»åŠ¡: 477c4580...
2026-01-10 01:15:53 - simplegraph - INFO - simplegraph.py:485 - å¼€å§‹æ‰§è¡Œä»»åŠ¡: 477c4580-b562-4d9c-8141-363f45fcb253
2026-01-10 01:15:53 - simplegraph - INFO - simplegraph.py:509 - [ä»»åŠ¡ 477c4580] ğŸ”§ å¼€å§‹Systemæ›´æ–°é˜¶æ®µ
2026-01-10 01:15:53 - simplegraph - INFO - simplegraph.py:510 - [ä»»åŠ¡ 477c4580] è¾“å…¥æ–‡æœ¬: æˆ‘åœ¨ä¸»å±å¹•ä¸Šæ»‘åŠ¨æ‰¾åˆ°å¹¶ç‚¹å‡»äº†â€œç¾å›¢â€åº”ç”¨å›¾æ ‡ï¼Œæ‰“å¼€ç¾å›¢åº”ç”¨ã€‚

åœ¨ç¾å›¢é¦–é¡µï¼Œæˆ‘ç‚¹å‡»åº•éƒ¨å¯¼èˆªæ çš„â€œæˆ‘çš„â€æŒ‰é’®ï¼Œè¿›å…¥ä¸ªäººä¸­å¿ƒé¡µé¢ã€‚

åœ¨ä¸ªäººä¸­å¿ƒé¡µé¢ï¼Œæˆ‘ç‚¹å‡»â€œæˆ‘çš„è®¢å•â€é€‰é¡¹ï¼Œè¿›å…¥å†å²è®¢å•åˆ—è¡¨ã€‚

åœ¨è®¢å•åˆ—...
2026-01-10 01:15:58 - simplegraph - INFO - simplegraph.py:258 - ä»»åŠ¡å·²æäº¤: 0385176d...
2026-01-10 01:15:59 - simplegraph - INFO - simplegraph.py:854 - Worker 0 å¼€å§‹å¤„ç†ä»»åŠ¡: 0385176d...
2026-01-10 01:15:59 - simplegraph - INFO - simplegraph.py:485 - å¼€å§‹æ‰§è¡Œä»»åŠ¡: 0385176d-6d5a-40d5-8625-03ef25ff5165
2026-01-10 01:15:59 - simplegraph - INFO - simplegraph.py:509 - [ä»»åŠ¡ 0385176d] ğŸ”§ å¼€å§‹Systemæ›´æ–°é˜¶æ®µ
2026-01-10 01:15:59 - simplegraph - INFO - simplegraph.py:510 - [ä»»åŠ¡ 0385176d] è¾“å…¥æ–‡æœ¬: åœ¨é¦–é¡µé¡¶éƒ¨ï¼Œæˆ‘ç‚¹å‡»æœç´¢æ¡†ï¼Œè¾“å…¥å…³é”®è¯â€œé™„è¿‘é¤å…â€ï¼Œç„¶åç‚¹å‡»æœç´¢æŒ‰é’®ã€‚

åœ¨æœç´¢ç»“æœé¡µé¢ï¼Œæˆ‘çœ‹åˆ°åˆ—è¡¨ç¬¬ä¸€æ¡æ˜¾ç¤ºä¸ºâ€œå¼ ä¸‰çš„åº—â€ï¼Œå³ä¾§æ ‡æœ‰è¯„åˆ†â€œ4.8æ˜Ÿâ€ã€‚

æˆ‘ç‚¹å‡»â€œå¼ ä¸‰çš„åº—â€çš„æ¡ç›®ï¼Œè¿›å…¥åº—é“ºè¯¦æƒ…é¡µï¼Œé¡µé¢...
2026-01-10 01:16:09 - simplegraph - INFO - simplegraph.py:1149 - éœ€è¦æ‰©å±• Systemï¼Œæ¶‰åŠ 4 ä¸ªç±»
2026-01-10 01:16:09 - simplegraph - INFO - simplegraph.py:1153 - System æ‰©å±•å®Œæˆ: æ–°å¢ 3 ä¸ªç±», å¢å¼º 1 ä¸ªç±»
2026-01-10 01:16:09 - simplegraph - INFO - simplegraph.py:1111 - System å·²æ‰©å±•:
2026-01-10 01:16:09 - simplegraph - INFO - simplegraph.py:1112 -   æ–°å¢ç±»: ['è®¢å•', 'èœå“', 'å¤–å–å¹³å°']
2026-01-10 01:16:09 - simplegraph - INFO - simplegraph.py:1113 -   å¢å¼ºç±»: ['å•†å®¶']
2026-01-10 01:16:09 - simplegraph - INFO - simplegraph.py:527 - [ä»»åŠ¡ 477c4580] âœ… Systemæ›´æ–°å®Œæˆ:
2026-01-10 01:16:09 - simplegraph - INFO - simplegraph.py:531 -   âœ¨ æ–°å¢ç±»: è®¢å•
2026-01-10 01:16:09 - simplegraph - INFO - simplegraph.py:532 -      æè¿°: ç”¨æˆ·åœ¨å¹³å°ï¼ˆå¦‚è´­ç‰©å¹³å°ã€å¤–å–å¹³å°ï¼‰ä¸Šå®Œæˆäº¤æ˜“åäº§ç”Ÿçš„è®°å½•
2026-01-10 01:16:09 - simplegraph - INFO - simplegraph.py:534 -      å±æ€§: è®¢å•ç¼–å·, ä¸‹å•æ—¶é—´, è®¢å•çŠ¶æ€, å…³è”å•†å®¶, è®¢å•å†…å®¹, æ‰€å±å¹³å°
2026-01-10 01:16:09 - simplegraph - INFO - simplegraph.py:531 -   âœ¨ æ–°å¢ç±»: èœå“
2026-01-10 01:16:09 - simplegraph - INFO - simplegraph.py:532 -      æè¿°: å•†å®¶æä¾›çš„å¯ä¾›ç‚¹é¤çš„é£Ÿå“æˆ–é¥®æ–™é¡¹ç›®
2026-01-10 01:16:09 - simplegraph - INFO - simplegraph.py:534 -      å±æ€§: åç§°, æè¿°, æ‰€å±å•†å®¶
2026-01-10 01:16:09 - simplegraph - INFO - simplegraph.py:531 -   âœ¨ æ–°å¢ç±»: å¤–å–å¹³å°
2026-01-10 01:16:09 - simplegraph - INFO - simplegraph.py:532 -      æè¿°: ä¸“é—¨æä¾›åœ¨çº¿ç‚¹é¤å’Œå¤–å–é…é€æœåŠ¡çš„å¹³å°
2026-01-10 01:16:09 - simplegraph - INFO - simplegraph.py:534 -      å±æ€§: å¹³å°åç§°
2026-01-10 01:16:09 - simplegraph - INFO - simplegraph.py:541 -   ğŸ”§ å¢å¼ºç±»: å•†å®¶
2026-01-10 01:16:09 - simplegraph - INFO - simplegraph.py:542 -      æè¿°: ç°å®æˆ–è€…ç½‘ç»œä¸­çš„å…·ä½“å¯æ¶ˆè´¹çš„å•†å®¶ï¼Œå¦‚é¤å…ã€è¶…å¸‚ã€ç”µå½±é™¢ã€å’–å•¡å…ç­‰ï¼Œæˆ–è€…æŸä¸ªç½‘ç»œåº—é“ºï¼Œå¦‚æŸæŸå“ç‰Œæ——èˆ°åº—
2026-01-10 01:16:09 - simplegraph - INFO - simplegraph.py:544 -      å±æ€§: ç±»å‹, å•†å®¶åç§°
2026-01-10 01:16:09 - simplegraph - INFO - simplegraph.py:669 - [ä»»åŠ¡ 477c4580] ğŸ” å¼€å§‹å®ä½“å’Œå…³ç³»æå–é˜¶æ®µ
2026-01-10 01:16:14 - simplegraph - INFO - simplegraph.py:1149 - éœ€è¦æ‰©å±• Systemï¼Œæ¶‰åŠ 4 ä¸ªç±»
2026-01-10 01:16:14 - simplegraph - INFO - simplegraph.py:1153 - System æ‰©å±•å®Œæˆ: æ–°å¢ 3 ä¸ªç±», å¢å¼º 1 ä¸ªç±»
2026-01-10 01:16:14 - simplegraph - INFO - simplegraph.py:1111 - System å·²æ‰©å±•:
2026-01-10 01:16:14 - simplegraph - INFO - simplegraph.py:1112 -   æ–°å¢ç±»: ['æœç´¢æ“ä½œ', 'æœç´¢ç»“æœ', 'è¯„åˆ†']
2026-01-10 01:16:14 - simplegraph - INFO - simplegraph.py:1113 -   å¢å¼ºç±»: ['å•†å®¶']
2026-01-10 01:16:14 - simplegraph - INFO - simplegraph.py:527 - [ä»»åŠ¡ 0385176d] âœ… Systemæ›´æ–°å®Œæˆ:
2026-01-10 01:16:14 - simplegraph - INFO - simplegraph.py:531 -   âœ¨ æ–°å¢ç±»: æœç´¢æ“ä½œ
2026-01-10 01:16:14 - simplegraph - INFO - simplegraph.py:532 -      æè¿°: ç”¨æˆ·åœ¨å¹³å°æˆ–åº”ç”¨å†…è¿›è¡Œçš„æœç´¢è¡Œä¸ºï¼ŒåŒ…å«æœç´¢å…³é”®è¯å’Œæ“ä½œå¯¹è±¡
2026-01-10 01:16:14 - simplegraph - INFO - simplegraph.py:534 -      å±æ€§: å…³é”®è¯, æ“ä½œå¹³å°
2026-01-10 01:16:14 - simplegraph - INFO - simplegraph.py:531 -   âœ¨ æ–°å¢ç±»: æœç´¢ç»“æœ
2026-01-10 01:16:14 - simplegraph - INFO - simplegraph.py:532 -      æè¿°: æœç´¢æ“ä½œåè¿”å›çš„ç»“æœåˆ—è¡¨æˆ–æ¡ç›®
2026-01-10 01:16:14 - simplegraph - INFO - simplegraph.py:534 -      å±æ€§: æ’å, å¯¹åº”å®ä½“
2026-01-10 01:16:14 - simplegraph - INFO - simplegraph.py:531 -   âœ¨ æ–°å¢ç±»: è¯„åˆ†
2026-01-10 01:16:14 - simplegraph - INFO - simplegraph.py:532 -      æè¿°: å¯¹æŸä¸ªå®ä½“ï¼ˆå¦‚å•†å®¶ã€å•†å“ï¼‰çš„é‡åŒ–è¯„ä»·ï¼Œé€šå¸¸ä»¥åˆ†æ•°ã€æ˜Ÿçº§ç­‰å½¢å¼è¡¨ç¤º
2026-01-10 01:16:14 - simplegraph - INFO - simplegraph.py:534 -      å±æ€§: åˆ†å€¼, è¯„åˆ†å¯¹è±¡
2026-01-10 01:16:14 - simplegraph - INFO - simplegraph.py:541 -   ğŸ”§ å¢å¼ºç±»: å•†å®¶
2026-01-10 01:16:14 - simplegraph - INFO - simplegraph.py:542 -      æè¿°: ç°å®æˆ–è€…ç½‘ç»œä¸­çš„å…·ä½“å¯æ¶ˆè´¹çš„å•†å®¶ï¼Œå¦‚é¤å…ã€è¶…å¸‚ã€ç”µå½±é™¢ã€å’–å•¡å…ç­‰ï¼Œæˆ–è€…æŸä¸ªç½‘ç»œåº—é“ºï¼Œå¦‚æŸæŸå“ç‰Œæ——èˆ°åº—
2026-01-10 01:16:14 - simplegraph - INFO - simplegraph.py:544 -      å±æ€§: ç±»å‹, è¯„åˆ†
2026-01-10 01:16:14 - simplegraph - INFO - simplegraph.py:669 - [ä»»åŠ¡ 0385176d] ğŸ” å¼€å§‹å®ä½“å’Œå…³ç³»æå–é˜¶æ®µ
2026-01-10 01:16:37 - simplegraph - INFO - simplegraph.py:1282 - å¼€å§‹æ£€æŸ¥å’Œä¼˜åŒ–æå–ç»“æœï¼ˆå¼‚æ­¥ï¼‰...
2026-01-10 01:16:45 - simplegraph - INFO - simplegraph.py:1282 - å¼€å§‹æ£€æŸ¥å’Œä¼˜åŒ–æå–ç»“æœï¼ˆå¼‚æ­¥ï¼‰...
2026-01-10 01:16:54 - simplegraph - INFO - simplegraph.py:258 - ä»»åŠ¡å·²æäº¤: ee1588e3...
2026-01-10 01:16:54 - simplegraph - INFO - simplegraph.py:854 - Worker 2 å¼€å§‹å¤„ç†ä»»åŠ¡: ee1588e3...
2026-01-10 01:16:54 - simplegraph - INFO - simplegraph.py:485 - å¼€å§‹æ‰§è¡Œä»»åŠ¡: ee1588e3-104e-444c-933a-dc0918b8e7ca
2026-01-10 01:16:54 - simplegraph - INFO - simplegraph.py:509 - [ä»»åŠ¡ ee1588e3] ğŸ”§ å¼€å§‹Systemæ›´æ–°é˜¶æ®µ
2026-01-10 01:16:54 - simplegraph - INFO - simplegraph.py:510 - [ä»»åŠ¡ ee1588e3] è¾“å…¥æ–‡æœ¬: åœ¨å¾®ä¿¡èŠå¤©åˆ—è¡¨é¡µé¢ï¼Œæˆ‘ç‚¹å‡»äº†ä¸€ä¸ªå¤‡æ³¨åæ˜¾ç¤ºä¸ºâ€œå°æ¢…â€çš„èŠå¤©æ¡ç›®ã€‚...
2026-01-10 01:16:58 - simplegraph - INFO - simplegraph.py:548 - [ä»»åŠ¡ ee1588e3] âœ“ Systemæ— éœ€æ›´æ–°ï¼Œç°æœ‰ç±»å®šä¹‰å·²è¶³å¤Ÿ
2026-01-10 01:16:58 - simplegraph - INFO - simplegraph.py:669 - [ä»»åŠ¡ ee1588e3] ğŸ” å¼€å§‹å®ä½“å’Œå…³ç³»æå–é˜¶æ®µ
2026-01-10 01:17:16 - simplegraph - INFO - simplegraph.py:1282 - å¼€å§‹æ£€æŸ¥å’Œä¼˜åŒ–æå–ç»“æœï¼ˆå¼‚æ­¥ï¼‰...
2026-01-10 01:18:05 - simplegraph - INFO - simplegraph.py:1287 - æ£€æŸ¥ä¼˜åŒ–å®Œæˆ
2026-01-10 01:18:05 - src.extractors.extractor - INFO - extractor.py:329 - å››æ­¥è§£æå®Œæˆ: 5 ä¸ªå®ä½“, 8 ä¸ªå…³ç³»
2026-01-10 01:18:05 - simplegraph - INFO - simplegraph.py:1251 - æå–å®Œæˆ: 5 ä¸ªå®ä½“, 8 ä¸ªå…³ç³»
2026-01-10 01:18:05 - simplegraph - INFO - simplegraph.py:683 - [ä»»åŠ¡ ee1588e3] âœ… æå–å®Œæˆ:
2026-01-10 01:18:05 - simplegraph - INFO - simplegraph.py:684 -   ğŸ“¦ æå–åˆ° 5 ä¸ªå®ä½“:
2026-01-10 01:18:05 - simplegraph - INFO - simplegraph.py:687 -      â€¢ æˆ‘ [ç”¨æˆ·]
2026-01-10 01:18:05 - simplegraph - INFO - simplegraph.py:688 -        æè¿°: æ‰§è¡Œæ­¤æ¬¡å¾®ä¿¡æ“ä½œçš„ç”¨æˆ·æœ¬äºº
2026-01-10 01:18:05 - simplegraph - INFO - simplegraph.py:687 -      â€¢ å¾®ä¿¡ [äº¤æµå¹³å°, å¯å¯åŠ¨åº”ç”¨]
2026-01-10 01:18:05 - simplegraph - INFO - simplegraph.py:688 -        æè¿°: ä¸€æ¬¾ç”±è…¾è®¯å…¬å¸å¼€å‘çš„å³æ—¶é€šè®¯ä¸ç¤¾äº¤åº”ç”¨
2026-01-10 01:18:05 - simplegraph - INFO - simplegraph.py:687 -      â€¢ å°æ¢… [å¯è”ç³»äºº]
2026-01-10 01:18:05 - simplegraph - INFO - simplegraph.py:688 -        æè¿°: ç”¨æˆ·å¾®ä¿¡é€šè®¯å½•ä¸­ä¸€ä½å¤‡æ³¨åä¸ºâ€œå°æ¢…â€çš„è”ç³»äºº
2026-01-10 01:18:05 - simplegraph - INFO - simplegraph.py:687 -      â€¢ å¾®ä¿¡èŠå¤©åˆ—è¡¨é¡µé¢ [ä¿¡æ¯è®°å½•]
2026-01-10 01:18:05 - simplegraph - INFO - simplegraph.py:688 -        æè¿°: å¾®ä¿¡åº”ç”¨ä¸»ç•Œé¢ä¸­å±•ç¤ºæ‰€æœ‰æœ€è¿‘èŠå¤©å¯¹è¯çš„åˆ—è¡¨è§†å›¾
2026-01-10 01:18:05 - simplegraph - INFO - simplegraph.py:687 -      â€¢ å°æ¢…çš„èŠå¤©åˆ—è¡¨æ¡ç›® [ä¿¡æ¯è®°å½•]
2026-01-10 01:18:05 - simplegraph - INFO - simplegraph.py:688 -        æè¿°: å¾®ä¿¡èŠå¤©åˆ—è¡¨é¡µé¢ä¸­ï¼Œå¯¹åº”è”ç³»äººâ€œå°æ¢…â€çš„ç‰¹å®šä¸€è¡Œï¼Œæ˜¾ç¤ºå…¶å¤‡æ³¨åå’Œæœ€åä¸€æ¡æ¶ˆæ¯é¢„è§ˆ
2026-01-10 01:18:05 - simplegraph - INFO - simplegraph.py:699 -   ğŸ”— æå–åˆ° 8 ä¸ªå…³ç³»:
2026-01-10 01:18:05 - simplegraph - INFO - simplegraph.py:702 -      â€¢ æˆ‘ â†’ å¾®ä¿¡:å¯å¯åŠ¨åº”ç”¨
2026-01-10 01:18:05 - simplegraph - INFO - simplegraph.py:703 -        æˆ‘æ‰“å¼€äº†å¾®ä¿¡åº”ç”¨
2026-01-10 01:18:05 - simplegraph - INFO - simplegraph.py:702 -      â€¢ æˆ‘ â†’ å¾®ä¿¡èŠå¤©åˆ—è¡¨é¡µé¢:ä¿¡æ¯è®°å½•
2026-01-10 01:18:05 - simplegraph - INFO - simplegraph.py:703 -        æˆ‘è¿›å…¥äº†å¾®ä¿¡çš„èŠå¤©åˆ—è¡¨é¡µé¢
2026-01-10 01:18:05 - simplegraph - INFO - simplegraph.py:702 -      â€¢ æˆ‘ â†’ å°æ¢…çš„èŠå¤©åˆ—è¡¨æ¡ç›®:ä¿¡æ¯è®°å½•
2026-01-10 01:18:05 - simplegraph - INFO - simplegraph.py:703 -        æˆ‘åœ¨èŠå¤©åˆ—è¡¨é¡µé¢ç‚¹å‡»äº†å°æ¢…çš„èŠå¤©æ¡ç›®
2026-01-10 01:18:05 - simplegraph - INFO - simplegraph.py:702 -      â€¢ å¾®ä¿¡:äº¤æµå¹³å° â†’ å°æ¢…:å¯è”ç³»äºº
2026-01-10 01:18:05 - simplegraph - INFO - simplegraph.py:703 -        å¾®ä¿¡ä¸Šæœ‰å°æ¢…è¿™ä¸ªè”ç³»äºº
2026-01-10 01:18:05 - simplegraph - INFO - simplegraph.py:702 -      â€¢ å¾®ä¿¡èŠå¤©åˆ—è¡¨é¡µé¢:ä¿¡æ¯è®°å½• â†’ å°æ¢…çš„èŠå¤©åˆ—è¡¨æ¡ç›®:ä¿¡æ¯è®°å½•
2026-01-10 01:18:05 - simplegraph - INFO - simplegraph.py:703 -        èŠå¤©åˆ—è¡¨é¡µé¢åŒ…å«å°æ¢…çš„èŠå¤©æ¡ç›®
2026-01-10 01:18:05 - simplegraph - INFO - simplegraph.py:702 -      â€¢ å°æ¢…çš„èŠå¤©åˆ—è¡¨æ¡ç›®:ä¿¡æ¯è®°å½• â†’ å°æ¢…:å¯è”ç³»äºº
2026-01-10 01:18:05 - simplegraph - INFO - simplegraph.py:703 -        è¯¥èŠå¤©æ¡ç›®å¯¹åº”å°æ¢…è¿™ä¸ªè”ç³»äºº
2026-01-10 01:18:05 - simplegraph - INFO - simplegraph.py:702 -      â€¢ æˆ‘ â†’ å°æ¢…:å¯è”ç³»äºº
2026-01-10 01:18:05 - simplegraph - INFO - simplegraph.py:703 -        æˆ‘æ„å›¾è”ç³»å°æ¢…
2026-01-10 01:18:05 - simplegraph - INFO - simplegraph.py:702 -      â€¢ æˆ‘ â†’ å°æ¢…:å¯è”ç³»äºº
2026-01-10 01:18:05 - simplegraph - INFO - simplegraph.py:703 -        æˆ‘é€šè¿‡ç‚¹å‡»å°æ¢…çš„èŠå¤©åˆ—è¡¨æ¡ç›®æ¥è”ç³»å¥¹
2026-01-10 01:18:05 - simplegraph - INFO - simplegraph.py:827 - ä»»åŠ¡æ‰§è¡Œå®Œæˆ: GraphDelta(task_id=ee1588e3-104e-444c-933a-dc0918b8e7ca, 0 classes, 5 entities, 8 relationships)
2026-01-10 01:18:05 - simplegraph - INFO - simplegraph.py:881 - Worker 2 æå–å®Œæˆï¼Œä»»åŠ¡è¿›å…¥åˆå¹¶é˜Ÿåˆ—: ee1588e3...
2026-01-10 01:18:05 - simplegraph - INFO - simplegraph.py:930 - Merge Worker å¼€å§‹åˆå¹¶ä»»åŠ¡: ee1588e3...
2026-01-10 01:18:05 - simplegraph - INFO - simplegraph.py:996 - å¼€å§‹æ™ºèƒ½åˆå¹¶ä»»åŠ¡ç»“æœ: ee1588e3...
2026-01-10 01:18:05 - src.combiners.smart_merger - INFO - smart_merger.py:118 - å¼€å§‹æ™ºèƒ½åˆå¹¶: GraphDelta(task_id=ee1588e3-104e-444c-933a-dc0918b8e7ca, 0 classes, 5 entities, 8 relationships)
2026-01-10 01:18:05 - src.combiners.smart_merger - INFO - smart_merger.py:126 - ä½¿ç”¨LLMæ™ºèƒ½åˆå¹¶æ¨¡å¼
2026-01-10 01:18:46 - src.combiners.smart_merger - INFO - smart_merger.py:213 - æ™ºèƒ½åˆå¹¶å®Œæˆ: MergeResult: 2 duplicates, 1 conflicts, 0 aligned, 2 optimized
2026-01-10 01:18:46 - simplegraph - INFO - simplegraph.py:1028 - æ™ºèƒ½åˆå¹¶å®Œæˆ: MergeResult: 2 duplicates, 1 conflicts, 0 aligned, 2 optimized
2026-01-10 01:18:46 - src.combiners.combiner - INFO - combiner.py:149 - ============================================================
2026-01-10 01:18:46 - src.combiners.combiner - INFO - combiner.py:150 - å¼€å§‹èåˆå®ä½“å’Œå…³ç³»
2026-01-10 01:18:46 - src.combiners.combiner - INFO - combiner.py:151 - ============================================================
2026-01-10 01:18:46 - src.combiners.combiner - INFO - combiner.py:51 - å¼€å§‹èåˆ 5 ä¸ªå®ä½“åˆ°å›¾
2026-01-10 01:18:46 - src.combiners.combiner - INFO - combiner.py:74 - å®ä½“èåˆå®Œæˆ: æ–°å¢ 3 ä¸ª, æ›´æ–° 2 ä¸ª, å¤±è´¥ 0 ä¸ª
2026-01-10 01:18:46 - src.combiners.combiner - INFO - combiner.py:89 - å¼€å§‹èåˆ 8 ä¸ªå…³ç³»åˆ°å›¾
2026-01-10 01:18:46 - src.combiners.combiner - INFO - combiner.py:126 - å…³ç³»èåˆå®Œæˆ: æ–°å¢ 8 ä¸ª, æ›´æ–° 0 ä¸ª, å¤±è´¥ 0 ä¸ª
2026-01-10 01:18:46 - src.combiners.combiner - INFO - combiner.py:159 - ============================================================
2026-01-10 01:18:46 - src.combiners.combiner - INFO - combiner.py:160 - èåˆå®Œæˆ
2026-01-10 01:18:46 - src.combiners.combiner - INFO - combiner.py:161 - å›¾ç»Ÿè®¡: 8 ä¸ªå®ä½“, 8 ä¸ªå…³ç³»
2026-01-10 01:18:46 - src.combiners.combiner - INFO - combiner.py:164 - ============================================================
2026-01-10 01:18:46 - simplegraph - INFO - simplegraph.py:1389 - åº”ç”¨å¢é‡å®Œæˆ: å®ä½“ +3/~2, å…³ç³» +8/~0
2026-01-10 01:18:46 - simplegraph - INFO - simplegraph.py:1033 - ä»»åŠ¡ç»“æœå·²åˆå¹¶åˆ°ä¸»å›¾è°±: ee1588e3...
2026-01-10 01:18:46 - simplegraph - INFO - simplegraph.py:956 - Merge Worker ä»»åŠ¡åˆå¹¶å®Œæˆ: ee1588e3...
2026-01-10 01:18:46 - graph_service - INFO - graph_service.py:161 - ä»»åŠ¡ ee1588e3 å®Œæˆï¼Œå¼€å§‹è‡ªåŠ¨ä¿å­˜æ•°æ®åº“...
2026-01-10 01:18:46 - graph_service - INFO - graph_service.py:167 - ä¿å­˜å‰ç»Ÿè®¡: {'system': {'classes': 13, 'predefined_entities': 5}, 'graph': {'entities': 8, 'relationships': 8}, 'tasks': {'total': 3, 'by_status': {'pending': 0, 'running': 2, 'completed': 1, 'failed': 0, 'cancelled': 0}}}
2026-01-10 01:18:46 - graph_service - INFO - graph_service.py:173 - ä»»åŠ¡å¢é‡ç»Ÿè®¡: {'classes': 0, 'entities': 5, 'relationships': 8}
2026-01-10 01:18:46 - graph_service - INFO - graph_service.py:964 - ä¿å­˜æ•°æ®åº“åˆ°: D:\CourseResources\3s\CoRe\Personal-GUI-Agent\graphrag\backend\data\graph_database.pkl
2026-01-10 01:18:46 - simplegraph - INFO - simplegraph.py:385 - ä¿å­˜ Graph åˆ°: D:\CourseResources\3s\CoRe\Personal-GUI-Agent\graphrag\backend\data\graph_database.pkl
2026-01-10 01:18:46 - simplegraph - INFO - simplegraph.py:388 - Graph ä¿å­˜æˆåŠŸ: D:\CourseResources\3s\CoRe\Personal-GUI-Agent\graphrag\backend\data\graph_database.pkl
2026-01-10 01:18:46 - graph_service - INFO - graph_service.py:981 - æ•°æ®åº“ä¿å­˜æˆåŠŸ: D:\CourseResources\3s\CoRe\Personal-GUI-Agent\graphrag\backend\data\graph_database.pkl
2026-01-10 01:18:46 - graph_service - INFO - graph_service.py:180 - ä¿å­˜åç»Ÿè®¡: {'system': {'classes': 13, 'predefined_entities': 5}, 'graph': {'entities': 8, 'relationships': 8}, 'tasks': {'total': 3, 'by_status': {'pending': 0, 'running': 2, 'completed': 1, 'failed': 0, 'cancelled': 0}}}
2026-01-10 01:18:46 - graph_service - INFO - graph_service.py:182 - è‡ªåŠ¨ä¿å­˜æˆåŠŸ: æ•°æ®åº“å·²ä¿å­˜åˆ° D:\CourseResources\3s\CoRe\Personal-GUI-Agent\graphrag\backend\data\graph_database.pkl
2026-01-10 01:20:43 - src.llm.client - ERROR - client.py:235 - LLMå¼‚æ­¥è°ƒç”¨å¤±è´¥: Connection error.
Traceback (most recent call last):
  File "D:\CourseResources\3s\CoRe\Personal-GUI-Agent\.venv\Lib\site-packages\httpx\_transports\default.py", line 101, in map_httpcore_exceptions
    yield
  File "D:\CourseResources\3s\CoRe\Personal-GUI-Agent\.venv\Lib\site-packages\httpx\_transports\default.py", line 394, in handle_async_request
    resp = await self._pool.handle_async_request(req)
           ^^^^^^^^^^^^^^^^^^^^^^^^^^^^^^^^^^^^^^^^^^
  File "D:\CourseResources\3s\CoRe\Personal-GUI-Agent\.venv\Lib\site-packages\httpcore\_async\connection_pool.py", line 256, in handle_async_request
    raise exc from None
  File "D:\CourseResources\3s\CoRe\Personal-GUI-Agent\.venv\Lib\site-packages\httpcore\_async\connection_pool.py", line 236, in handle_async_request
    response = await connection.handle_async_request(
               ^^^^^^^^^^^^^^^^^^^^^^^^^^^^^^^^^^^^^^
  File "D:\CourseResources\3s\CoRe\Personal-GUI-Agent\.venv\Lib\site-packages\httpcore\_async\http_proxy.py", line 343, in handle_async_request
    return await self._connection.handle_async_request(request)
           ^^^^^^^^^^^^^^^^^^^^^^^^^^^^^^^^^^^^^^^^^^^^^^^^^^^^
  File "D:\CourseResources\3s\CoRe\Personal-GUI-Agent\.venv\Lib\site-packages\httpcore\_async\http11.py", line 136, in handle_async_request
    raise exc
  File "D:\CourseResources\3s\CoRe\Personal-GUI-Agent\.venv\Lib\site-packages\httpcore\_async\http11.py", line 106, in handle_async_request
    ) = await self._receive_response_headers(**kwargs)
        ^^^^^^^^^^^^^^^^^^^^^^^^^^^^^^^^^^^^^^^^^^^^^^
  File "D:\CourseResources\3s\CoRe\Personal-GUI-Agent\.venv\Lib\site-packages\httpcore\_async\http11.py", line 177, in _receive_response_headers
    event = await self._receive_event(timeout=timeout)
            ^^^^^^^^^^^^^^^^^^^^^^^^^^^^^^^^^^^^^^^^^^
  File "D:\CourseResources\3s\CoRe\Personal-GUI-Agent\.venv\Lib\site-packages\httpcore\_async\http11.py", line 231, in _receive_event
    raise RemoteProtocolError(msg)
httpcore.RemoteProtocolError: Server disconnected without sending a response.

The above exception was the direct cause of the following exception:

Traceback (most recent call last):
  File "D:\CourseResources\3s\CoRe\Personal-GUI-Agent\.venv\Lib\site-packages\openai\_base_client.py", line 1532, in request
    response = await self._client.send(
               ^^^^^^^^^^^^^^^^^^^^^^^^
  File "D:\CourseResources\3s\CoRe\Personal-GUI-Agent\.venv\Lib\site-packages\httpx\_client.py", line 1629, in send
    response = await self._send_handling_auth(
               ^^^^^^^^^^^^^^^^^^^^^^^^^^^^^^^
  File "D:\CourseResources\3s\CoRe\Personal-GUI-Agent\.venv\Lib\site-packages\httpx\_client.py", line 1657, in _send_handling_auth
    response = await self._send_handling_redirects(
               ^^^^^^^^^^^^^^^^^^^^^^^^^^^^^^^^^^^^
  File "D:\CourseResources\3s\CoRe\Personal-GUI-Agent\.venv\Lib\site-packages\httpx\_client.py", line 1694, in _send_handling_redirects
    response = await self._send_single_request(request)
               ^^^^^^^^^^^^^^^^^^^^^^^^^^^^^^^^^^^^^^^^
  File "D:\CourseResources\3s\CoRe\Personal-GUI-Agent\.venv\Lib\site-packages\httpx\_client.py", line 1730, in _send_single_request
    response = await transport.handle_async_request(request)
               ^^^^^^^^^^^^^^^^^^^^^^^^^^^^^^^^^^^^^^^^^^^^^
  File "D:\CourseResources\3s\CoRe\Personal-GUI-Agent\.venv\Lib\site-packages\httpx\_transports\default.py", line 393, in handle_async_request
    with map_httpcore_exceptions():
  File "D:\ProgramData\anaconda3\Lib\contextlib.py", line 158, in __exit__
    self.gen.throw(typ, value, traceback)
  File "D:\CourseResources\3s\CoRe\Personal-GUI-Agent\.venv\Lib\site-packages\httpx\_transports\default.py", line 118, in map_httpcore_exceptions
    raise mapped_exc(message) from exc
httpx.RemoteProtocolError: Server disconnected without sending a response.

The above exception was the direct cause of the following exception:

Traceback (most recent call last):
  File "D:\CourseResources\3s\CoRe\Personal-GUI-Agent\graphrag\simple_graphrag\src\llm\client.py", line 219, in chat_completion_async
    response = await self.async_client.chat.completions.create(
               ^^^^^^^^^^^^^^^^^^^^^^^^^^^^^^^^^^^^^^^^^^^^^^^^
  File "D:\CourseResources\3s\CoRe\Personal-GUI-Agent\.venv\Lib\site-packages\openai\resources\chat\completions\completions.py", line 2678, in create
    return await self._post(
           ^^^^^^^^^^^^^^^^^
  File "D:\CourseResources\3s\CoRe\Personal-GUI-Agent\.venv\Lib\site-packages\openai\_base_client.py", line 1797, in post
    return await self.request(cast_to, opts, stream=stream, stream_cls=stream_cls)
           ^^^^^^^^^^^^^^^^^^^^^^^^^^^^^^^^^^^^^^^^^^^^^^^^^^^^^^^^^^^^^^^^^^^^^^^
  File "D:\CourseResources\3s\CoRe\Personal-GUI-Agent\.venv\Lib\site-packages\openai\_base_client.py", line 1564, in request
    raise APIConnectionError(request=request) from err
openai.APIConnectionError: Connection error.
2026-01-10 01:20:43 - simplegraph - ERROR - simplegraph.py:834 - ä»»åŠ¡æ‰§è¡Œå¤±è´¥: LLMå¼‚æ­¥è°ƒç”¨å¤±è´¥: Connection error.
Traceback (most recent call last):
  File "D:\CourseResources\3s\CoRe\Personal-GUI-Agent\.venv\Lib\site-packages\httpx\_transports\default.py", line 101, in map_httpcore_exceptions
    yield
  File "D:\CourseResources\3s\CoRe\Personal-GUI-Agent\.venv\Lib\site-packages\httpx\_transports\default.py", line 394, in handle_async_request
    resp = await self._pool.handle_async_request(req)
           ^^^^^^^^^^^^^^^^^^^^^^^^^^^^^^^^^^^^^^^^^^
  File "D:\CourseResources\3s\CoRe\Personal-GUI-Agent\.venv\Lib\site-packages\httpcore\_async\connection_pool.py", line 256, in handle_async_request
    raise exc from None
  File "D:\CourseResources\3s\CoRe\Personal-GUI-Agent\.venv\Lib\site-packages\httpcore\_async\connection_pool.py", line 236, in handle_async_request
    response = await connection.handle_async_request(
               ^^^^^^^^^^^^^^^^^^^^^^^^^^^^^^^^^^^^^^
  File "D:\CourseResources\3s\CoRe\Personal-GUI-Agent\.venv\Lib\site-packages\httpcore\_async\http_proxy.py", line 343, in handle_async_request
    return await self._connection.handle_async_request(request)
           ^^^^^^^^^^^^^^^^^^^^^^^^^^^^^^^^^^^^^^^^^^^^^^^^^^^^
  File "D:\CourseResources\3s\CoRe\Personal-GUI-Agent\.venv\Lib\site-packages\httpcore\_async\http11.py", line 136, in handle_async_request
    raise exc
  File "D:\CourseResources\3s\CoRe\Personal-GUI-Agent\.venv\Lib\site-packages\httpcore\_async\http11.py", line 106, in handle_async_request
    ) = await self._receive_response_headers(**kwargs)
        ^^^^^^^^^^^^^^^^^^^^^^^^^^^^^^^^^^^^^^^^^^^^^^
  File "D:\CourseResources\3s\CoRe\Personal-GUI-Agent\.venv\Lib\site-packages\httpcore\_async\http11.py", line 177, in _receive_response_headers
    event = await self._receive_event(timeout=timeout)
            ^^^^^^^^^^^^^^^^^^^^^^^^^^^^^^^^^^^^^^^^^^
  File "D:\CourseResources\3s\CoRe\Personal-GUI-Agent\.venv\Lib\site-packages\httpcore\_async\http11.py", line 231, in _receive_event
    raise RemoteProtocolError(msg)
httpcore.RemoteProtocolError: Server disconnected without sending a response.

The above exception was the direct cause of the following exception:

Traceback (most recent call last):
  File "D:\CourseResources\3s\CoRe\Personal-GUI-Agent\.venv\Lib\site-packages\openai\_base_client.py", line 1532, in request
    response = await self._client.send(
               ^^^^^^^^^^^^^^^^^^^^^^^^
  File "D:\CourseResources\3s\CoRe\Personal-GUI-Agent\.venv\Lib\site-packages\httpx\_client.py", line 1629, in send
    response = await self._send_handling_auth(
               ^^^^^^^^^^^^^^^^^^^^^^^^^^^^^^^
  File "D:\CourseResources\3s\CoRe\Personal-GUI-Agent\.venv\Lib\site-packages\httpx\_client.py", line 1657, in _send_handling_auth
    response = await self._send_handling_redirects(
               ^^^^^^^^^^^^^^^^^^^^^^^^^^^^^^^^^^^^
  File "D:\CourseResources\3s\CoRe\Personal-GUI-Agent\.venv\Lib\site-packages\httpx\_client.py", line 1694, in _send_handling_redirects
    response = await self._send_single_request(request)
               ^^^^^^^^^^^^^^^^^^^^^^^^^^^^^^^^^^^^^^^^
  File "D:\CourseResources\3s\CoRe\Personal-GUI-Agent\.venv\Lib\site-packages\httpx\_client.py", line 1730, in _send_single_request
    response = await transport.handle_async_request(request)
               ^^^^^^^^^^^^^^^^^^^^^^^^^^^^^^^^^^^^^^^^^^^^^
  File "D:\CourseResources\3s\CoRe\Personal-GUI-Agent\.venv\Lib\site-packages\httpx\_transports\default.py", line 393, in handle_async_request
    with map_httpcore_exceptions():
  File "D:\ProgramData\anaconda3\Lib\contextlib.py", line 158, in __exit__
    self.gen.throw(typ, value, traceback)
  File "D:\CourseResources\3s\CoRe\Personal-GUI-Agent\.venv\Lib\site-packages\httpx\_transports\default.py", line 118, in map_httpcore_exceptions
    raise mapped_exc(message) from exc
httpx.RemoteProtocolError: Server disconnected without sending a response.

The above exception was the direct cause of the following exception:

Traceback (most recent call last):
  File "D:\CourseResources\3s\CoRe\Personal-GUI-Agent\graphrag\simple_graphrag\src\llm\client.py", line 219, in chat_completion_async
    response = await self.async_client.chat.completions.create(
               ^^^^^^^^^^^^^^^^^^^^^^^^^^^^^^^^^^^^^^^^^^^^^^^^
  File "D:\CourseResources\3s\CoRe\Personal-GUI-Agent\.venv\Lib\site-packages\openai\resources\chat\completions\completions.py", line 2678, in create
    return await self._post(
           ^^^^^^^^^^^^^^^^^
  File "D:\CourseResources\3s\CoRe\Personal-GUI-Agent\.venv\Lib\site-packages\openai\_base_client.py", line 1797, in post
    return await self.request(cast_to, opts, stream=stream, stream_cls=stream_cls)
           ^^^^^^^^^^^^^^^^^^^^^^^^^^^^^^^^^^^^^^^^^^^^^^^^^^^^^^^^^^^^^^^^^^^^^^^
  File "D:\CourseResources\3s\CoRe\Personal-GUI-Agent\.venv\Lib\site-packages\openai\_base_client.py", line 1564, in request
    raise APIConnectionError(request=request) from err
openai.APIConnectionError: Connection error.

During handling of the above exception, another exception occurred:

Traceback (most recent call last):
  File "D:\CourseResources\3s\CoRe\Personal-GUI-Agent\graphrag\simple_graphrag\simplegraph.py", line 678, in _run_task
    entities, relationships, extraction_llm_response = await self._step_extract(
                                                       ^^^^^^^^^^^^^^^^^^^^^^^^^
  File "D:\CourseResources\3s\CoRe\Personal-GUI-Agent\graphrag\simple_graphrag\simplegraph.py", line 1247, in _step_extract
    entities, relationships, llm_response = await self._extract_async(
                                            ^^^^^^^^^^^^^^^^^^^^^^^^^^
  File "D:\CourseResources\3s\CoRe\Personal-GUI-Agent\graphrag\simple_graphrag\simplegraph.py", line 1283, in _extract_async
    checked_response = await self._check_extraction_async(
                       ^^^^^^^^^^^^^^^^^^^^^^^^^^^^^^^^^^^
  File "D:\CourseResources\3s\CoRe\Personal-GUI-Agent\graphrag\simple_graphrag\simplegraph.py", line 1304, in _check_extraction_async
    response = await self.llm_client.extract_text_async(
               ^^^^^^^^^^^^^^^^^^^^^^^^^^^^^^^^^^^^^^^^^
  File "D:\CourseResources\3s\CoRe\Personal-GUI-Agent\graphrag\simple_graphrag\src\llm\client.py", line 273, in extract_text_async
    response = await self.chat_completion_async(messages, temperature=temperature)
               ^^^^^^^^^^^^^^^^^^^^^^^^^^^^^^^^^^^^^^^^^^^^^^^^^^^^^^^^^^^^^^^^^^^
  File "D:\CourseResources\3s\CoRe\Personal-GUI-Agent\graphrag\simple_graphrag\src\llm\client.py", line 236, in chat_completion_async
    raise RuntimeError(f"LLMå¼‚æ­¥è°ƒç”¨å¤±è´¥: {str(e)}")
RuntimeError: LLMå¼‚æ­¥è°ƒç”¨å¤±è´¥: Connection error.
2026-01-10 01:20:43 - simplegraph - ERROR - simplegraph.py:897 - Worker 0 ä»»åŠ¡å¤±è´¥: 0385176d..., é”™è¯¯: LLMå¼‚æ­¥è°ƒç”¨å¤±è´¥: Connection error.
Traceback (most recent call last):
  File "D:\CourseResources\3s\CoRe\Personal-GUI-Agent\.venv\Lib\site-packages\httpx\_transports\default.py", line 101, in map_httpcore_exceptions
    yield
  File "D:\CourseResources\3s\CoRe\Personal-GUI-Agent\.venv\Lib\site-packages\httpx\_transports\default.py", line 394, in handle_async_request
    resp = await self._pool.handle_async_request(req)
           ^^^^^^^^^^^^^^^^^^^^^^^^^^^^^^^^^^^^^^^^^^
  File "D:\CourseResources\3s\CoRe\Personal-GUI-Agent\.venv\Lib\site-packages\httpcore\_async\connection_pool.py", line 256, in handle_async_request
    raise exc from None
  File "D:\CourseResources\3s\CoRe\Personal-GUI-Agent\.venv\Lib\site-packages\httpcore\_async\connection_pool.py", line 236, in handle_async_request
    response = await connection.handle_async_request(
               ^^^^^^^^^^^^^^^^^^^^^^^^^^^^^^^^^^^^^^
  File "D:\CourseResources\3s\CoRe\Personal-GUI-Agent\.venv\Lib\site-packages\httpcore\_async\http_proxy.py", line 343, in handle_async_request
    return await self._connection.handle_async_request(request)
           ^^^^^^^^^^^^^^^^^^^^^^^^^^^^^^^^^^^^^^^^^^^^^^^^^^^^
  File "D:\CourseResources\3s\CoRe\Personal-GUI-Agent\.venv\Lib\site-packages\httpcore\_async\http11.py", line 136, in handle_async_request
    raise exc
  File "D:\CourseResources\3s\CoRe\Personal-GUI-Agent\.venv\Lib\site-packages\httpcore\_async\http11.py", line 106, in handle_async_request
    ) = await self._receive_response_headers(**kwargs)
        ^^^^^^^^^^^^^^^^^^^^^^^^^^^^^^^^^^^^^^^^^^^^^^
  File "D:\CourseResources\3s\CoRe\Personal-GUI-Agent\.venv\Lib\site-packages\httpcore\_async\http11.py", line 177, in _receive_response_headers
    event = await self._receive_event(timeout=timeout)
            ^^^^^^^^^^^^^^^^^^^^^^^^^^^^^^^^^^^^^^^^^^
  File "D:\CourseResources\3s\CoRe\Personal-GUI-Agent\.venv\Lib\site-packages\httpcore\_async\http11.py", line 231, in _receive_event
    raise RemoteProtocolError(msg)
httpcore.RemoteProtocolError: Server disconnected without sending a response.

The above exception was the direct cause of the following exception:

Traceback (most recent call last):
  File "D:\CourseResources\3s\CoRe\Personal-GUI-Agent\.venv\Lib\site-packages\openai\_base_client.py", line 1532, in request
    response = await self._client.send(
               ^^^^^^^^^^^^^^^^^^^^^^^^
  File "D:\CourseResources\3s\CoRe\Personal-GUI-Agent\.venv\Lib\site-packages\httpx\_client.py", line 1629, in send
    response = await self._send_handling_auth(
               ^^^^^^^^^^^^^^^^^^^^^^^^^^^^^^^
  File "D:\CourseResources\3s\CoRe\Personal-GUI-Agent\.venv\Lib\site-packages\httpx\_client.py", line 1657, in _send_handling_auth
    response = await self._send_handling_redirects(
               ^^^^^^^^^^^^^^^^^^^^^^^^^^^^^^^^^^^^
  File "D:\CourseResources\3s\CoRe\Personal-GUI-Agent\.venv\Lib\site-packages\httpx\_client.py", line 1694, in _send_handling_redirects
    response = await self._send_single_request(request)
               ^^^^^^^^^^^^^^^^^^^^^^^^^^^^^^^^^^^^^^^^
  File "D:\CourseResources\3s\CoRe\Personal-GUI-Agent\.venv\Lib\site-packages\httpx\_client.py", line 1730, in _send_single_request
    response = await transport.handle_async_request(request)
               ^^^^^^^^^^^^^^^^^^^^^^^^^^^^^^^^^^^^^^^^^^^^^
  File "D:\CourseResources\3s\CoRe\Personal-GUI-Agent\.venv\Lib\site-packages\httpx\_transports\default.py", line 393, in handle_async_request
    with map_httpcore_exceptions():
  File "D:\ProgramData\anaconda3\Lib\contextlib.py", line 158, in __exit__
    self.gen.throw(typ, value, traceback)
  File "D:\CourseResources\3s\CoRe\Personal-GUI-Agent\.venv\Lib\site-packages\httpx\_transports\default.py", line 118, in map_httpcore_exceptions
    raise mapped_exc(message) from exc
httpx.RemoteProtocolError: Server disconnected without sending a response.

The above exception was the direct cause of the following exception:

Traceback (most recent call last):
  File "D:\CourseResources\3s\CoRe\Personal-GUI-Agent\graphrag\simple_graphrag\src\llm\client.py", line 219, in chat_completion_async
    response = await self.async_client.chat.completions.create(
               ^^^^^^^^^^^^^^^^^^^^^^^^^^^^^^^^^^^^^^^^^^^^^^^^
  File "D:\CourseResources\3s\CoRe\Personal-GUI-Agent\.venv\Lib\site-packages\openai\resources\chat\completions\completions.py", line 2678, in create
    return await self._post(
           ^^^^^^^^^^^^^^^^^
  File "D:\CourseResources\3s\CoRe\Personal-GUI-Agent\.venv\Lib\site-packages\openai\_base_client.py", line 1797, in post
    return await self.request(cast_to, opts, stream=stream, stream_cls=stream_cls)
           ^^^^^^^^^^^^^^^^^^^^^^^^^^^^^^^^^^^^^^^^^^^^^^^^^^^^^^^^^^^^^^^^^^^^^^^
  File "D:\CourseResources\3s\CoRe\Personal-GUI-Agent\.venv\Lib\site-packages\openai\_base_client.py", line 1564, in request
    raise APIConnectionError(request=request) from err
openai.APIConnectionError: Connection error.

During handling of the above exception, another exception occurred:

Traceback (most recent call last):
  File "D:\CourseResources\3s\CoRe\Personal-GUI-Agent\graphrag\simple_graphrag\simplegraph.py", line 864, in _worker
    delta = await self._run_task(task)
            ^^^^^^^^^^^^^^^^^^^^^^^^^^
  File "D:\CourseResources\3s\CoRe\Personal-GUI-Agent\graphrag\simple_graphrag\simplegraph.py", line 678, in _run_task
    entities, relationships, extraction_llm_response = await self._step_extract(
                                                       ^^^^^^^^^^^^^^^^^^^^^^^^^
  File "D:\CourseResources\3s\CoRe\Personal-GUI-Agent\graphrag\simple_graphrag\simplegraph.py", line 1247, in _step_extract
    entities, relationships, llm_response = await self._extract_async(
                                            ^^^^^^^^^^^^^^^^^^^^^^^^^^
  File "D:\CourseResources\3s\CoRe\Personal-GUI-Agent\graphrag\simple_graphrag\simplegraph.py", line 1283, in _extract_async
    checked_response = await self._check_extraction_async(
                       ^^^^^^^^^^^^^^^^^^^^^^^^^^^^^^^^^^^
  File "D:\CourseResources\3s\CoRe\Personal-GUI-Agent\graphrag\simple_graphrag\simplegraph.py", line 1304, in _check_extraction_async
    response = await self.llm_client.extract_text_async(
               ^^^^^^^^^^^^^^^^^^^^^^^^^^^^^^^^^^^^^^^^^
  File "D:\CourseResources\3s\CoRe\Personal-GUI-Agent\graphrag\simple_graphrag\src\llm\client.py", line 273, in extract_text_async
    response = await self.chat_completion_async(messages, temperature=temperature)
               ^^^^^^^^^^^^^^^^^^^^^^^^^^^^^^^^^^^^^^^^^^^^^^^^^^^^^^^^^^^^^^^^^^^
  File "D:\CourseResources\3s\CoRe\Personal-GUI-Agent\graphrag\simple_graphrag\src\llm\client.py", line 236, in chat_completion_async
    raise RuntimeError(f"LLMå¼‚æ­¥è°ƒç”¨å¤±è´¥: {str(e)}")
RuntimeError: LLMå¼‚æ­¥è°ƒç”¨å¤±è´¥: Connection error.
2026-01-10 01:20:51 - src.llm.client - ERROR - client.py:235 - LLMå¼‚æ­¥è°ƒç”¨å¤±è´¥: Connection error.
Traceback (most recent call last):
  File "D:\CourseResources\3s\CoRe\Personal-GUI-Agent\.venv\Lib\site-packages\httpx\_transports\default.py", line 101, in map_httpcore_exceptions
    yield
  File "D:\CourseResources\3s\CoRe\Personal-GUI-Agent\.venv\Lib\site-packages\httpx\_transports\default.py", line 394, in handle_async_request
    resp = await self._pool.handle_async_request(req)
           ^^^^^^^^^^^^^^^^^^^^^^^^^^^^^^^^^^^^^^^^^^
  File "D:\CourseResources\3s\CoRe\Personal-GUI-Agent\.venv\Lib\site-packages\httpcore\_async\connection_pool.py", line 256, in handle_async_request
    raise exc from None
  File "D:\CourseResources\3s\CoRe\Personal-GUI-Agent\.venv\Lib\site-packages\httpcore\_async\connection_pool.py", line 236, in handle_async_request
    response = await connection.handle_async_request(
               ^^^^^^^^^^^^^^^^^^^^^^^^^^^^^^^^^^^^^^
  File "D:\CourseResources\3s\CoRe\Personal-GUI-Agent\.venv\Lib\site-packages\httpcore\_async\http_proxy.py", line 343, in handle_async_request
    return await self._connection.handle_async_request(request)
           ^^^^^^^^^^^^^^^^^^^^^^^^^^^^^^^^^^^^^^^^^^^^^^^^^^^^
  File "D:\CourseResources\3s\CoRe\Personal-GUI-Agent\.venv\Lib\site-packages\httpcore\_async\http11.py", line 136, in handle_async_request
    raise exc
  File "D:\CourseResources\3s\CoRe\Personal-GUI-Agent\.venv\Lib\site-packages\httpcore\_async\http11.py", line 106, in handle_async_request
    ) = await self._receive_response_headers(**kwargs)
        ^^^^^^^^^^^^^^^^^^^^^^^^^^^^^^^^^^^^^^^^^^^^^^
  File "D:\CourseResources\3s\CoRe\Personal-GUI-Agent\.venv\Lib\site-packages\httpcore\_async\http11.py", line 177, in _receive_response_headers
    event = await self._receive_event(timeout=timeout)
            ^^^^^^^^^^^^^^^^^^^^^^^^^^^^^^^^^^^^^^^^^^
  File "D:\CourseResources\3s\CoRe\Personal-GUI-Agent\.venv\Lib\site-packages\httpcore\_async\http11.py", line 231, in _receive_event
    raise RemoteProtocolError(msg)
httpcore.RemoteProtocolError: Server disconnected without sending a response.

The above exception was the direct cause of the following exception:

Traceback (most recent call last):
  File "D:\CourseResources\3s\CoRe\Personal-GUI-Agent\.venv\Lib\site-packages\openai\_base_client.py", line 1532, in request
    response = await self._client.send(
               ^^^^^^^^^^^^^^^^^^^^^^^^
  File "D:\CourseResources\3s\CoRe\Personal-GUI-Agent\.venv\Lib\site-packages\httpx\_client.py", line 1629, in send
    response = await self._send_handling_auth(
               ^^^^^^^^^^^^^^^^^^^^^^^^^^^^^^^
  File "D:\CourseResources\3s\CoRe\Personal-GUI-Agent\.venv\Lib\site-packages\httpx\_client.py", line 1657, in _send_handling_auth
    response = await self._send_handling_redirects(
               ^^^^^^^^^^^^^^^^^^^^^^^^^^^^^^^^^^^^
  File "D:\CourseResources\3s\CoRe\Personal-GUI-Agent\.venv\Lib\site-packages\httpx\_client.py", line 1694, in _send_handling_redirects
    response = await self._send_single_request(request)
               ^^^^^^^^^^^^^^^^^^^^^^^^^^^^^^^^^^^^^^^^
  File "D:\CourseResources\3s\CoRe\Personal-GUI-Agent\.venv\Lib\site-packages\httpx\_client.py", line 1730, in _send_single_request
    response = await transport.handle_async_request(request)
               ^^^^^^^^^^^^^^^^^^^^^^^^^^^^^^^^^^^^^^^^^^^^^
  File "D:\CourseResources\3s\CoRe\Personal-GUI-Agent\.venv\Lib\site-packages\httpx\_transports\default.py", line 393, in handle_async_request
    with map_httpcore_exceptions():
  File "D:\ProgramData\anaconda3\Lib\contextlib.py", line 158, in __exit__
    self.gen.throw(typ, value, traceback)
  File "D:\CourseResources\3s\CoRe\Personal-GUI-Agent\.venv\Lib\site-packages\httpx\_transports\default.py", line 118, in map_httpcore_exceptions
    raise mapped_exc(message) from exc
httpx.RemoteProtocolError: Server disconnected without sending a response.

The above exception was the direct cause of the following exception:

Traceback (most recent call last):
  File "D:\CourseResources\3s\CoRe\Personal-GUI-Agent\graphrag\simple_graphrag\src\llm\client.py", line 219, in chat_completion_async
    response = await self.async_client.chat.completions.create(
               ^^^^^^^^^^^^^^^^^^^^^^^^^^^^^^^^^^^^^^^^^^^^^^^^
  File "D:\CourseResources\3s\CoRe\Personal-GUI-Agent\.venv\Lib\site-packages\openai\resources\chat\completions\completions.py", line 2678, in create
    return await self._post(
           ^^^^^^^^^^^^^^^^^
  File "D:\CourseResources\3s\CoRe\Personal-GUI-Agent\.venv\Lib\site-packages\openai\_base_client.py", line 1797, in post
    return await self.request(cast_to, opts, stream=stream, stream_cls=stream_cls)
           ^^^^^^^^^^^^^^^^^^^^^^^^^^^^^^^^^^^^^^^^^^^^^^^^^^^^^^^^^^^^^^^^^^^^^^^
  File "D:\CourseResources\3s\CoRe\Personal-GUI-Agent\.venv\Lib\site-packages\openai\_base_client.py", line 1564, in request
    raise APIConnectionError(request=request) from err
openai.APIConnectionError: Connection error.
2026-01-10 01:20:51 - simplegraph - ERROR - simplegraph.py:834 - ä»»åŠ¡æ‰§è¡Œå¤±è´¥: LLMå¼‚æ­¥è°ƒç”¨å¤±è´¥: Connection error.
Traceback (most recent call last):
  File "D:\CourseResources\3s\CoRe\Personal-GUI-Agent\.venv\Lib\site-packages\httpx\_transports\default.py", line 101, in map_httpcore_exceptions
    yield
  File "D:\CourseResources\3s\CoRe\Personal-GUI-Agent\.venv\Lib\site-packages\httpx\_transports\default.py", line 394, in handle_async_request
    resp = await self._pool.handle_async_request(req)
           ^^^^^^^^^^^^^^^^^^^^^^^^^^^^^^^^^^^^^^^^^^
  File "D:\CourseResources\3s\CoRe\Personal-GUI-Agent\.venv\Lib\site-packages\httpcore\_async\connection_pool.py", line 256, in handle_async_request
    raise exc from None
  File "D:\CourseResources\3s\CoRe\Personal-GUI-Agent\.venv\Lib\site-packages\httpcore\_async\connection_pool.py", line 236, in handle_async_request
    response = await connection.handle_async_request(
               ^^^^^^^^^^^^^^^^^^^^^^^^^^^^^^^^^^^^^^
  File "D:\CourseResources\3s\CoRe\Personal-GUI-Agent\.venv\Lib\site-packages\httpcore\_async\http_proxy.py", line 343, in handle_async_request
    return await self._connection.handle_async_request(request)
           ^^^^^^^^^^^^^^^^^^^^^^^^^^^^^^^^^^^^^^^^^^^^^^^^^^^^
  File "D:\CourseResources\3s\CoRe\Personal-GUI-Agent\.venv\Lib\site-packages\httpcore\_async\http11.py", line 136, in handle_async_request
    raise exc
  File "D:\CourseResources\3s\CoRe\Personal-GUI-Agent\.venv\Lib\site-packages\httpcore\_async\http11.py", line 106, in handle_async_request
    ) = await self._receive_response_headers(**kwargs)
        ^^^^^^^^^^^^^^^^^^^^^^^^^^^^^^^^^^^^^^^^^^^^^^
  File "D:\CourseResources\3s\CoRe\Personal-GUI-Agent\.venv\Lib\site-packages\httpcore\_async\http11.py", line 177, in _receive_response_headers
    event = await self._receive_event(timeout=timeout)
            ^^^^^^^^^^^^^^^^^^^^^^^^^^^^^^^^^^^^^^^^^^
  File "D:\CourseResources\3s\CoRe\Personal-GUI-Agent\.venv\Lib\site-packages\httpcore\_async\http11.py", line 231, in _receive_event
    raise RemoteProtocolError(msg)
httpcore.RemoteProtocolError: Server disconnected without sending a response.

The above exception was the direct cause of the following exception:

Traceback (most recent call last):
  File "D:\CourseResources\3s\CoRe\Personal-GUI-Agent\.venv\Lib\site-packages\openai\_base_client.py", line 1532, in request
    response = await self._client.send(
               ^^^^^^^^^^^^^^^^^^^^^^^^
  File "D:\CourseResources\3s\CoRe\Personal-GUI-Agent\.venv\Lib\site-packages\httpx\_client.py", line 1629, in send
    response = await self._send_handling_auth(
               ^^^^^^^^^^^^^^^^^^^^^^^^^^^^^^^
  File "D:\CourseResources\3s\CoRe\Personal-GUI-Agent\.venv\Lib\site-packages\httpx\_client.py", line 1657, in _send_handling_auth
    response = await self._send_handling_redirects(
               ^^^^^^^^^^^^^^^^^^^^^^^^^^^^^^^^^^^^
  File "D:\CourseResources\3s\CoRe\Personal-GUI-Agent\.venv\Lib\site-packages\httpx\_client.py", line 1694, in _send_handling_redirects
    response = await self._send_single_request(request)
               ^^^^^^^^^^^^^^^^^^^^^^^^^^^^^^^^^^^^^^^^
  File "D:\CourseResources\3s\CoRe\Personal-GUI-Agent\.venv\Lib\site-packages\httpx\_client.py", line 1730, in _send_single_request
    response = await transport.handle_async_request(request)
               ^^^^^^^^^^^^^^^^^^^^^^^^^^^^^^^^^^^^^^^^^^^^^
  File "D:\CourseResources\3s\CoRe\Personal-GUI-Agent\.venv\Lib\site-packages\httpx\_transports\default.py", line 393, in handle_async_request
    with map_httpcore_exceptions():
  File "D:\ProgramData\anaconda3\Lib\contextlib.py", line 158, in __exit__
    self.gen.throw(typ, value, traceback)
  File "D:\CourseResources\3s\CoRe\Personal-GUI-Agent\.venv\Lib\site-packages\httpx\_transports\default.py", line 118, in map_httpcore_exceptions
    raise mapped_exc(message) from exc
httpx.RemoteProtocolError: Server disconnected without sending a response.

The above exception was the direct cause of the following exception:

Traceback (most recent call last):
  File "D:\CourseResources\3s\CoRe\Personal-GUI-Agent\graphrag\simple_graphrag\src\llm\client.py", line 219, in chat_completion_async
    response = await self.async_client.chat.completions.create(
               ^^^^^^^^^^^^^^^^^^^^^^^^^^^^^^^^^^^^^^^^^^^^^^^^
  File "D:\CourseResources\3s\CoRe\Personal-GUI-Agent\.venv\Lib\site-packages\openai\resources\chat\completions\completions.py", line 2678, in create
    return await self._post(
           ^^^^^^^^^^^^^^^^^
  File "D:\CourseResources\3s\CoRe\Personal-GUI-Agent\.venv\Lib\site-packages\openai\_base_client.py", line 1797, in post
    return await self.request(cast_to, opts, stream=stream, stream_cls=stream_cls)
           ^^^^^^^^^^^^^^^^^^^^^^^^^^^^^^^^^^^^^^^^^^^^^^^^^^^^^^^^^^^^^^^^^^^^^^^
  File "D:\CourseResources\3s\CoRe\Personal-GUI-Agent\.venv\Lib\site-packages\openai\_base_client.py", line 1564, in request
    raise APIConnectionError(request=request) from err
openai.APIConnectionError: Connection error.

During handling of the above exception, another exception occurred:

Traceback (most recent call last):
  File "D:\CourseResources\3s\CoRe\Personal-GUI-Agent\graphrag\simple_graphrag\simplegraph.py", line 678, in _run_task
    entities, relationships, extraction_llm_response = await self._step_extract(
                                                       ^^^^^^^^^^^^^^^^^^^^^^^^^
  File "D:\CourseResources\3s\CoRe\Personal-GUI-Agent\graphrag\simple_graphrag\simplegraph.py", line 1247, in _step_extract
    entities, relationships, llm_response = await self._extract_async(
                                            ^^^^^^^^^^^^^^^^^^^^^^^^^^
  File "D:\CourseResources\3s\CoRe\Personal-GUI-Agent\graphrag\simple_graphrag\simplegraph.py", line 1283, in _extract_async
    checked_response = await self._check_extraction_async(
                       ^^^^^^^^^^^^^^^^^^^^^^^^^^^^^^^^^^^
  File "D:\CourseResources\3s\CoRe\Personal-GUI-Agent\graphrag\simple_graphrag\simplegraph.py", line 1304, in _check_extraction_async
    response = await self.llm_client.extract_text_async(
               ^^^^^^^^^^^^^^^^^^^^^^^^^^^^^^^^^^^^^^^^^
  File "D:\CourseResources\3s\CoRe\Personal-GUI-Agent\graphrag\simple_graphrag\src\llm\client.py", line 273, in extract_text_async
    response = await self.chat_completion_async(messages, temperature=temperature)
               ^^^^^^^^^^^^^^^^^^^^^^^^^^^^^^^^^^^^^^^^^^^^^^^^^^^^^^^^^^^^^^^^^^^
  File "D:\CourseResources\3s\CoRe\Personal-GUI-Agent\graphrag\simple_graphrag\src\llm\client.py", line 236, in chat_completion_async
    raise RuntimeError(f"LLMå¼‚æ­¥è°ƒç”¨å¤±è´¥: {str(e)}")
RuntimeError: LLMå¼‚æ­¥è°ƒç”¨å¤±è´¥: Connection error.
2026-01-10 01:20:51 - simplegraph - ERROR - simplegraph.py:897 - Worker 1 ä»»åŠ¡å¤±è´¥: 477c4580..., é”™è¯¯: LLMå¼‚æ­¥è°ƒç”¨å¤±è´¥: Connection error.
Traceback (most recent call last):
  File "D:\CourseResources\3s\CoRe\Personal-GUI-Agent\.venv\Lib\site-packages\httpx\_transports\default.py", line 101, in map_httpcore_exceptions
    yield
  File "D:\CourseResources\3s\CoRe\Personal-GUI-Agent\.venv\Lib\site-packages\httpx\_transports\default.py", line 394, in handle_async_request
    resp = await self._pool.handle_async_request(req)
           ^^^^^^^^^^^^^^^^^^^^^^^^^^^^^^^^^^^^^^^^^^
  File "D:\CourseResources\3s\CoRe\Personal-GUI-Agent\.venv\Lib\site-packages\httpcore\_async\connection_pool.py", line 256, in handle_async_request
    raise exc from None
  File "D:\CourseResources\3s\CoRe\Personal-GUI-Agent\.venv\Lib\site-packages\httpcore\_async\connection_pool.py", line 236, in handle_async_request
    response = await connection.handle_async_request(
               ^^^^^^^^^^^^^^^^^^^^^^^^^^^^^^^^^^^^^^
  File "D:\CourseResources\3s\CoRe\Personal-GUI-Agent\.venv\Lib\site-packages\httpcore\_async\http_proxy.py", line 343, in handle_async_request
    return await self._connection.handle_async_request(request)
           ^^^^^^^^^^^^^^^^^^^^^^^^^^^^^^^^^^^^^^^^^^^^^^^^^^^^
  File "D:\CourseResources\3s\CoRe\Personal-GUI-Agent\.venv\Lib\site-packages\httpcore\_async\http11.py", line 136, in handle_async_request
    raise exc
  File "D:\CourseResources\3s\CoRe\Personal-GUI-Agent\.venv\Lib\site-packages\httpcore\_async\http11.py", line 106, in handle_async_request
    ) = await self._receive_response_headers(**kwargs)
        ^^^^^^^^^^^^^^^^^^^^^^^^^^^^^^^^^^^^^^^^^^^^^^
  File "D:\CourseResources\3s\CoRe\Personal-GUI-Agent\.venv\Lib\site-packages\httpcore\_async\http11.py", line 177, in _receive_response_headers
    event = await self._receive_event(timeout=timeout)
            ^^^^^^^^^^^^^^^^^^^^^^^^^^^^^^^^^^^^^^^^^^
  File "D:\CourseResources\3s\CoRe\Personal-GUI-Agent\.venv\Lib\site-packages\httpcore\_async\http11.py", line 231, in _receive_event
    raise RemoteProtocolError(msg)
httpcore.RemoteProtocolError: Server disconnected without sending a response.

The above exception was the direct cause of the following exception:

Traceback (most recent call last):
  File "D:\CourseResources\3s\CoRe\Personal-GUI-Agent\.venv\Lib\site-packages\openai\_base_client.py", line 1532, in request
    response = await self._client.send(
               ^^^^^^^^^^^^^^^^^^^^^^^^
  File "D:\CourseResources\3s\CoRe\Personal-GUI-Agent\.venv\Lib\site-packages\httpx\_client.py", line 1629, in send
    response = await self._send_handling_auth(
               ^^^^^^^^^^^^^^^^^^^^^^^^^^^^^^^
  File "D:\CourseResources\3s\CoRe\Personal-GUI-Agent\.venv\Lib\site-packages\httpx\_client.py", line 1657, in _send_handling_auth
    response = await self._send_handling_redirects(
               ^^^^^^^^^^^^^^^^^^^^^^^^^^^^^^^^^^^^
  File "D:\CourseResources\3s\CoRe\Personal-GUI-Agent\.venv\Lib\site-packages\httpx\_client.py", line 1694, in _send_handling_redirects
    response = await self._send_single_request(request)
               ^^^^^^^^^^^^^^^^^^^^^^^^^^^^^^^^^^^^^^^^
  File "D:\CourseResources\3s\CoRe\Personal-GUI-Agent\.venv\Lib\site-packages\httpx\_client.py", line 1730, in _send_single_request
    response = await transport.handle_async_request(request)
               ^^^^^^^^^^^^^^^^^^^^^^^^^^^^^^^^^^^^^^^^^^^^^
  File "D:\CourseResources\3s\CoRe\Personal-GUI-Agent\.venv\Lib\site-packages\httpx\_transports\default.py", line 393, in handle_async_request
    with map_httpcore_exceptions():
  File "D:\ProgramData\anaconda3\Lib\contextlib.py", line 158, in __exit__
    self.gen.throw(typ, value, traceback)
  File "D:\CourseResources\3s\CoRe\Personal-GUI-Agent\.venv\Lib\site-packages\httpx\_transports\default.py", line 118, in map_httpcore_exceptions
    raise mapped_exc(message) from exc
httpx.RemoteProtocolError: Server disconnected without sending a response.

The above exception was the direct cause of the following exception:

Traceback (most recent call last):
  File "D:\CourseResources\3s\CoRe\Personal-GUI-Agent\graphrag\simple_graphrag\src\llm\client.py", line 219, in chat_completion_async
    response = await self.async_client.chat.completions.create(
               ^^^^^^^^^^^^^^^^^^^^^^^^^^^^^^^^^^^^^^^^^^^^^^^^
  File "D:\CourseResources\3s\CoRe\Personal-GUI-Agent\.venv\Lib\site-packages\openai\resources\chat\completions\completions.py", line 2678, in create
    return await self._post(
           ^^^^^^^^^^^^^^^^^
  File "D:\CourseResources\3s\CoRe\Personal-GUI-Agent\.venv\Lib\site-packages\openai\_base_client.py", line 1797, in post
    return await self.request(cast_to, opts, stream=stream, stream_cls=stream_cls)
           ^^^^^^^^^^^^^^^^^^^^^^^^^^^^^^^^^^^^^^^^^^^^^^^^^^^^^^^^^^^^^^^^^^^^^^^
  File "D:\CourseResources\3s\CoRe\Personal-GUI-Agent\.venv\Lib\site-packages\openai\_base_client.py", line 1564, in request
    raise APIConnectionError(request=request) from err
openai.APIConnectionError: Connection error.

During handling of the above exception, another exception occurred:

Traceback (most recent call last):
  File "D:\CourseResources\3s\CoRe\Personal-GUI-Agent\graphrag\simple_graphrag\simplegraph.py", line 864, in _worker
    delta = await self._run_task(task)
            ^^^^^^^^^^^^^^^^^^^^^^^^^^
  File "D:\CourseResources\3s\CoRe\Personal-GUI-Agent\graphrag\simple_graphrag\simplegraph.py", line 678, in _run_task
    entities, relationships, extraction_llm_response = await self._step_extract(
                                                       ^^^^^^^^^^^^^^^^^^^^^^^^^
  File "D:\CourseResources\3s\CoRe\Personal-GUI-Agent\graphrag\simple_graphrag\simplegraph.py", line 1247, in _step_extract
    entities, relationships, llm_response = await self._extract_async(
                                            ^^^^^^^^^^^^^^^^^^^^^^^^^^
  File "D:\CourseResources\3s\CoRe\Personal-GUI-Agent\graphrag\simple_graphrag\simplegraph.py", line 1283, in _extract_async
    checked_response = await self._check_extraction_async(
                       ^^^^^^^^^^^^^^^^^^^^^^^^^^^^^^^^^^^
  File "D:\CourseResources\3s\CoRe\Personal-GUI-Agent\graphrag\simple_graphrag\simplegraph.py", line 1304, in _check_extraction_async
    response = await self.llm_client.extract_text_async(
               ^^^^^^^^^^^^^^^^^^^^^^^^^^^^^^^^^^^^^^^^^
  File "D:\CourseResources\3s\CoRe\Personal-GUI-Agent\graphrag\simple_graphrag\src\llm\client.py", line 273, in extract_text_async
    response = await self.chat_completion_async(messages, temperature=temperature)
               ^^^^^^^^^^^^^^^^^^^^^^^^^^^^^^^^^^^^^^^^^^^^^^^^^^^^^^^^^^^^^^^^^^^
  File "D:\CourseResources\3s\CoRe\Personal-GUI-Agent\graphrag\simple_graphrag\src\llm\client.py", line 236, in chat_completion_async
    raise RuntimeError(f"LLMå¼‚æ­¥è°ƒç”¨å¤±è´¥: {str(e)}")
RuntimeError: LLMå¼‚æ­¥è°ƒç”¨å¤±è´¥: Connection error.
2026-01-10 01:20:58 - simplegraph - INFO - simplegraph.py:258 - ä»»åŠ¡å·²æäº¤: 3e45f972...
2026-01-10 01:20:58 - simplegraph - INFO - simplegraph.py:854 - Worker 1 å¼€å§‹å¤„ç†ä»»åŠ¡: 3e45f972...
2026-01-10 01:20:58 - simplegraph - INFO - simplegraph.py:485 - å¼€å§‹æ‰§è¡Œä»»åŠ¡: 3e45f972-1f60-48f9-81d1-d5c416f5171d
2026-01-10 01:20:58 - simplegraph - INFO - simplegraph.py:509 - [ä»»åŠ¡ 3e45f972] ğŸ”§ å¼€å§‹Systemæ›´æ–°é˜¶æ®µ
2026-01-10 01:20:58 - simplegraph - INFO - simplegraph.py:510 - [ä»»åŠ¡ 3e45f972] è¾“å…¥æ–‡æœ¬: æˆ‘åœ¨ä¸»å±å¹•ä¸Šæ»‘åŠ¨æ‰¾åˆ°å¹¶ç‚¹å‡»äº†â€œç¾å›¢â€åº”ç”¨å›¾æ ‡ï¼Œæ‰“å¼€ç¾å›¢åº”ç”¨ã€‚ åœ¨ç¾å›¢é¦–é¡µï¼Œæˆ‘ç‚¹å‡»åº•éƒ¨å¯¼èˆªæ çš„â€œæˆ‘çš„â€æŒ‰é’®ï¼Œè¿›å…¥ä¸ªäººä¸­å¿ƒé¡µé¢ã€‚ åœ¨ä¸ªäººä¸­å¿ƒé¡µé¢ï¼Œæˆ‘ç‚¹å‡»â€œæˆ‘çš„è®¢å•â€é€‰é¡¹ï¼Œè¿›å…¥å†å²è®¢å•åˆ—è¡¨ã€‚ åœ¨è®¢å•åˆ—è¡¨ä¸­ï¼Œ...
2026-01-10 01:21:07 - simplegraph - INFO - simplegraph.py:1149 - éœ€è¦æ‰©å±• Systemï¼Œæ¶‰åŠ 1 ä¸ªç±»
2026-01-10 01:21:07 - simplegraph - INFO - simplegraph.py:1153 - System æ‰©å±•å®Œæˆ: æ–°å¢ 1 ä¸ªç±», å¢å¼º 0 ä¸ªç±»
2026-01-10 01:21:07 - simplegraph - INFO - simplegraph.py:1111 - System å·²æ‰©å±•:
2026-01-10 01:21:07 - simplegraph - INFO - simplegraph.py:1112 -   æ–°å¢ç±»: ['è®¢å•']
2026-01-10 01:21:07 - simplegraph - INFO - simplegraph.py:1113 -   å¢å¼ºç±»: []
2026-01-10 01:21:07 - simplegraph - INFO - simplegraph.py:527 - [ä»»åŠ¡ 3e45f972] âœ… Systemæ›´æ–°å®Œæˆ:
2026-01-10 01:21:07 - simplegraph - INFO - simplegraph.py:531 -   âœ¨ æ–°å¢ç±»: è®¢å•
2026-01-10 01:21:07 - simplegraph - INFO - simplegraph.py:532 -      æè¿°: ç”¨æˆ·åœ¨å¹³å°ï¼ˆå¦‚è´­ç‰©ã€å¤–å–å¹³å°ï¼‰ä¸Šå®Œæˆäº¤æ˜“åäº§ç”Ÿçš„è®°å½•
2026-01-10 01:21:07 - simplegraph - INFO - simplegraph.py:534 -      å±æ€§: è®¢å•ç¼–å·, ä¸‹å•æ—¶é—´, è®¢å•çŠ¶æ€, å…³è”å•†å®¶, è®¢å•è¯¦æƒ…, æ‰€å±å¹³å°
2026-01-10 01:21:07 - simplegraph - INFO - simplegraph.py:669 - [ä»»åŠ¡ 3e45f972] ğŸ” å¼€å§‹å®ä½“å’Œå…³ç³»æå–é˜¶æ®µ
2026-01-10 01:21:42 - simplegraph - INFO - simplegraph.py:1282 - å¼€å§‹æ£€æŸ¥å’Œä¼˜åŒ–æå–ç»“æœï¼ˆå¼‚æ­¥ï¼‰...
2026-01-10 01:25:47 - src.llm.client - ERROR - client.py:235 - LLMå¼‚æ­¥è°ƒç”¨å¤±è´¥: Connection error.
Traceback (most recent call last):
  File "D:\CourseResources\3s\CoRe\Personal-GUI-Agent\.venv\Lib\site-packages\httpx\_transports\default.py", line 101, in map_httpcore_exceptions
    yield
  File "D:\CourseResources\3s\CoRe\Personal-GUI-Agent\.venv\Lib\site-packages\httpx\_transports\default.py", line 394, in handle_async_request
    resp = await self._pool.handle_async_request(req)
           ^^^^^^^^^^^^^^^^^^^^^^^^^^^^^^^^^^^^^^^^^^
  File "D:\CourseResources\3s\CoRe\Personal-GUI-Agent\.venv\Lib\site-packages\httpcore\_async\connection_pool.py", line 256, in handle_async_request
    raise exc from None
  File "D:\CourseResources\3s\CoRe\Personal-GUI-Agent\.venv\Lib\site-packages\httpcore\_async\connection_pool.py", line 236, in handle_async_request
    response = await connection.handle_async_request(
               ^^^^^^^^^^^^^^^^^^^^^^^^^^^^^^^^^^^^^^
  File "D:\CourseResources\3s\CoRe\Personal-GUI-Agent\.venv\Lib\site-packages\httpcore\_async\http_proxy.py", line 343, in handle_async_request
    return await self._connection.handle_async_request(request)
           ^^^^^^^^^^^^^^^^^^^^^^^^^^^^^^^^^^^^^^^^^^^^^^^^^^^^
  File "D:\CourseResources\3s\CoRe\Personal-GUI-Agent\.venv\Lib\site-packages\httpcore\_async\http11.py", line 136, in handle_async_request
    raise exc
  File "D:\CourseResources\3s\CoRe\Personal-GUI-Agent\.venv\Lib\site-packages\httpcore\_async\http11.py", line 106, in handle_async_request
    ) = await self._receive_response_headers(**kwargs)
        ^^^^^^^^^^^^^^^^^^^^^^^^^^^^^^^^^^^^^^^^^^^^^^
  File "D:\CourseResources\3s\CoRe\Personal-GUI-Agent\.venv\Lib\site-packages\httpcore\_async\http11.py", line 177, in _receive_response_headers
    event = await self._receive_event(timeout=timeout)
            ^^^^^^^^^^^^^^^^^^^^^^^^^^^^^^^^^^^^^^^^^^
  File "D:\CourseResources\3s\CoRe\Personal-GUI-Agent\.venv\Lib\site-packages\httpcore\_async\http11.py", line 231, in _receive_event
    raise RemoteProtocolError(msg)
httpcore.RemoteProtocolError: Server disconnected without sending a response.

The above exception was the direct cause of the following exception:

Traceback (most recent call last):
  File "D:\CourseResources\3s\CoRe\Personal-GUI-Agent\.venv\Lib\site-packages\openai\_base_client.py", line 1532, in request
    response = await self._client.send(
               ^^^^^^^^^^^^^^^^^^^^^^^^
  File "D:\CourseResources\3s\CoRe\Personal-GUI-Agent\.venv\Lib\site-packages\httpx\_client.py", line 1629, in send
    response = await self._send_handling_auth(
               ^^^^^^^^^^^^^^^^^^^^^^^^^^^^^^^
  File "D:\CourseResources\3s\CoRe\Personal-GUI-Agent\.venv\Lib\site-packages\httpx\_client.py", line 1657, in _send_handling_auth
    response = await self._send_handling_redirects(
               ^^^^^^^^^^^^^^^^^^^^^^^^^^^^^^^^^^^^
  File "D:\CourseResources\3s\CoRe\Personal-GUI-Agent\.venv\Lib\site-packages\httpx\_client.py", line 1694, in _send_handling_redirects
    response = await self._send_single_request(request)
               ^^^^^^^^^^^^^^^^^^^^^^^^^^^^^^^^^^^^^^^^
  File "D:\CourseResources\3s\CoRe\Personal-GUI-Agent\.venv\Lib\site-packages\httpx\_client.py", line 1730, in _send_single_request
    response = await transport.handle_async_request(request)
               ^^^^^^^^^^^^^^^^^^^^^^^^^^^^^^^^^^^^^^^^^^^^^
  File "D:\CourseResources\3s\CoRe\Personal-GUI-Agent\.venv\Lib\site-packages\httpx\_transports\default.py", line 393, in handle_async_request
    with map_httpcore_exceptions():
  File "D:\ProgramData\anaconda3\Lib\contextlib.py", line 158, in __exit__
    self.gen.throw(typ, value, traceback)
  File "D:\CourseResources\3s\CoRe\Personal-GUI-Agent\.venv\Lib\site-packages\httpx\_transports\default.py", line 118, in map_httpcore_exceptions
    raise mapped_exc(message) from exc
httpx.RemoteProtocolError: Server disconnected without sending a response.

The above exception was the direct cause of the following exception:

Traceback (most recent call last):
  File "D:\CourseResources\3s\CoRe\Personal-GUI-Agent\graphrag\simple_graphrag\src\llm\client.py", line 219, in chat_completion_async
    response = await self.async_client.chat.completions.create(
               ^^^^^^^^^^^^^^^^^^^^^^^^^^^^^^^^^^^^^^^^^^^^^^^^
  File "D:\CourseResources\3s\CoRe\Personal-GUI-Agent\.venv\Lib\site-packages\openai\resources\chat\completions\completions.py", line 2678, in create
    return await self._post(
           ^^^^^^^^^^^^^^^^^
  File "D:\CourseResources\3s\CoRe\Personal-GUI-Agent\.venv\Lib\site-packages\openai\_base_client.py", line 1797, in post
    return await self.request(cast_to, opts, stream=stream, stream_cls=stream_cls)
           ^^^^^^^^^^^^^^^^^^^^^^^^^^^^^^^^^^^^^^^^^^^^^^^^^^^^^^^^^^^^^^^^^^^^^^^
  File "D:\CourseResources\3s\CoRe\Personal-GUI-Agent\.venv\Lib\site-packages\openai\_base_client.py", line 1564, in request
    raise APIConnectionError(request=request) from err
openai.APIConnectionError: Connection error.
2026-01-10 01:25:47 - simplegraph - ERROR - simplegraph.py:834 - ä»»åŠ¡æ‰§è¡Œå¤±è´¥: LLMå¼‚æ­¥è°ƒç”¨å¤±è´¥: Connection error.
Traceback (most recent call last):
  File "D:\CourseResources\3s\CoRe\Personal-GUI-Agent\.venv\Lib\site-packages\httpx\_transports\default.py", line 101, in map_httpcore_exceptions
    yield
  File "D:\CourseResources\3s\CoRe\Personal-GUI-Agent\.venv\Lib\site-packages\httpx\_transports\default.py", line 394, in handle_async_request
    resp = await self._pool.handle_async_request(req)
           ^^^^^^^^^^^^^^^^^^^^^^^^^^^^^^^^^^^^^^^^^^
  File "D:\CourseResources\3s\CoRe\Personal-GUI-Agent\.venv\Lib\site-packages\httpcore\_async\connection_pool.py", line 256, in handle_async_request
    raise exc from None
  File "D:\CourseResources\3s\CoRe\Personal-GUI-Agent\.venv\Lib\site-packages\httpcore\_async\connection_pool.py", line 236, in handle_async_request
    response = await connection.handle_async_request(
               ^^^^^^^^^^^^^^^^^^^^^^^^^^^^^^^^^^^^^^
  File "D:\CourseResources\3s\CoRe\Personal-GUI-Agent\.venv\Lib\site-packages\httpcore\_async\http_proxy.py", line 343, in handle_async_request
    return await self._connection.handle_async_request(request)
           ^^^^^^^^^^^^^^^^^^^^^^^^^^^^^^^^^^^^^^^^^^^^^^^^^^^^
  File "D:\CourseResources\3s\CoRe\Personal-GUI-Agent\.venv\Lib\site-packages\httpcore\_async\http11.py", line 136, in handle_async_request
    raise exc
  File "D:\CourseResources\3s\CoRe\Personal-GUI-Agent\.venv\Lib\site-packages\httpcore\_async\http11.py", line 106, in handle_async_request
    ) = await self._receive_response_headers(**kwargs)
        ^^^^^^^^^^^^^^^^^^^^^^^^^^^^^^^^^^^^^^^^^^^^^^
  File "D:\CourseResources\3s\CoRe\Personal-GUI-Agent\.venv\Lib\site-packages\httpcore\_async\http11.py", line 177, in _receive_response_headers
    event = await self._receive_event(timeout=timeout)
            ^^^^^^^^^^^^^^^^^^^^^^^^^^^^^^^^^^^^^^^^^^
  File "D:\CourseResources\3s\CoRe\Personal-GUI-Agent\.venv\Lib\site-packages\httpcore\_async\http11.py", line 231, in _receive_event
    raise RemoteProtocolError(msg)
httpcore.RemoteProtocolError: Server disconnected without sending a response.

The above exception was the direct cause of the following exception:

Traceback (most recent call last):
  File "D:\CourseResources\3s\CoRe\Personal-GUI-Agent\.venv\Lib\site-packages\openai\_base_client.py", line 1532, in request
    response = await self._client.send(
               ^^^^^^^^^^^^^^^^^^^^^^^^
  File "D:\CourseResources\3s\CoRe\Personal-GUI-Agent\.venv\Lib\site-packages\httpx\_client.py", line 1629, in send
    response = await self._send_handling_auth(
               ^^^^^^^^^^^^^^^^^^^^^^^^^^^^^^^
  File "D:\CourseResources\3s\CoRe\Personal-GUI-Agent\.venv\Lib\site-packages\httpx\_client.py", line 1657, in _send_handling_auth
    response = await self._send_handling_redirects(
               ^^^^^^^^^^^^^^^^^^^^^^^^^^^^^^^^^^^^
  File "D:\CourseResources\3s\CoRe\Personal-GUI-Agent\.venv\Lib\site-packages\httpx\_client.py", line 1694, in _send_handling_redirects
    response = await self._send_single_request(request)
               ^^^^^^^^^^^^^^^^^^^^^^^^^^^^^^^^^^^^^^^^
  File "D:\CourseResources\3s\CoRe\Personal-GUI-Agent\.venv\Lib\site-packages\httpx\_client.py", line 1730, in _send_single_request
    response = await transport.handle_async_request(request)
               ^^^^^^^^^^^^^^^^^^^^^^^^^^^^^^^^^^^^^^^^^^^^^
  File "D:\CourseResources\3s\CoRe\Personal-GUI-Agent\.venv\Lib\site-packages\httpx\_transports\default.py", line 393, in handle_async_request
    with map_httpcore_exceptions():
  File "D:\ProgramData\anaconda3\Lib\contextlib.py", line 158, in __exit__
    self.gen.throw(typ, value, traceback)
  File "D:\CourseResources\3s\CoRe\Personal-GUI-Agent\.venv\Lib\site-packages\httpx\_transports\default.py", line 118, in map_httpcore_exceptions
    raise mapped_exc(message) from exc
httpx.RemoteProtocolError: Server disconnected without sending a response.

The above exception was the direct cause of the following exception:

Traceback (most recent call last):
  File "D:\CourseResources\3s\CoRe\Personal-GUI-Agent\graphrag\simple_graphrag\src\llm\client.py", line 219, in chat_completion_async
    response = await self.async_client.chat.completions.create(
               ^^^^^^^^^^^^^^^^^^^^^^^^^^^^^^^^^^^^^^^^^^^^^^^^
  File "D:\CourseResources\3s\CoRe\Personal-GUI-Agent\.venv\Lib\site-packages\openai\resources\chat\completions\completions.py", line 2678, in create
    return await self._post(
           ^^^^^^^^^^^^^^^^^
  File "D:\CourseResources\3s\CoRe\Personal-GUI-Agent\.venv\Lib\site-packages\openai\_base_client.py", line 1797, in post
    return await self.request(cast_to, opts, stream=stream, stream_cls=stream_cls)
           ^^^^^^^^^^^^^^^^^^^^^^^^^^^^^^^^^^^^^^^^^^^^^^^^^^^^^^^^^^^^^^^^^^^^^^^
  File "D:\CourseResources\3s\CoRe\Personal-GUI-Agent\.venv\Lib\site-packages\openai\_base_client.py", line 1564, in request
    raise APIConnectionError(request=request) from err
openai.APIConnectionError: Connection error.

During handling of the above exception, another exception occurred:

Traceback (most recent call last):
  File "D:\CourseResources\3s\CoRe\Personal-GUI-Agent\graphrag\simple_graphrag\simplegraph.py", line 678, in _run_task
    entities, relationships, extraction_llm_response = await self._step_extract(
                                                       ^^^^^^^^^^^^^^^^^^^^^^^^^
  File "D:\CourseResources\3s\CoRe\Personal-GUI-Agent\graphrag\simple_graphrag\simplegraph.py", line 1247, in _step_extract
    entities, relationships, llm_response = await self._extract_async(
                                            ^^^^^^^^^^^^^^^^^^^^^^^^^^
  File "D:\CourseResources\3s\CoRe\Personal-GUI-Agent\graphrag\simple_graphrag\simplegraph.py", line 1283, in _extract_async
    checked_response = await self._check_extraction_async(
                       ^^^^^^^^^^^^^^^^^^^^^^^^^^^^^^^^^^^
  File "D:\CourseResources\3s\CoRe\Personal-GUI-Agent\graphrag\simple_graphrag\simplegraph.py", line 1304, in _check_extraction_async
    response = await self.llm_client.extract_text_async(
               ^^^^^^^^^^^^^^^^^^^^^^^^^^^^^^^^^^^^^^^^^
  File "D:\CourseResources\3s\CoRe\Personal-GUI-Agent\graphrag\simple_graphrag\src\llm\client.py", line 273, in extract_text_async
    response = await self.chat_completion_async(messages, temperature=temperature)
               ^^^^^^^^^^^^^^^^^^^^^^^^^^^^^^^^^^^^^^^^^^^^^^^^^^^^^^^^^^^^^^^^^^^
  File "D:\CourseResources\3s\CoRe\Personal-GUI-Agent\graphrag\simple_graphrag\src\llm\client.py", line 236, in chat_completion_async
    raise RuntimeError(f"LLMå¼‚æ­¥è°ƒç”¨å¤±è´¥: {str(e)}")
RuntimeError: LLMå¼‚æ­¥è°ƒç”¨å¤±è´¥: Connection error.
2026-01-10 01:25:47 - simplegraph - ERROR - simplegraph.py:897 - Worker 1 ä»»åŠ¡å¤±è´¥: 3e45f972..., é”™è¯¯: LLMå¼‚æ­¥è°ƒç”¨å¤±è´¥: Connection error.
Traceback (most recent call last):
  File "D:\CourseResources\3s\CoRe\Personal-GUI-Agent\.venv\Lib\site-packages\httpx\_transports\default.py", line 101, in map_httpcore_exceptions
    yield
  File "D:\CourseResources\3s\CoRe\Personal-GUI-Agent\.venv\Lib\site-packages\httpx\_transports\default.py", line 394, in handle_async_request
    resp = await self._pool.handle_async_request(req)
           ^^^^^^^^^^^^^^^^^^^^^^^^^^^^^^^^^^^^^^^^^^
  File "D:\CourseResources\3s\CoRe\Personal-GUI-Agent\.venv\Lib\site-packages\httpcore\_async\connection_pool.py", line 256, in handle_async_request
    raise exc from None
  File "D:\CourseResources\3s\CoRe\Personal-GUI-Agent\.venv\Lib\site-packages\httpcore\_async\connection_pool.py", line 236, in handle_async_request
    response = await connection.handle_async_request(
               ^^^^^^^^^^^^^^^^^^^^^^^^^^^^^^^^^^^^^^
  File "D:\CourseResources\3s\CoRe\Personal-GUI-Agent\.venv\Lib\site-packages\httpcore\_async\http_proxy.py", line 343, in handle_async_request
    return await self._connection.handle_async_request(request)
           ^^^^^^^^^^^^^^^^^^^^^^^^^^^^^^^^^^^^^^^^^^^^^^^^^^^^
  File "D:\CourseResources\3s\CoRe\Personal-GUI-Agent\.venv\Lib\site-packages\httpcore\_async\http11.py", line 136, in handle_async_request
    raise exc
  File "D:\CourseResources\3s\CoRe\Personal-GUI-Agent\.venv\Lib\site-packages\httpcore\_async\http11.py", line 106, in handle_async_request
    ) = await self._receive_response_headers(**kwargs)
        ^^^^^^^^^^^^^^^^^^^^^^^^^^^^^^^^^^^^^^^^^^^^^^
  File "D:\CourseResources\3s\CoRe\Personal-GUI-Agent\.venv\Lib\site-packages\httpcore\_async\http11.py", line 177, in _receive_response_headers
    event = await self._receive_event(timeout=timeout)
            ^^^^^^^^^^^^^^^^^^^^^^^^^^^^^^^^^^^^^^^^^^
  File "D:\CourseResources\3s\CoRe\Personal-GUI-Agent\.venv\Lib\site-packages\httpcore\_async\http11.py", line 231, in _receive_event
    raise RemoteProtocolError(msg)
httpcore.RemoteProtocolError: Server disconnected without sending a response.

The above exception was the direct cause of the following exception:

Traceback (most recent call last):
  File "D:\CourseResources\3s\CoRe\Personal-GUI-Agent\.venv\Lib\site-packages\openai\_base_client.py", line 1532, in request
    response = await self._client.send(
               ^^^^^^^^^^^^^^^^^^^^^^^^
  File "D:\CourseResources\3s\CoRe\Personal-GUI-Agent\.venv\Lib\site-packages\httpx\_client.py", line 1629, in send
    response = await self._send_handling_auth(
               ^^^^^^^^^^^^^^^^^^^^^^^^^^^^^^^
  File "D:\CourseResources\3s\CoRe\Personal-GUI-Agent\.venv\Lib\site-packages\httpx\_client.py", line 1657, in _send_handling_auth
    response = await self._send_handling_redirects(
               ^^^^^^^^^^^^^^^^^^^^^^^^^^^^^^^^^^^^
  File "D:\CourseResources\3s\CoRe\Personal-GUI-Agent\.venv\Lib\site-packages\httpx\_client.py", line 1694, in _send_handling_redirects
    response = await self._send_single_request(request)
               ^^^^^^^^^^^^^^^^^^^^^^^^^^^^^^^^^^^^^^^^
  File "D:\CourseResources\3s\CoRe\Personal-GUI-Agent\.venv\Lib\site-packages\httpx\_client.py", line 1730, in _send_single_request
    response = await transport.handle_async_request(request)
               ^^^^^^^^^^^^^^^^^^^^^^^^^^^^^^^^^^^^^^^^^^^^^
  File "D:\CourseResources\3s\CoRe\Personal-GUI-Agent\.venv\Lib\site-packages\httpx\_transports\default.py", line 393, in handle_async_request
    with map_httpcore_exceptions():
  File "D:\ProgramData\anaconda3\Lib\contextlib.py", line 158, in __exit__
    self.gen.throw(typ, value, traceback)
  File "D:\CourseResources\3s\CoRe\Personal-GUI-Agent\.venv\Lib\site-packages\httpx\_transports\default.py", line 118, in map_httpcore_exceptions
    raise mapped_exc(message) from exc
httpx.RemoteProtocolError: Server disconnected without sending a response.

The above exception was the direct cause of the following exception:

Traceback (most recent call last):
  File "D:\CourseResources\3s\CoRe\Personal-GUI-Agent\graphrag\simple_graphrag\src\llm\client.py", line 219, in chat_completion_async
    response = await self.async_client.chat.completions.create(
               ^^^^^^^^^^^^^^^^^^^^^^^^^^^^^^^^^^^^^^^^^^^^^^^^
  File "D:\CourseResources\3s\CoRe\Personal-GUI-Agent\.venv\Lib\site-packages\openai\resources\chat\completions\completions.py", line 2678, in create
    return await self._post(
           ^^^^^^^^^^^^^^^^^
  File "D:\CourseResources\3s\CoRe\Personal-GUI-Agent\.venv\Lib\site-packages\openai\_base_client.py", line 1797, in post
    return await self.request(cast_to, opts, stream=stream, stream_cls=stream_cls)
           ^^^^^^^^^^^^^^^^^^^^^^^^^^^^^^^^^^^^^^^^^^^^^^^^^^^^^^^^^^^^^^^^^^^^^^^
  File "D:\CourseResources\3s\CoRe\Personal-GUI-Agent\.venv\Lib\site-packages\openai\_base_client.py", line 1564, in request
    raise APIConnectionError(request=request) from err
openai.APIConnectionError: Connection error.

During handling of the above exception, another exception occurred:

Traceback (most recent call last):
  File "D:\CourseResources\3s\CoRe\Personal-GUI-Agent\graphrag\simple_graphrag\simplegraph.py", line 864, in _worker
    delta = await self._run_task(task)
            ^^^^^^^^^^^^^^^^^^^^^^^^^^
  File "D:\CourseResources\3s\CoRe\Personal-GUI-Agent\graphrag\simple_graphrag\simplegraph.py", line 678, in _run_task
    entities, relationships, extraction_llm_response = await self._step_extract(
                                                       ^^^^^^^^^^^^^^^^^^^^^^^^^
  File "D:\CourseResources\3s\CoRe\Personal-GUI-Agent\graphrag\simple_graphrag\simplegraph.py", line 1247, in _step_extract
    entities, relationships, llm_response = await self._extract_async(
                                            ^^^^^^^^^^^^^^^^^^^^^^^^^^
  File "D:\CourseResources\3s\CoRe\Personal-GUI-Agent\graphrag\simple_graphrag\simplegraph.py", line 1283, in _extract_async
    checked_response = await self._check_extraction_async(
                       ^^^^^^^^^^^^^^^^^^^^^^^^^^^^^^^^^^^
  File "D:\CourseResources\3s\CoRe\Personal-GUI-Agent\graphrag\simple_graphrag\simplegraph.py", line 1304, in _check_extraction_async
    response = await self.llm_client.extract_text_async(
               ^^^^^^^^^^^^^^^^^^^^^^^^^^^^^^^^^^^^^^^^^
  File "D:\CourseResources\3s\CoRe\Personal-GUI-Agent\graphrag\simple_graphrag\src\llm\client.py", line 273, in extract_text_async
    response = await self.chat_completion_async(messages, temperature=temperature)
               ^^^^^^^^^^^^^^^^^^^^^^^^^^^^^^^^^^^^^^^^^^^^^^^^^^^^^^^^^^^^^^^^^^^
  File "D:\CourseResources\3s\CoRe\Personal-GUI-Agent\graphrag\simple_graphrag\src\llm\client.py", line 236, in chat_completion_async
    raise RuntimeError(f"LLMå¼‚æ­¥è°ƒç”¨å¤±è´¥: {str(e)}")
RuntimeError: LLMå¼‚æ­¥è°ƒç”¨å¤±è´¥: Connection error.
2026-01-10 01:32:47 - graph_service - INFO - graph_service.py:964 - ä¿å­˜æ•°æ®åº“åˆ°: D:\CourseResources\3s\CoRe\Personal-GUI-Agent\graphrag\backend\data\graph_database.pkl
2026-01-10 01:32:47 - simplegraph - INFO - simplegraph.py:385 - ä¿å­˜ Graph åˆ°: D:\CourseResources\3s\CoRe\Personal-GUI-Agent\graphrag\backend\data\graph_database.pkl
2026-01-10 01:32:47 - simplegraph - INFO - simplegraph.py:388 - Graph ä¿å­˜æˆåŠŸ: D:\CourseResources\3s\CoRe\Personal-GUI-Agent\graphrag\backend\data\graph_database.pkl
2026-01-10 01:32:47 - graph_service - INFO - graph_service.py:981 - æ•°æ®åº“ä¿å­˜æˆåŠŸ: D:\CourseResources\3s\CoRe\Personal-GUI-Agent\graphrag\backend\data\graph_database.pkl
2026-01-10 01:32:47 - graph_service - INFO - graph_service.py:939 - æœåŠ¡å…³é—­å‰å·²è‡ªåŠ¨ä¿å­˜æ•°æ®åº“
2026-01-10 01:32:47 - simplegraph - INFO - simplegraph.py:211 - åœæ­¢ä»»åŠ¡å¤„ç†å™¨...
2026-01-10 01:32:47 - simplegraph - INFO - simplegraph.py:978 - Merge Worker è¢«å–æ¶ˆ
2026-01-10 01:32:47 - simplegraph - INFO - simplegraph.py:983 - Merge Worker åœæ­¢
2026-01-10 01:32:47 - simplegraph - INFO - simplegraph.py:906 - Worker 1 è¢«å–æ¶ˆ
2026-01-10 01:32:47 - simplegraph - INFO - simplegraph.py:911 - Worker 1 åœæ­¢
2026-01-10 01:32:47 - simplegraph - INFO - simplegraph.py:906 - Worker 2 è¢«å–æ¶ˆ
2026-01-10 01:32:47 - simplegraph - INFO - simplegraph.py:911 - Worker 2 åœæ­¢
2026-01-10 01:32:47 - simplegraph - INFO - simplegraph.py:906 - Worker 0 è¢«å–æ¶ˆ
2026-01-10 01:32:47 - simplegraph - INFO - simplegraph.py:911 - Worker 0 åœæ­¢
2026-01-10 01:32:47 - simplegraph - INFO - simplegraph.py:230 - ä»»åŠ¡å¤„ç†å™¨å·²åœæ­¢
2026-01-10 01:32:49 - graph_service - INFO - graph_service.py:46 - æ£€æµ‹åˆ°é»˜è®¤æ•°æ®åº“æ–‡ä»¶ï¼Œæ­£åœ¨åŠ è½½: D:\CourseResources\3s\CoRe\Personal-GUI-Agent\graphrag\backend\data\graph_database.pkl
2026-01-10 01:32:49 - simplegraph - INFO - simplegraph.py:403 - ä»æ–‡ä»¶åŠ è½½ Graph: D:\CourseResources\3s\CoRe\Personal-GUI-Agent\graphrag\backend\data\graph_database.pkl
2026-01-10 01:32:49 - simplegraph - INFO - simplegraph.py:99 - ============================================================
2026-01-10 01:32:49 - simplegraph - INFO - simplegraph.py:100 - åˆå§‹åŒ– SimpleGraph
2026-01-10 01:32:49 - simplegraph - INFO - simplegraph.py:101 - ============================================================
2026-01-10 01:32:49 - simplegraph - INFO - simplegraph.py:110 - åˆå§‹åŒ– LLM å®¢æˆ·ç«¯...
2026-01-10 01:32:50 - simplegraph - INFO - simplegraph.py:121 - LLM å®¢æˆ·ç«¯åˆå§‹åŒ–å®Œæˆ (verbose=False)
2026-01-10 01:32:50 - simplegraph - INFO - simplegraph.py:124 - åŠ è½½é¢„å®šä¹‰ System...
2026-01-10 01:32:50 - simplegraph - INFO - simplegraph.py:126 - System åŠ è½½å®Œæˆ: 13 ä¸ªç±»
2026-01-10 01:32:50 - simplegraph - INFO - simplegraph.py:129 - Graph åˆ›å»ºå®Œæˆ: 5 ä¸ªå®ä½“ï¼ˆå«é¢„å®šä¹‰ï¼‰
2026-01-10 01:32:50 - src.combiners.smart_merger - INFO - smart_merger.py:94 - å·²åŠ è½½æ™ºèƒ½åˆå¹¶æç¤ºè¯: D:\CourseResources\3s\CoRe\Personal-GUI-Agent\graphrag\simple_graphrag\config\prompts\smart_merge.txt
2026-01-10 01:32:50 - simplegraph - INFO - simplegraph.py:145 - æ™ºèƒ½åˆå¹¶å™¨åˆå§‹åŒ–å®Œæˆ (enable_smart_merge=True)
2026-01-10 01:32:50 - simplegraph - INFO - simplegraph.py:158 - SimpleGraph åˆå§‹åŒ–å®Œæˆ
2026-01-10 01:32:50 - simplegraph - INFO - simplegraph.py:159 - ============================================================
2026-01-10 01:32:50 - simplegraph - INFO - simplegraph.py:423 - Graph åŠ è½½æˆåŠŸ: 8 ä¸ªå®ä½“, 8 ä¸ªå…³ç³»
2026-01-10 01:32:50 - simplegraph - INFO - simplegraph.py:193 - å¯åŠ¨ 3 ä¸ªæå–workerså’Œ1ä¸ªåˆå¹¶worker...
2026-01-10 01:32:50 - simplegraph - INFO - simplegraph.py:204 - ä»»åŠ¡å¤„ç†å™¨å¯åŠ¨å®Œæˆ
2026-01-10 01:32:50 - graph_service - INFO - graph_service.py:57 - å·²ä»é»˜è®¤æ•°æ®åº“åŠ è½½: 8 ä¸ªå®ä½“
2026-01-10 01:32:50 - src.search.search_engine - INFO - search_engine.py:204 - æœç´¢å¼•æ“åˆå§‹åŒ–å®Œæˆ
2026-01-10 01:32:50 - graph_service - INFO - graph_service.py:79 - SimpleGraph service initialized and started.
2026-01-10 01:32:50 - simplegraph - INFO - simplegraph.py:844 - Worker 0 å¯åŠ¨
2026-01-10 01:32:50 - simplegraph - INFO - simplegraph.py:844 - Worker 1 å¯åŠ¨
2026-01-10 01:32:50 - simplegraph - INFO - simplegraph.py:844 - Worker 2 å¯åŠ¨
2026-01-10 01:32:50 - simplegraph - INFO - simplegraph.py:920 - Merge Worker å¯åŠ¨ï¼ˆä¸²è¡Œå¤„ç†ï¼‰
2026-01-10 01:33:14 - simplegraph - INFO - simplegraph.py:258 - ä»»åŠ¡å·²æäº¤: 82403077...
2026-01-10 01:33:14 - simplegraph - INFO - simplegraph.py:854 - Worker 0 å¼€å§‹å¤„ç†ä»»åŠ¡: 82403077...
2026-01-10 01:33:14 - simplegraph - INFO - simplegraph.py:485 - å¼€å§‹æ‰§è¡Œä»»åŠ¡: 82403077-ddd2-44a3-b519-5f53bdee1607
2026-01-10 01:33:14 - simplegraph - INFO - simplegraph.py:509 - [ä»»åŠ¡ 82403077] ğŸ”§ å¼€å§‹Systemæ›´æ–°é˜¶æ®µ
2026-01-10 01:33:14 - simplegraph - INFO - simplegraph.py:510 - [ä»»åŠ¡ 82403077] è¾“å…¥æ–‡æœ¬:     "detailed_actions": [
      {
        "time": "2026-01-10T00:49:57.478000Z",
        "action": "...
2026-01-10 01:33:25 - simplegraph - INFO - simplegraph.py:1149 - éœ€è¦æ‰©å±• Systemï¼Œæ¶‰åŠ 3 ä¸ªç±»
2026-01-10 01:33:25 - simplegraph - INFO - simplegraph.py:1153 - System æ‰©å±•å®Œæˆ: æ–°å¢ 3 ä¸ªç±», å¢å¼º 0 ä¸ªç±»
2026-01-10 01:33:25 - simplegraph - INFO - simplegraph.py:1111 - System å·²æ‰©å±•:
2026-01-10 01:33:25 - simplegraph - INFO - simplegraph.py:1112 -   æ–°å¢ç±»: ['å¹³å°åŠŸèƒ½ç•Œé¢', 'åˆ†äº«æ“ä½œ', 'å¤–å–æœåŠ¡']
2026-01-10 01:33:25 - simplegraph - INFO - simplegraph.py:1113 -   å¢å¼ºç±»: []
2026-01-10 01:33:25 - simplegraph - INFO - simplegraph.py:527 - [ä»»åŠ¡ 82403077] âœ… Systemæ›´æ–°å®Œæˆ:
2026-01-10 01:33:25 - simplegraph - INFO - simplegraph.py:531 -   âœ¨ æ–°å¢ç±»: å¹³å°åŠŸèƒ½ç•Œé¢
2026-01-10 01:33:25 - simplegraph - INFO - simplegraph.py:532 -      æè¿°: ç‰¹å®šå¹³å°æˆ–åº”ç”¨å†…éƒ¨çš„å…·ä½“åŠŸèƒ½ç•Œé¢æˆ–é¡µé¢
2026-01-10 01:33:25 - simplegraph - INFO - simplegraph.py:534 -      å±æ€§: æ‰€å±å¹³å°, åŠŸèƒ½ç±»å‹
2026-01-10 01:33:25 - simplegraph - INFO - simplegraph.py:531 -   âœ¨ æ–°å¢ç±»: åˆ†äº«æ“ä½œ
2026-01-10 01:33:25 - simplegraph - INFO - simplegraph.py:532 -      æè¿°: ç”¨æˆ·å°†æŸä¸ªå®ä½“ï¼ˆå¦‚å†…å®¹ã€å•†å®¶ã€å•†å“ç­‰ï¼‰ä¿¡æ¯åˆ†äº«ç»™ä»–äººçš„è¡Œä¸º
2026-01-10 01:33:25 - simplegraph - INFO - simplegraph.py:534 -      å±æ€§: åˆ†äº«å†…å®¹, åˆ†äº«ç›®æ ‡, åˆ†äº«æ¥æº
2026-01-10 01:33:25 - simplegraph - INFO - simplegraph.py:531 -   âœ¨ æ–°å¢ç±»: å¤–å–æœåŠ¡
2026-01-10 01:33:25 - simplegraph - INFO - simplegraph.py:532 -      æè¿°: æä¾›åœ¨çº¿ç‚¹é¤å’Œé…é€æœåŠ¡çš„å¹³å°æˆ–å•†å®¶æœåŠ¡
2026-01-10 01:33:25 - simplegraph - INFO - simplegraph.py:534 -      å±æ€§: æœåŠ¡æä¾›æ–¹
2026-01-10 01:33:25 - simplegraph - INFO - simplegraph.py:669 - [ä»»åŠ¡ 82403077] ğŸ” å¼€å§‹å®ä½“å’Œå…³ç³»æå–é˜¶æ®µ
2026-01-10 01:34:07 - simplegraph - INFO - simplegraph.py:1282 - å¼€å§‹æ£€æŸ¥å’Œä¼˜åŒ–æå–ç»“æœï¼ˆå¼‚æ­¥ï¼‰...
2026-01-10 01:35:29 - simplegraph - INFO - simplegraph.py:1287 - æ£€æŸ¥ä¼˜åŒ–å®Œæˆ
2026-01-10 01:35:29 - src.extractors.extractor - WARNING - extractor.py:290 - è§£æå®ä½“å¤±è´¥: å¥½çš„ï¼Œä½œä¸ºçŸ¥è¯†å›¾è°±è´¨é‡æ£€æŸ¥ä¸“å®¶ï¼Œæˆ‘å°†å¯¹ç¬¬ä¸€æ¬¡æå–ç»“æœè¿›è¡Œè¯¦ç»†æ£€æŸ¥ï¼Œå¹¶è¾“å‡ºä¼˜åŒ–åçš„å®Œæ•´ç»“æœã€‚

---

## ğŸ” è´¨é‡æ£€æŸ¥æŠ¥å‘Šä¸ä¼˜åŒ–è¯´æ˜

### ã€Priority 0ã€‘ğŸš¨ å®ä½“å”¯ä¸€æ€§ä¸å…·ä½“æ€§æ£€æŸ¥

2026-01-10 01:35:29 - src.extractors.extractor - WARNING - extractor.py:290 - è§£æå®ä½“å¤±è´¥: ` æ¥æ¦‚æ‹¬ï¼Œä½†ç»“æ„ä¸æ¸…æ™°ï¼Œä¸”é—æ¼äº†â€œåˆ†äº«æ“ä½œâ€è¿™ä¸ªå…³é”®èŠ‚ç‚¹ã€‚
2. ç¬¬ä¸‰æ–¹å‚ä¸å…³ç³»ï¼šåˆ†äº«äº‹ä»¶æ¶‰åŠâ€œæˆ‘â€ã€â€œç¾å›¢å¤–å–â€ã€â€œè”“å‘³è½»é£Ÿé¤å…â€ã€â€œå¾®ä¿¡â€å’Œâ€œå¾®ä¿¡å¥½å‹ï¼ˆéšå«ï¼‰â€ï¼Œæ˜¯ä¸€ä¸ªå…¸å‹çš„å¤šæ–¹å‚ä¸å¤æ‚äº‹ä»¶ï¼Œéœ€
2026-01-10 01:35:29 - src.extractors.extractor - WARNING - extractor.py:290 - è§£æå®ä½“å¤±è´¥: (â€œentityâ€|ç¾å›¢å¤–å–|æä¾›å¤–å–è®¢è´­æœåŠ¡çš„ç§»åŠ¨åº”ç”¨å¹³å°)
2026-01-10 01:35:29 - src.extractors.extractor - WARNING - extractor.py:290 - è§£æå®ä½“å¤±è´¥: (â€œentityâ€|è”“å‘³è½»é£ŸÂ·æ²™æ‹‰Â·å¥åº·é¤|ä¸€å®¶åœ¨ç¾å›¢å¤–å–å¹³å°ä¸Šæä¾›è½»é£Ÿæ²™æ‹‰çš„é¤å…)
2026-01-10 01:35:29 - src.extractors.extractor - WARNING - extractor.py:290 - è§£æå®ä½“å¤±è´¥: (â€œentityâ€|å¾®ä¿¡|æä¾›å³æ—¶é€šè®¯ã€ç¤¾äº¤ç­‰æœåŠ¡çš„ç§»åŠ¨åº”ç”¨)
2026-01-10 01:35:30 - src.extractors.extractor - WARNING - extractor.py:290 - è§£æå®ä½“å¤±è´¥: (â€œentityâ€|ç¾å›¢å¤–å–é¦–é¡µ|ç¾å›¢å¤–å–åº”ç”¨å¯åŠ¨åçš„ä¸»ç•Œé¢ï¼Œæ˜¯å¤–å–æœåŠ¡çš„æ€»å…¥å£)
2026-01-10 01:35:30 - src.extractors.extractor - WARNING - extractor.py:290 - è§£æå®ä½“å¤±è´¥: (â€œentityâ€|ç¾å›¢å¤–å–æœç´¢å¼•å¯¼é¡µ|ç¾å›¢å¤–å–åº”ç”¨ä¸­å¼•å¯¼ç”¨æˆ·è¿›è¡Œæœç´¢çš„ç•Œé¢)
2026-01-10 01:35:30 - src.extractors.extractor - WARNING - extractor.py:290 - è§£æå®ä½“å¤±è´¥: (â€œentityâ€|ç¾å›¢å¤–å–å…¨å±€æœç´¢ç•Œé¢|ç¾å›¢å¤–å–åº”ç”¨ä¸­æä¾›å…¨å¹³å°å†…å®¹æœç´¢çš„åŠŸèƒ½ç•Œé¢)
2026-01-10 01:35:30 - src.extractors.extractor - WARNING - extractor.py:290 - è§£æå®ä½“å¤±è´¥: (â€œentityâ€|ç¾å›¢å¤–å–-è”“å‘³è½»é£Ÿé¤å…è¯¦æƒ…é¡µ|ç¾å›¢å¤–å–åº”ç”¨ä¸­å±•ç¤ºâ€œè”“å‘³è½»é£ŸÂ·æ²™æ‹‰Â·å¥åº·é¤â€å…·ä½“ä¿¡æ¯ã€èœå•çš„é¡µé¢)
2026-01-10 01:35:30 - src.extractors.extractor - WARNING - extractor.py:290 - è§£æå®ä½“å¤±è´¥: (â€œentityâ€|ç¾å›¢å¤–å–ä¸Šè”“å‘³è½»é£ŸÂ·æ²™æ‹‰Â·å¥åº·é¤çš„è¯¦æƒ…é¡µä¿¡æ¯|åœ¨2026-01-10T00:50:09æ—¶åˆ»ï¼Œäºç¾å›¢å¤–å–è¯¦æƒ…é¡µä¸­çœ‹åˆ°çš„å…³äºè¯¥é¤å…çš„å…·ä½“å†…å®¹)
2026-01-10 01:35:30 - src.extractors.extractor - WARNING - extractor.py:290 - è§£æå®ä½“å¤±è´¥: (â€œentityâ€|æˆ‘é€šè¿‡ç¾å›¢å¤–å–åˆ†äº«è”“å‘³è½»é£Ÿé¤å…ç»™å¾®ä¿¡å¥½å‹çš„æ“ä½œ|å‘ç”Ÿåœ¨2026-01-10T00:50:13è‡³00:50:24æœŸé—´ï¼Œä»ç¾å›¢å¤–å–å‘èµ·ï¼ŒæŒ‡å‘å¾®ä¿¡çš„åˆ†äº«è¡Œä¸ºå®ä¾‹)
2026-01-10 01:35:30 - src.extractors.extractor - WARNING - extractor.py:290 - è§£æå®ä½“å¤±è´¥: (â€œentityâ€|å¾®ä¿¡èŠå¤©é€‰æ‹©ç•Œé¢|å¾®ä¿¡åº”ç”¨ä¸­ç”¨äºé€‰æ‹©èŠå¤©å¯¹è±¡æˆ–ç¾¤ç»„çš„ç•Œé¢)
2026-01-10 01:35:30 - src.extractors.extractor - WARNING - extractor.py:290 - è§£æå®ä½“å¤±è´¥: (â€œentityâ€|å¾®ä¿¡èŠå¤©ä¼šè¯|å¾®ä¿¡ä¸­ä¸ç‰¹å®šè”ç³»äººæˆ–ç¾¤ç»„è¿›è¡Œé€šè®¯çš„å¯¹è¯ç•Œé¢)
2026-01-10 01:35:30 - src.extractors.extractor - WARNING - extractor.py:290 - è§£æå®ä½“å¤±è´¥: (â€œentityâ€|å¾®ä¿¡ä¸­å‘é€çš„è”“å‘³è½»é£Ÿé¤å…åˆ†äº«å¡ç‰‡|åœ¨2026-01-10T00:50:24ï¼Œé€šè¿‡å¾®ä¿¡èŠå¤©ä¼šè¯å‘é€çš„ã€åŒ…å«é¤å…ä¿¡æ¯çš„åˆ†äº«å†…å®¹)
2026-01-10 01:35:30 - src.extractors.extractor - INFO - extractor.py:329 - å››æ­¥è§£æå®Œæˆ: 0 ä¸ªå®ä½“, 0 ä¸ªå…³ç³»
2026-01-10 01:35:30 - simplegraph - INFO - simplegraph.py:1251 - æå–å®Œæˆ: 0 ä¸ªå®ä½“, 0 ä¸ªå…³ç³»
2026-01-10 01:35:30 - simplegraph - INFO - simplegraph.py:683 - [ä»»åŠ¡ 82403077] âœ… æå–å®Œæˆ:
2026-01-10 01:35:30 - simplegraph - INFO - simplegraph.py:684 -   ğŸ“¦ æå–åˆ° 0 ä¸ªå®ä½“:
2026-01-10 01:35:30 - simplegraph - INFO - simplegraph.py:699 -   ğŸ”— æå–åˆ° 0 ä¸ªå…³ç³»:
2026-01-10 01:35:30 - simplegraph - INFO - simplegraph.py:827 - ä»»åŠ¡æ‰§è¡Œå®Œæˆ: GraphDelta(task_id=82403077-ddd2-44a3-b519-5f53bdee1607, 3 classes, 0 entities, 0 relationships)
2026-01-10 01:35:30 - simplegraph - INFO - simplegraph.py:881 - Worker 0 æå–å®Œæˆï¼Œä»»åŠ¡è¿›å…¥åˆå¹¶é˜Ÿåˆ—: 82403077...
2026-01-10 01:35:30 - simplegraph - INFO - simplegraph.py:930 - Merge Worker å¼€å§‹åˆå¹¶ä»»åŠ¡: 82403077...
2026-01-10 01:35:30 - simplegraph - INFO - simplegraph.py:996 - å¼€å§‹æ™ºèƒ½åˆå¹¶ä»»åŠ¡ç»“æœ: 82403077...
2026-01-10 01:35:30 - src.combiners.smart_merger - INFO - smart_merger.py:118 - å¼€å§‹æ™ºèƒ½åˆå¹¶: GraphDelta(task_id=82403077-ddd2-44a3-b519-5f53bdee1607, 3 classes, 0 entities, 0 relationships)
2026-01-10 01:35:30 - src.combiners.smart_merger - INFO - smart_merger.py:126 - ä½¿ç”¨LLMæ™ºèƒ½åˆå¹¶æ¨¡å¼
2026-01-10 01:35:46 - src.combiners.smart_merger - INFO - smart_merger.py:213 - æ™ºèƒ½åˆå¹¶å®Œæˆ: MergeResult: 0 duplicates, 0 conflicts, 0 aligned, 0 optimized
2026-01-10 01:35:46 - simplegraph - INFO - simplegraph.py:1028 - æ™ºèƒ½åˆå¹¶å®Œæˆ: MergeResult: 0 duplicates, 0 conflicts, 0 aligned, 0 optimized
2026-01-10 01:35:46 - src.combiners.combiner - INFO - combiner.py:149 - ============================================================
2026-01-10 01:35:46 - src.combiners.combiner - INFO - combiner.py:150 - å¼€å§‹èåˆå®ä½“å’Œå…³ç³»
2026-01-10 01:35:46 - src.combiners.combiner - INFO - combiner.py:151 - ============================================================
2026-01-10 01:35:46 - src.combiners.combiner - INFO - combiner.py:51 - å¼€å§‹èåˆ 0 ä¸ªå®ä½“åˆ°å›¾
2026-01-10 01:35:46 - src.combiners.combiner - INFO - combiner.py:74 - å®ä½“èåˆå®Œæˆ: æ–°å¢ 0 ä¸ª, æ›´æ–° 0 ä¸ª, å¤±è´¥ 0 ä¸ª
2026-01-10 01:35:46 - src.combiners.combiner - INFO - combiner.py:89 - å¼€å§‹èåˆ 0 ä¸ªå…³ç³»åˆ°å›¾
2026-01-10 01:35:46 - src.combiners.combiner - INFO - combiner.py:126 - å…³ç³»èåˆå®Œæˆ: æ–°å¢ 0 ä¸ª, æ›´æ–° 0 ä¸ª, å¤±è´¥ 0 ä¸ª
2026-01-10 01:35:46 - src.combiners.combiner - INFO - combiner.py:159 - ============================================================
2026-01-10 01:35:46 - src.combiners.combiner - INFO - combiner.py:160 - èåˆå®Œæˆ
2026-01-10 01:35:46 - src.combiners.combiner - INFO - combiner.py:161 - å›¾ç»Ÿè®¡: 8 ä¸ªå®ä½“, 8 ä¸ªå…³ç³»
2026-01-10 01:35:46 - src.combiners.combiner - INFO - combiner.py:164 - ============================================================
2026-01-10 01:35:46 - simplegraph - INFO - simplegraph.py:1389 - åº”ç”¨å¢é‡å®Œæˆ: å®ä½“ +0/~0, å…³ç³» +0/~0
2026-01-10 01:35:46 - simplegraph - INFO - simplegraph.py:1033 - ä»»åŠ¡ç»“æœå·²åˆå¹¶åˆ°ä¸»å›¾è°±: 82403077...
2026-01-10 01:35:46 - simplegraph - INFO - simplegraph.py:956 - Merge Worker ä»»åŠ¡åˆå¹¶å®Œæˆ: 82403077...
2026-01-10 01:35:46 - graph_service - INFO - graph_service.py:161 - ä»»åŠ¡ 82403077 å®Œæˆï¼Œå¼€å§‹è‡ªåŠ¨ä¿å­˜æ•°æ®åº“...
2026-01-10 01:35:46 - graph_service - INFO - graph_service.py:167 - ä¿å­˜å‰ç»Ÿè®¡: {'system': {'classes': 16, 'predefined_entities': 5}, 'graph': {'entities': 8, 'relationships': 8}, 'tasks': {'total': 1, 'by_status': {'pending': 0, 'running': 0, 'completed': 1, 'failed': 0, 'cancelled': 0}}}
2026-01-10 01:35:46 - graph_service - INFO - graph_service.py:173 - ä»»åŠ¡å¢é‡ç»Ÿè®¡: {'classes': 3, 'entities': 0, 'relationships': 0}
2026-01-10 01:35:46 - graph_service - INFO - graph_service.py:964 - ä¿å­˜æ•°æ®åº“åˆ°: D:\CourseResources\3s\CoRe\Personal-GUI-Agent\graphrag\backend\data\graph_database.pkl
2026-01-10 01:35:46 - simplegraph - INFO - simplegraph.py:385 - ä¿å­˜ Graph åˆ°: D:\CourseResources\3s\CoRe\Personal-GUI-Agent\graphrag\backend\data\graph_database.pkl
2026-01-10 01:35:46 - simplegraph - INFO - simplegraph.py:388 - Graph ä¿å­˜æˆåŠŸ: D:\CourseResources\3s\CoRe\Personal-GUI-Agent\graphrag\backend\data\graph_database.pkl
2026-01-10 01:35:46 - graph_service - INFO - graph_service.py:981 - æ•°æ®åº“ä¿å­˜æˆåŠŸ: D:\CourseResources\3s\CoRe\Personal-GUI-Agent\graphrag\backend\data\graph_database.pkl
2026-01-10 01:35:46 - graph_service - INFO - graph_service.py:180 - ä¿å­˜åç»Ÿè®¡: {'system': {'classes': 16, 'predefined_entities': 5}, 'graph': {'entities': 8, 'relationships': 8}, 'tasks': {'total': 1, 'by_status': {'pending': 0, 'running': 0, 'completed': 1, 'failed': 0, 'cancelled': 0}}}
2026-01-10 01:35:46 - graph_service - INFO - graph_service.py:182 - è‡ªåŠ¨ä¿å­˜æˆåŠŸ: æ•°æ®åº“å·²ä¿å­˜åˆ° D:\CourseResources\3s\CoRe\Personal-GUI-Agent\graphrag\backend\data\graph_database.pkl
2026-01-10 01:49:49 - graph_service - INFO - graph_service.py:964 - ä¿å­˜æ•°æ®åº“åˆ°: D:\CourseResources\3s\CoRe\Personal-GUI-Agent\graphrag\backend\data\graph_database.pkl
2026-01-10 01:49:49 - simplegraph - INFO - simplegraph.py:385 - ä¿å­˜ Graph åˆ°: D:\CourseResources\3s\CoRe\Personal-GUI-Agent\graphrag\backend\data\graph_database.pkl
2026-01-10 01:49:49 - simplegraph - INFO - simplegraph.py:388 - Graph ä¿å­˜æˆåŠŸ: D:\CourseResources\3s\CoRe\Personal-GUI-Agent\graphrag\backend\data\graph_database.pkl
2026-01-10 01:49:49 - graph_service - INFO - graph_service.py:981 - æ•°æ®åº“ä¿å­˜æˆåŠŸ: D:\CourseResources\3s\CoRe\Personal-GUI-Agent\graphrag\backend\data\graph_database.pkl
2026-01-10 01:49:49 - graph_service - INFO - graph_service.py:939 - æœåŠ¡å…³é—­å‰å·²è‡ªåŠ¨ä¿å­˜æ•°æ®åº“
2026-01-10 01:49:49 - simplegraph - INFO - simplegraph.py:211 - åœæ­¢ä»»åŠ¡å¤„ç†å™¨...
2026-01-10 01:49:49 - simplegraph - INFO - simplegraph.py:978 - Merge Worker è¢«å–æ¶ˆ
2026-01-10 01:49:49 - simplegraph - INFO - simplegraph.py:983 - Merge Worker åœæ­¢
2026-01-10 01:49:49 - simplegraph - INFO - simplegraph.py:906 - Worker 1 è¢«å–æ¶ˆ
2026-01-10 01:49:49 - simplegraph - INFO - simplegraph.py:911 - Worker 1 åœæ­¢
2026-01-10 01:49:49 - simplegraph - INFO - simplegraph.py:906 - Worker 0 è¢«å–æ¶ˆ
2026-01-10 01:49:49 - simplegraph - INFO - simplegraph.py:911 - Worker 0 åœæ­¢
2026-01-10 01:49:49 - simplegraph - INFO - simplegraph.py:906 - Worker 2 è¢«å–æ¶ˆ
2026-01-10 01:49:49 - simplegraph - INFO - simplegraph.py:911 - Worker 2 åœæ­¢
2026-01-10 01:49:49 - simplegraph - INFO - simplegraph.py:230 - ä»»åŠ¡å¤„ç†å™¨å·²åœæ­¢
2026-01-10 01:49:51 - graph_service - INFO - graph_service.py:46 - æ£€æµ‹åˆ°é»˜è®¤æ•°æ®åº“æ–‡ä»¶ï¼Œæ­£åœ¨åŠ è½½: D:\CourseResources\3s\CoRe\Personal-GUI-Agent\graphrag\backend\data\graph_database.pkl
2026-01-10 01:49:51 - simplegraph - INFO - simplegraph.py:403 - ä»æ–‡ä»¶åŠ è½½ Graph: D:\CourseResources\3s\CoRe\Personal-GUI-Agent\graphrag\backend\data\graph_database.pkl
2026-01-10 01:49:51 - simplegraph - INFO - simplegraph.py:99 - ============================================================
2026-01-10 01:49:51 - simplegraph - INFO - simplegraph.py:100 - åˆå§‹åŒ– SimpleGraph
2026-01-10 01:49:51 - simplegraph - INFO - simplegraph.py:101 - ============================================================
2026-01-10 01:49:51 - simplegraph - INFO - simplegraph.py:110 - åˆå§‹åŒ– LLM å®¢æˆ·ç«¯...
2026-01-10 01:49:53 - simplegraph - INFO - simplegraph.py:121 - LLM å®¢æˆ·ç«¯åˆå§‹åŒ–å®Œæˆ (verbose=False)
2026-01-10 01:49:53 - simplegraph - INFO - simplegraph.py:124 - åŠ è½½é¢„å®šä¹‰ System...
2026-01-10 01:49:53 - simplegraph - INFO - simplegraph.py:126 - System åŠ è½½å®Œæˆ: 13 ä¸ªç±»
2026-01-10 01:49:53 - simplegraph - INFO - simplegraph.py:129 - Graph åˆ›å»ºå®Œæˆ: 5 ä¸ªå®ä½“ï¼ˆå«é¢„å®šä¹‰ï¼‰
2026-01-10 01:49:53 - src.combiners.smart_merger - INFO - smart_merger.py:94 - å·²åŠ è½½æ™ºèƒ½åˆå¹¶æç¤ºè¯: D:\CourseResources\3s\CoRe\Personal-GUI-Agent\graphrag\simple_graphrag\config\prompts\smart_merge.txt
2026-01-10 01:49:53 - simplegraph - INFO - simplegraph.py:145 - æ™ºèƒ½åˆå¹¶å™¨åˆå§‹åŒ–å®Œæˆ (enable_smart_merge=True)
2026-01-10 01:49:53 - simplegraph - INFO - simplegraph.py:158 - SimpleGraph åˆå§‹åŒ–å®Œæˆ
2026-01-10 01:49:53 - simplegraph - INFO - simplegraph.py:159 - ============================================================
2026-01-10 01:49:53 - simplegraph - INFO - simplegraph.py:423 - Graph åŠ è½½æˆåŠŸ: 8 ä¸ªå®ä½“, 8 ä¸ªå…³ç³»
2026-01-10 01:49:53 - simplegraph - INFO - simplegraph.py:193 - å¯åŠ¨ 3 ä¸ªæå–workerså’Œ1ä¸ªåˆå¹¶worker...
2026-01-10 01:49:53 - simplegraph - INFO - simplegraph.py:204 - ä»»åŠ¡å¤„ç†å™¨å¯åŠ¨å®Œæˆ
2026-01-10 01:49:53 - graph_service - INFO - graph_service.py:57 - å·²ä»é»˜è®¤æ•°æ®åº“åŠ è½½: 8 ä¸ªå®ä½“
2026-01-10 01:49:53 - src.search.search_engine - INFO - search_engine.py:204 - æœç´¢å¼•æ“åˆå§‹åŒ–å®Œæˆ
2026-01-10 01:49:53 - graph_service - INFO - graph_service.py:79 - SimpleGraph service initialized and started.
2026-01-10 01:49:53 - simplegraph - INFO - simplegraph.py:844 - Worker 0 å¯åŠ¨
2026-01-10 01:49:53 - simplegraph - INFO - simplegraph.py:844 - Worker 1 å¯åŠ¨
2026-01-10 01:49:53 - simplegraph - INFO - simplegraph.py:844 - Worker 2 å¯åŠ¨
2026-01-10 01:49:53 - simplegraph - INFO - simplegraph.py:920 - Merge Worker å¯åŠ¨ï¼ˆä¸²è¡Œå¤„ç†ï¼‰
2026-01-10 01:50:03 - simplegraph - INFO - simplegraph.py:258 - ä»»åŠ¡å·²æäº¤: 8687ab52...
2026-01-10 01:50:03 - simplegraph - INFO - simplegraph.py:854 - Worker 0 å¼€å§‹å¤„ç†ä»»åŠ¡: 8687ab52...
2026-01-10 01:50:03 - simplegraph - INFO - simplegraph.py:485 - å¼€å§‹æ‰§è¡Œä»»åŠ¡: 8687ab52-f44a-4c9e-992d-7c789f75180e
2026-01-10 01:50:03 - simplegraph - INFO - simplegraph.py:509 - [ä»»åŠ¡ 8687ab52] ğŸ”§ å¼€å§‹Systemæ›´æ–°é˜¶æ®µ
2026-01-10 01:50:03 - simplegraph - INFO - simplegraph.py:510 - [ä»»åŠ¡ 8687ab52] è¾“å…¥æ–‡æœ¬:     "detailed_actions": [
      {
        "time": "2026-01-10T00:49:57.478000Z",
        "action": "...
2026-01-10 01:50:15 - simplegraph - INFO - simplegraph.py:1149 - éœ€è¦æ‰©å±• Systemï¼Œæ¶‰åŠ 2 ä¸ªç±»
2026-01-10 01:50:15 - simplegraph - INFO - simplegraph.py:1153 - System æ‰©å±•å®Œæˆ: æ–°å¢ 2 ä¸ªç±», å¢å¼º 0 ä¸ªç±»
2026-01-10 01:50:15 - simplegraph - INFO - simplegraph.py:1111 - System å·²æ‰©å±•:
2026-01-10 01:50:15 - simplegraph - INFO - simplegraph.py:1112 -   æ–°å¢ç±»: ['é¤å…', 'èŠå¤©ä¼šè¯']
2026-01-10 01:50:15 - simplegraph - INFO - simplegraph.py:1113 -   å¢å¼ºç±»: []
2026-01-10 01:50:16 - simplegraph - INFO - simplegraph.py:527 - [ä»»åŠ¡ 8687ab52] âœ… Systemæ›´æ–°å®Œæˆ:
2026-01-10 01:50:16 - simplegraph - INFO - simplegraph.py:531 -   âœ¨ æ–°å¢ç±»: é¤å…
2026-01-10 01:50:16 - simplegraph - INFO - simplegraph.py:532 -      æè¿°: æä¾›é¤é¥®æœåŠ¡çš„å•†å®¶æˆ–åº—é“ºï¼Œå¯ä»¥æ˜¯çº¿ä¸Šå¤–å–å¹³å°æˆ–çº¿ä¸‹å®ä½“åº—
2026-01-10 01:50:16 - simplegraph - INFO - simplegraph.py:534 -      å±æ€§: åç§°, æ‰€å±å¹³å°
2026-01-10 01:50:16 - simplegraph - INFO - simplegraph.py:531 -   âœ¨ æ–°å¢ç±»: èŠå¤©ä¼šè¯
2026-01-10 01:50:16 - simplegraph - INFO - simplegraph.py:532 -      æè¿°: åœ¨å³æ—¶é€šè®¯åº”ç”¨ä¸­ä¸ç‰¹å®šè”ç³»äººæˆ–ç¾¤ç»„çš„å¯¹è¯ç•Œé¢
2026-01-10 01:50:16 - simplegraph - INFO - simplegraph.py:534 -      å±æ€§: æ‰€å±å¹³å°, ä¼šè¯å¯¹è±¡
2026-01-10 01:50:16 - simplegraph - INFO - simplegraph.py:669 - [ä»»åŠ¡ 8687ab52] ğŸ” å¼€å§‹å®ä½“å’Œå…³ç³»æå–é˜¶æ®µ
2026-01-10 01:50:35 - simplegraph - INFO - simplegraph.py:1282 - å¼€å§‹æ£€æŸ¥å’Œä¼˜åŒ–æå–ç»“æœï¼ˆå¼‚æ­¥ï¼‰...
2026-01-10 01:51:24 - simplegraph - INFO - simplegraph.py:1287 - æ£€æŸ¥ä¼˜åŒ–å®Œæˆ
2026-01-10 01:51:24 - src.extractors.extractor - WARNING - extractor.py:600 - å®ä½“ 'æˆ‘' ä¸å­˜åœ¨ï¼Œè·³è¿‡ç±»å±æ€§
2026-01-10 01:51:24 - src.extractors.extractor - INFO - extractor.py:329 - å››æ­¥è§£æå®Œæˆ: 4 ä¸ªå®ä½“, 14 ä¸ªå…³ç³»
2026-01-10 01:51:24 - simplegraph - INFO - simplegraph.py:1251 - æå–å®Œæˆ: 4 ä¸ªå®ä½“, 14 ä¸ªå…³ç³»
2026-01-10 01:51:24 - simplegraph - INFO - simplegraph.py:683 - [ä»»åŠ¡ 8687ab52] âœ… æå–å®Œæˆ:
2026-01-10 01:51:24 - simplegraph - INFO - simplegraph.py:684 -   ğŸ“¦ æå–åˆ° 4 ä¸ªå®ä½“:
2026-01-10 01:51:24 - simplegraph - INFO - simplegraph.py:687 -      â€¢ ç¾å›¢å¤–å– [å¯å¯åŠ¨åº”ç”¨, å¤–å–æœåŠ¡]
2026-01-10 01:51:24 - simplegraph - INFO - simplegraph.py:688 -        æè¿°: æä¾›å¤–å–è®¢è´­ä¸é…é€æœåŠ¡çš„ç§»åŠ¨åº”ç”¨å¹³å°
2026-01-10 01:51:24 - simplegraph - INFO - simplegraph.py:697 -        å±æ€§: æœåŠ¡æä¾›æ–¹=ç¾å›¢å¤–å–å¹³å°
2026-01-10 01:51:24 - simplegraph - INFO - simplegraph.py:687 -      â€¢ è”“å‘³è½»é£ŸÂ·æ²™æ‹‰Â·å¥åº·é¤ [é¤å…]
2026-01-10 01:51:24 - simplegraph - INFO - simplegraph.py:688 -        æè¿°: ä½äºç¾å›¢å¤–å–å¹³å°ä¸Šçš„ä¸€ä¸ªæä¾›è½»é£Ÿæ²™æ‹‰çš„é¤å…å•†å®¶
2026-01-10 01:51:24 - simplegraph - INFO - simplegraph.py:697 -        å±æ€§: åç§°=è”“å‘³è½»é£ŸÂ·æ²™æ‹‰Â·å¥åº·é¤, æ‰€å±å¹³å°=ç¾å›¢å¤–å–
2026-01-10 01:51:24 - simplegraph - INFO - simplegraph.py:687 -      â€¢ å¾®ä¿¡ [å¯å¯åŠ¨åº”ç”¨, äº¤æµå¹³å°]
2026-01-10 01:51:24 - simplegraph - INFO - simplegraph.py:688 -        æè¿°: ä¸€æ¬¾ç”±è…¾è®¯å…¬å¸å¼€å‘çš„å³æ—¶é€šè®¯ä¸ç¤¾äº¤åº”ç”¨
2026-01-10 01:51:24 - simplegraph - INFO - simplegraph.py:687 -      â€¢ æˆ‘ä¸æœ‹å‹çš„å¾®ä¿¡èŠå¤©ä¼šè¯ [èŠå¤©ä¼šè¯]
2026-01-10 01:51:24 - simplegraph - INFO - simplegraph.py:688 -        æè¿°: 2026å¹´1æœˆ10æ—¥ï¼Œæˆ‘åœ¨å¾®ä¿¡ä¸­é€‰æ‹©å¹¶ç”¨äºåˆ†äº«é¤å…çš„ç‰¹å®šèŠå¤©å¯¹è¯
2026-01-10 01:51:24 - simplegraph - INFO - simplegraph.py:697 -        å±æ€§: å‘ç”Ÿæ—¶é—´=2026-01-10, æ‰€å±å¹³å°=å¾®ä¿¡
2026-01-10 01:51:24 - simplegraph - INFO - simplegraph.py:699 -   ğŸ”— æå–åˆ° 14 ä¸ªå…³ç³»:
2026-01-10 01:51:24 - simplegraph - INFO - simplegraph.py:702 -      â€¢ æˆ‘ â†’ ç¾å›¢å¤–å–:å¯å¯åŠ¨åº”ç”¨
2026-01-10 01:51:24 - simplegraph - INFO - simplegraph.py:703 -        æˆ‘æ‰“å¼€ç¾å›¢å¤–å–åº”ç”¨
2026-01-10 01:51:24 - simplegraph - INFO - simplegraph.py:702 -      â€¢ æˆ‘ â†’ ç¾å›¢å¤–å–:å¤–å–æœåŠ¡
2026-01-10 01:51:24 - simplegraph - INFO - simplegraph.py:703 -        æˆ‘ä½¿ç”¨ç¾å›¢å¤–å–å¹³å°æœåŠ¡
2026-01-10 01:51:24 - simplegraph - INFO - simplegraph.py:702 -      â€¢ ç¾å›¢å¤–å–:å¤–å–æœåŠ¡ â†’ æˆ‘
2026-01-10 01:51:24 - simplegraph - INFO - simplegraph.py:703 -        ç¾å›¢å¤–å–å‘æˆ‘å±•ç¤ºå…¶é¦–é¡µ
2026-01-10 01:51:24 - simplegraph - INFO - simplegraph.py:702 -      â€¢ æˆ‘ â†’ ç¾å›¢å¤–å–:å¤–å–æœåŠ¡
2026-01-10 01:51:24 - simplegraph - INFO - simplegraph.py:703 -        æˆ‘è¿›å…¥ç¾å›¢å¤–å–çš„æœç´¢å¼•å¯¼é¡µ
2026-01-10 01:51:24 - simplegraph - INFO - simplegraph.py:702 -      â€¢ æˆ‘ â†’ ç¾å›¢å¤–å–:å¤–å–æœåŠ¡
2026-01-10 01:51:24 - simplegraph - INFO - simplegraph.py:703 -        æˆ‘ä½¿ç”¨ç¾å›¢å¤–å–çš„å…¨å±€æœç´¢åŠŸèƒ½
2026-01-10 01:51:24 - simplegraph - INFO - simplegraph.py:702 -      â€¢ ç¾å›¢å¤–å–:å¤–å–æœåŠ¡ â†’ è”“å‘³è½»é£ŸÂ·æ²™æ‹‰Â·å¥åº·é¤:é¤å…
2026-01-10 01:51:24 - simplegraph - INFO - simplegraph.py:703 -        ç¾å›¢å¤–å–å‘æˆ‘å±•ç¤ºâ€œè”“å‘³è½»é£ŸÂ·æ²™æ‹‰Â·å¥åº·é¤â€é¤å…è¯¦æƒ…
2026-01-10 01:51:24 - simplegraph - INFO - simplegraph.py:702 -      â€¢ æˆ‘ â†’ è”“å‘³è½»é£ŸÂ·æ²™æ‹‰Â·å¥åº·é¤:é¤å…
2026-01-10 01:51:24 - simplegraph - INFO - simplegraph.py:703 -        æˆ‘æµè§ˆâ€œè”“å‘³è½»é£ŸÂ·æ²™æ‹‰Â·å¥åº·é¤â€é¤å…è¯¦æƒ…é¡µ
2026-01-10 01:51:24 - simplegraph - INFO - simplegraph.py:702 -      â€¢ æˆ‘ â†’ è”“å‘³è½»é£ŸÂ·æ²™æ‹‰Â·å¥åº·é¤:é¤å…
2026-01-10 01:51:24 - simplegraph - INFO - simplegraph.py:703 -        æˆ‘é¦–æ¬¡åˆ†äº«â€œè”“å‘³è½»é£ŸÂ·æ²™æ‹‰Â·å¥åº·é¤â€é¤å…
2026-01-10 01:51:24 - simplegraph - INFO - simplegraph.py:702 -      â€¢ æˆ‘ â†’ è”“å‘³è½»é£ŸÂ·æ²™æ‹‰Â·å¥åº·é¤:é¤å…
2026-01-10 01:51:24 - simplegraph - INFO - simplegraph.py:703 -        æˆ‘å†æ¬¡åˆ†äº«â€œè”“å‘³è½»é£ŸÂ·æ²™æ‹‰Â·å¥åº·é¤â€é¤å…
2026-01-10 01:51:24 - simplegraph - INFO - simplegraph.py:702 -      â€¢ æˆ‘ â†’ å¾®ä¿¡:å¯å¯åŠ¨åº”ç”¨
2026-01-10 01:51:24 - simplegraph - INFO - simplegraph.py:703 -        æˆ‘æ‰“å¼€å¾®ä¿¡åº”ç”¨
2026-01-10 01:51:24 - simplegraph - INFO - simplegraph.py:702 -      â€¢ æˆ‘ â†’ å¾®ä¿¡:äº¤æµå¹³å°
2026-01-10 01:51:24 - simplegraph - INFO - simplegraph.py:703 -        æˆ‘åœ¨å¾®ä¿¡ä¸Šé€‰æ‹©èŠå¤©å¯¹è±¡
2026-01-10 01:51:24 - simplegraph - INFO - simplegraph.py:702 -      â€¢ æˆ‘ â†’ æˆ‘ä¸æœ‹å‹çš„å¾®ä¿¡èŠå¤©ä¼šè¯:èŠå¤©ä¼šè¯
2026-01-10 01:51:24 - simplegraph - INFO - simplegraph.py:703 -        æˆ‘é€‰æ‹©äº†ç‰¹å®šçš„å¾®ä¿¡èŠå¤©ä¼šè¯ç”¨äºåˆ†äº«
2026-01-10 01:51:24 - simplegraph - INFO - simplegraph.py:702 -      â€¢ æˆ‘ â†’ æˆ‘ä¸æœ‹å‹çš„å¾®ä¿¡èŠå¤©ä¼šè¯:èŠå¤©ä¼šè¯
2026-01-10 01:51:24 - simplegraph - INFO - simplegraph.py:703 -        æˆ‘é€šè¿‡å¾®ä¿¡å‘é€äº†åˆ†äº«å†…å®¹
2026-01-10 01:51:24 - simplegraph - INFO - simplegraph.py:702 -      â€¢ è”“å‘³è½»é£ŸÂ·æ²™æ‹‰Â·å¥åº·é¤:é¤å… â†’ æˆ‘ä¸æœ‹å‹çš„å¾®ä¿¡èŠå¤©ä¼šè¯:èŠå¤©ä¼šè¯
2026-01-10 01:51:24 - simplegraph - INFO - simplegraph.py:703 -        â€œè”“å‘³è½»é£ŸÂ·æ²™æ‹‰Â·å¥åº·é¤â€é¤å…ä¿¡æ¯è¢«åˆ†äº«åˆ°ç‰¹å®šå¾®ä¿¡èŠå¤©
2026-01-10 01:51:24 - simplegraph - INFO - simplegraph.py:827 - ä»»åŠ¡æ‰§è¡Œå®Œæˆ: GraphDelta(task_id=8687ab52-f44a-4c9e-992d-7c789f75180e, 2 classes, 4 entities, 14 relationships)
2026-01-10 01:51:24 - simplegraph - INFO - simplegraph.py:881 - Worker 0 æå–å®Œæˆï¼Œä»»åŠ¡è¿›å…¥åˆå¹¶é˜Ÿåˆ—: 8687ab52...
2026-01-10 01:51:24 - simplegraph - INFO - simplegraph.py:930 - Merge Worker å¼€å§‹åˆå¹¶ä»»åŠ¡: 8687ab52...
2026-01-10 01:51:24 - simplegraph - INFO - simplegraph.py:996 - å¼€å§‹æ™ºèƒ½åˆå¹¶ä»»åŠ¡ç»“æœ: 8687ab52...
2026-01-10 01:51:24 - src.combiners.smart_merger - INFO - smart_merger.py:118 - å¼€å§‹æ™ºèƒ½åˆå¹¶: GraphDelta(task_id=8687ab52-f44a-4c9e-992d-7c789f75180e, 2 classes, 4 entities, 14 relationships)
2026-01-10 01:51:24 - src.combiners.smart_merger - INFO - smart_merger.py:126 - ä½¿ç”¨LLMæ™ºèƒ½åˆå¹¶æ¨¡å¼
2026-01-10 01:54:26 - src.combiners.smart_merger - INFO - smart_merger.py:213 - æ™ºèƒ½åˆå¹¶å®Œæˆ: MergeResult: 1 duplicates, 0 conflicts, 0 aligned, 1 optimized
2026-01-10 01:54:26 - simplegraph - INFO - simplegraph.py:1028 - æ™ºèƒ½åˆå¹¶å®Œæˆ: MergeResult: 1 duplicates, 0 conflicts, 0 aligned, 1 optimized
2026-01-10 01:54:26 - src.combiners.combiner - INFO - combiner.py:149 - ============================================================
2026-01-10 01:54:26 - src.combiners.combiner - INFO - combiner.py:150 - å¼€å§‹èåˆå®ä½“å’Œå…³ç³»
2026-01-10 01:54:26 - src.combiners.combiner - INFO - combiner.py:151 - ============================================================
2026-01-10 01:54:26 - src.combiners.combiner - INFO - combiner.py:51 - å¼€å§‹èåˆ 3 ä¸ªå®ä½“åˆ°å›¾
2026-01-10 01:54:26 - src.combiners.combiner - INFO - combiner.py:74 - å®ä½“èåˆå®Œæˆ: æ–°å¢ 3 ä¸ª, æ›´æ–° 0 ä¸ª, å¤±è´¥ 0 ä¸ª
2026-01-10 01:54:26 - src.combiners.combiner - INFO - combiner.py:89 - å¼€å§‹èåˆ 14 ä¸ªå…³ç³»åˆ°å›¾
2026-01-10 01:54:26 - src.combiners.combiner - INFO - combiner.py:126 - å…³ç³»èåˆå®Œæˆ: æ–°å¢ 14 ä¸ª, æ›´æ–° 0 ä¸ª, å¤±è´¥ 0 ä¸ª
2026-01-10 01:54:26 - src.combiners.combiner - INFO - combiner.py:159 - ============================================================
2026-01-10 01:54:26 - src.combiners.combiner - INFO - combiner.py:160 - èåˆå®Œæˆ
2026-01-10 01:54:26 - src.combiners.combiner - INFO - combiner.py:161 - å›¾ç»Ÿè®¡: 11 ä¸ªå®ä½“, 22 ä¸ªå…³ç³»
2026-01-10 01:54:26 - src.combiners.combiner - INFO - combiner.py:164 - ============================================================
2026-01-10 01:54:26 - simplegraph - INFO - simplegraph.py:1389 - åº”ç”¨å¢é‡å®Œæˆ: å®ä½“ +3/~0, å…³ç³» +14/~0
2026-01-10 01:54:26 - simplegraph - INFO - simplegraph.py:1033 - ä»»åŠ¡ç»“æœå·²åˆå¹¶åˆ°ä¸»å›¾è°±: 8687ab52...
2026-01-10 01:54:26 - simplegraph - INFO - simplegraph.py:956 - Merge Worker ä»»åŠ¡åˆå¹¶å®Œæˆ: 8687ab52...
2026-01-10 01:54:26 - graph_service - INFO - graph_service.py:161 - ä»»åŠ¡ 8687ab52 å®Œæˆï¼Œå¼€å§‹è‡ªåŠ¨ä¿å­˜æ•°æ®åº“...
2026-01-10 01:54:26 - graph_service - INFO - graph_service.py:167 - ä¿å­˜å‰ç»Ÿè®¡: {'system': {'classes': 18, 'predefined_entities': 5}, 'graph': {'entities': 11, 'relationships': 22}, 'tasks': {'total': 1, 'by_status': {'pending': 0, 'running': 0, 'completed': 1, 'failed': 0, 'cancelled': 0}}}
2026-01-10 01:54:26 - graph_service - INFO - graph_service.py:173 - ä»»åŠ¡å¢é‡ç»Ÿè®¡: {'classes': 2, 'entities': 4, 'relationships': 14}
2026-01-10 01:54:26 - graph_service - INFO - graph_service.py:964 - ä¿å­˜æ•°æ®åº“åˆ°: D:\CourseResources\3s\CoRe\Personal-GUI-Agent\graphrag\backend\data\graph_database.pkl
2026-01-10 01:54:26 - simplegraph - INFO - simplegraph.py:385 - ä¿å­˜ Graph åˆ°: D:\CourseResources\3s\CoRe\Personal-GUI-Agent\graphrag\backend\data\graph_database.pkl
2026-01-10 01:54:26 - simplegraph - INFO - simplegraph.py:388 - Graph ä¿å­˜æˆåŠŸ: D:\CourseResources\3s\CoRe\Personal-GUI-Agent\graphrag\backend\data\graph_database.pkl
2026-01-10 01:54:26 - graph_service - INFO - graph_service.py:981 - æ•°æ®åº“ä¿å­˜æˆåŠŸ: D:\CourseResources\3s\CoRe\Personal-GUI-Agent\graphrag\backend\data\graph_database.pkl
2026-01-10 01:54:26 - graph_service - INFO - graph_service.py:180 - ä¿å­˜åç»Ÿè®¡: {'system': {'classes': 18, 'predefined_entities': 5}, 'graph': {'entities': 11, 'relationships': 22}, 'tasks': {'total': 1, 'by_status': {'pending': 0, 'running': 0, 'completed': 1, 'failed': 0, 'cancelled': 0}}}
2026-01-10 01:54:26 - graph_service - INFO - graph_service.py:182 - è‡ªåŠ¨ä¿å­˜æˆåŠŸ: æ•°æ®åº“å·²ä¿å­˜åˆ° D:\CourseResources\3s\CoRe\Personal-GUI-Agent\graphrag\backend\data\graph_database.pkl
2026-01-10 21:00:21 - graph_service - INFO - graph_service.py:46 - æ£€æµ‹åˆ°é»˜è®¤æ•°æ®åº“æ–‡ä»¶ï¼Œæ­£åœ¨åŠ è½½: D:\CourseResources\3s\CoRe\Personal-GUI-Agent\graphrag\backend\data\graph_database.pkl
2026-01-10 21:00:21 - simplegraph - INFO - simplegraph.py:403 - ä»æ–‡ä»¶åŠ è½½ Graph: D:\CourseResources\3s\CoRe\Personal-GUI-Agent\graphrag\backend\data\graph_database.pkl
2026-01-10 21:00:21 - simplegraph - INFO - simplegraph.py:99 - ============================================================
2026-01-10 21:00:21 - simplegraph - INFO - simplegraph.py:100 - åˆå§‹åŒ– SimpleGraph
2026-01-10 21:00:21 - simplegraph - INFO - simplegraph.py:101 - ============================================================
2026-01-10 21:00:21 - simplegraph - INFO - simplegraph.py:110 - åˆå§‹åŒ– LLM å®¢æˆ·ç«¯...
2026-01-10 21:00:21 - simplegraph - INFO - simplegraph.py:121 - LLM å®¢æˆ·ç«¯åˆå§‹åŒ–å®Œæˆ (verbose=False)
2026-01-10 21:00:21 - simplegraph - INFO - simplegraph.py:124 - åŠ è½½é¢„å®šä¹‰ System...
2026-01-10 21:00:21 - simplegraph - INFO - simplegraph.py:126 - System åŠ è½½å®Œæˆ: 13 ä¸ªç±»
2026-01-10 21:00:21 - simplegraph - INFO - simplegraph.py:129 - Graph åˆ›å»ºå®Œæˆ: 5 ä¸ªå®ä½“ï¼ˆå«é¢„å®šä¹‰ï¼‰
2026-01-10 21:00:21 - src.combiners.smart_merger - INFO - smart_merger.py:94 - å·²åŠ è½½æ™ºèƒ½åˆå¹¶æç¤ºè¯: D:\CourseResources\3s\CoRe\Personal-GUI-Agent\graphrag\simple_graphrag\config\prompts\smart_merge.txt
2026-01-10 21:00:21 - simplegraph - INFO - simplegraph.py:145 - æ™ºèƒ½åˆå¹¶å™¨åˆå§‹åŒ–å®Œæˆ (enable_smart_merge=True)
2026-01-10 21:00:21 - simplegraph - INFO - simplegraph.py:158 - SimpleGraph åˆå§‹åŒ–å®Œæˆ
2026-01-10 21:00:21 - simplegraph - INFO - simplegraph.py:159 - ============================================================
2026-01-10 21:00:21 - simplegraph - INFO - simplegraph.py:423 - Graph åŠ è½½æˆåŠŸ: 11 ä¸ªå®ä½“, 22 ä¸ªå…³ç³»
2026-01-10 21:00:21 - simplegraph - INFO - simplegraph.py:193 - å¯åŠ¨ 3 ä¸ªæå–workerså’Œ1ä¸ªåˆå¹¶worker...
2026-01-10 21:00:21 - simplegraph - INFO - simplegraph.py:204 - ä»»åŠ¡å¤„ç†å™¨å¯åŠ¨å®Œæˆ
2026-01-10 21:00:21 - graph_service - INFO - graph_service.py:57 - å·²ä»é»˜è®¤æ•°æ®åº“åŠ è½½: 11 ä¸ªå®ä½“
2026-01-10 21:00:21 - src.search.search_engine - INFO - search_engine.py:204 - æœç´¢å¼•æ“åˆå§‹åŒ–å®Œæˆ
2026-01-10 21:00:21 - graph_service - INFO - graph_service.py:79 - SimpleGraph service initialized and started.
2026-01-10 21:00:21 - simplegraph - INFO - simplegraph.py:844 - Worker 0 å¯åŠ¨
2026-01-10 21:00:21 - simplegraph - INFO - simplegraph.py:844 - Worker 1 å¯åŠ¨
2026-01-10 21:00:21 - simplegraph - INFO - simplegraph.py:844 - Worker 2 å¯åŠ¨
2026-01-10 21:00:21 - simplegraph - INFO - simplegraph.py:920 - Merge Worker å¯åŠ¨ï¼ˆä¸²è¡Œå¤„ç†ï¼‰
